

##############################################
PALM: Prompt Learning in Audio Language Models
##############################################


Time & Date = 04:26 PM , 11_Jan_2026  GST



Model:    COCOOP
Dataset:  CREMA-D
Seed:     0




Loading Base and Novel Classnames ...

Creating a 16-shot dataset ...


################## Dataset Information ##################

FewShot Dataset
Root                      : /home/admin/asif.hanif/datasets/Audio-Datasets/CREMA-D
Split                     : train
Number of Classes         : 3
Number of Shots           : 16
Total Number of Samples   : 48
Classnames                : ['anger', 'disgust', 'sad']
Label to Classname        : {0: 'anger', 1: 'disgust', 2: 'sad'}
Classname to Label        : {'anger': 0, 'disgust': 1, 'sad': 2}


IMPORTANT: Training will be done only on base classes.

########################################################




################## Dataset Information ##################

Root                      : /home/admin/asif.hanif/datasets/Audio-Datasets/CREMA-D
Split                     : test
Number of Classes         : 3
Number of Shots           : -1
Total Number of Samples   : 431
Classnames                : ['anger', 'disgust', 'sad']
Label to Classname        : {0: 'anger', 1: 'disgust', 2: 'sad'}
Classname to Label        : {'anger': 0, 'disgust': 1, 'sad': 2}
########################################################


Using Method: 'COCOOP'



COCOOP: loading the weights of the pengi pre-trained audio and text encoders ...


Initializing a Generic Context for COCOOP ...

Arguments:

method_name              : cocoop
save_model               : True
save_model_path          : /home/admin/asif.hanif/models/zebra
save_model_abs_path      : None
load_model_path          : None
load_model_abs_path      : None
source_model_dataset     : None
eval_dataset             : CREMA-D
dataset_root             : /home/admin/asif.hanif/datasets/Audio-Datasets/CREMA-D
n_epochs                 : 50
start_epoch              : 0
freq_test_model          : 10
spec_aug                 : False
batch_size               : 16
lr                       : 0.05
seed                     : 0
eval_only                : False
eval_base                : True
eval_novel               : False
exp_name                 : CREMA-D
do_logging               : True
prompt_prefix            : The is a recording of 
n_ctx                    : 16
ctx_dim                  : 512
num_shots                : 16
resample                 : True
repeat                   : False
base_novel_all_classnames: {'base': ['anger', 'disgust', 'sad'], 'novel': ['fear', 'happy', 'neutral'], 'all': ['anger', 'disgust', 'fear', 'happy', 'neutral', 'sad']}
log_dir                  : logs/training/cocoop
json_file_path           : logs/training/cocoop/CREMA-D-SEED0-BASE.json
device                   : cuda
process_audio_fn         : <bound method PengiWrapper.preprocess_audio of <pengi.wrapper.PengiWrapper object at 0x794d1df223d0>>
classnames               : ['anger', 'disgust', 'sad']




  0%|          | 0/50 [00:00<?, ?it/s]
  2%|2         | 1/50 [00:04<03:16,  4.02s/it]
  4%|4         | 2/50 [00:07<03:06,  3.89s/it]
  6%|6         | 3/50 [00:11<02:59,  3.81s/it]
  8%|8         | 4/50 [00:15<02:56,  3.83s/it]

-------------------------------
Train Evaluation (Epoch 5/50)
-------------------------------

Accuracy        = 0.5208
F1-Score        = 0.5150
Precision       = 0.5402
Recall          = 0.5208
Average Loss    = 0.8513



 10%|#         | 5/50 [00:19<02:51,  3.82s/it]
 12%|#2        | 6/50 [00:23<02:49,  3.85s/it]
 14%|#4        | 7/50 [00:27<02:47,  3.89s/it]
 16%|#6        | 8/50 [00:30<02:43,  3.90s/it]
 18%|#8        | 9/50 [00:34<02:38,  3.87s/it]

-------------------------------
Train Evaluation (Epoch 10/50)
-------------------------------

Accuracy        = 0.6250
F1-Score        = 0.6222
Precision       = 0.6218
Recall          = 0.6250
Average Loss    = 0.7631




Evaluating the model (BASE only) ...
Batch 1/4
Batch 2/4
Batch 3/4
Batch 4/4


Time & Date = 04:27 PM , 11_Jan_2026  GST

Total Time => 0 Hours : 0 Minutes : 17 Seconds




-------------------------------
Test Evaluation
-------------------------------

Accuracy        = 0.4756
F1-Score        = 0.5086
Precision       = 0.5197
Recall          = 0.5323
Average Loss    = 0.9093



 20%|##        | 10/50 [00:56<06:09,  9.23s/it]
 22%|##2       | 11/50 [00:59<04:55,  7.58s/it]
 24%|##4       | 12/50 [01:03<04:04,  6.42s/it]
 26%|##6       | 13/50 [01:07<03:29,  5.65s/it]
 28%|##8       | 14/50 [01:11<03:03,  5.09s/it]

-------------------------------
Train Evaluation (Epoch 15/50)
-------------------------------

Accuracy        = 0.6458
F1-Score        = 0.6485
Precision       = 0.6541
Recall          = 0.6458
Average Loss    = 0.7751



 30%|###       | 15/50 [01:15<02:45,  4.73s/it]
 32%|###2      | 16/50 [01:19<02:32,  4.50s/it]
 34%|###4      | 17/50 [01:23<02:22,  4.33s/it]
 36%|###6      | 18/50 [01:26<02:14,  4.19s/it]
 38%|###8      | 19/50 [01:30<02:05,  4.06s/it]

-------------------------------
Train Evaluation (Epoch 20/50)
-------------------------------

Accuracy        = 0.7292
F1-Score        = 0.7348
Precision       = 0.7583
Recall          = 0.7292
Average Loss    = 0.6595




Evaluating the model (BASE only) ...
Batch 1/4
Batch 2/4
Batch 3/4
Batch 4/4


Time & Date = 04:28 PM , 11_Jan_2026  GST

Total Time => 0 Hours : 0 Minutes : 15 Seconds




-------------------------------
Test Evaluation
-------------------------------

Accuracy        = 0.5476
F1-Score        = 0.5475
Precision       = 0.5447
Recall          = 0.5922
Average Loss    = 0.9465



 40%|####      | 20/50 [01:50<04:22,  8.76s/it]
 42%|####2     | 21/50 [01:53<03:28,  7.18s/it]
 44%|####4     | 22/50 [01:57<02:50,  6.09s/it]
 46%|####6     | 23/50 [02:01<02:24,  5.34s/it]
 48%|####8     | 24/50 [02:04<02:05,  4.82s/it]

-------------------------------
Train Evaluation (Epoch 25/50)
-------------------------------

Accuracy        = 0.7917
F1-Score        = 0.7902
Precision       = 0.7898
Recall          = 0.7917
Average Loss    = 0.6207



 50%|#####     | 25/50 [02:08<01:51,  4.48s/it]
 52%|#####2    | 26/50 [02:11<01:41,  4.22s/it]
 54%|#####4    | 27/50 [02:15<01:33,  4.05s/it]
 56%|#####6    | 28/50 [02:19<01:27,  3.96s/it]
 58%|#####8    | 29/50 [02:23<01:21,  3.87s/it]

-------------------------------
Train Evaluation (Epoch 30/50)
-------------------------------

Accuracy        = 0.7500
F1-Score        = 0.7576
Precision       = 0.7778
Recall          = 0.7500
Average Loss    = 0.5894




Evaluating the model (BASE only) ...
Batch 1/4
Batch 2/4
Batch 3/4
Batch 4/4


Time & Date = 04:29 PM , 11_Jan_2026  GST

Total Time => 0 Hours : 0 Minutes : 16 Seconds




-------------------------------
Test Evaluation
-------------------------------

Accuracy        = 0.6148
F1-Score        = 0.5904
Precision       = 0.5785
Recall          = 0.6074
Average Loss    = 0.8416



 60%|######    | 30/50 [02:43<02:56,  8.80s/it]
 62%|######2   | 31/50 [02:47<02:18,  7.29s/it]
 64%|######4   | 32/50 [02:50<01:52,  6.24s/it]
 66%|######6   | 33/50 [02:54<01:33,  5.48s/it]
 68%|######8   | 34/50 [02:58<01:19,  4.99s/it]

-------------------------------
Train Evaluation (Epoch 35/50)
-------------------------------

Accuracy        = 0.7083
F1-Score        = 0.7083
Precision       = 0.7083
Recall          = 0.7083
Average Loss    = 0.6218



 70%|#######   | 35/50 [03:02<01:09,  4.64s/it]
 72%|#######2  | 36/50 [03:05<01:01,  4.36s/it]
 74%|#######4  | 37/50 [03:09<00:54,  4.20s/it]
 76%|#######6  | 38/50 [03:13<00:49,  4.09s/it]
 78%|#######8  | 39/50 [03:17<00:43,  3.96s/it]

-------------------------------
Train Evaluation (Epoch 40/50)
-------------------------------

Accuracy        = 0.7083
F1-Score        = 0.6959
Precision       = 0.7052
Recall          = 0.7083
Average Loss    = 0.5620




Evaluating the model (BASE only) ...
Batch 1/4
Batch 2/4
Batch 3/4
Batch 4/4


Time & Date = 04:30 PM , 11_Jan_2026  GST

Total Time => 0 Hours : 0 Minutes : 16 Seconds




-------------------------------
Test Evaluation
-------------------------------

Accuracy        = 0.6079
F1-Score        = 0.5567
Precision       = 0.5387
Recall          = 0.6030
Average Loss    = 0.8510



 80%|########  | 40/50 [03:37<01:29,  8.95s/it]
 82%|########2 | 41/50 [03:41<01:06,  7.41s/it]
 84%|########4 | 42/50 [03:45<00:50,  6.30s/it]
 86%|########6 | 43/50 [03:49<00:38,  5.57s/it]
 88%|########8 | 44/50 [03:52<00:29,  4.99s/it]

-------------------------------
Train Evaluation (Epoch 45/50)
-------------------------------

Accuracy        = 0.7292
F1-Score        = 0.7299
Precision       = 0.7333
Recall          = 0.7292
Average Loss    = 0.7625



 90%|######### | 45/50 [03:56<00:23,  4.63s/it]
 92%|#########2| 46/50 [04:00<00:17,  4.38s/it]
 94%|#########3| 47/50 [04:04<00:12,  4.20s/it]
 96%|#########6| 48/50 [04:08<00:08,  4.06s/it]
 98%|#########8| 49/50 [04:11<00:03,  3.91s/izebra

-------------------------------
Train Evaluation (Epoch 50/50)
-------------------------------

Accuracy        = 0.7083
F1-Score        = 0.7115
Precision       = 0.7297
Recall          = 0.7083
Average Loss    = 0.6466




Evaluating the model (BASE only) ...
Batch 1/4
Batch 2/4
Batch 3/4
Batch 4/4


Time & Date = 04:31 PM , 11_Jan_2026  GST

Total Time => 0 Hours : 0 Minutes : 17 Seconds




-------------------------------
Test Evaluation
-------------------------------

Accuracy        = 0.6311
F1-Score        = 0.5514
Precision       = 0.5417
Recall          = 0.5948
Average Loss    = 0.8272




Final Evaluation
Saving Results ...
Results Saved



100%|##########| 50/50 [04:33<00:00,  9.18s/it]
100%|##########| 50/50 [04:33<00:00,  5.46s/it]
Saving Context Weights for Method: 'COCOOP'

Model saved to /home/admin/asif.hanif/models/palm-base-novel/cocoop/CREMA-D-SEED0.pth


Time & Date = 04:31 PM , 11_Jan_2026  GST

Total Time => 0 Hours : 4 Minutes : 33 Seconds


