

##############################################
PALM: Prompt Learning in Audio Language Models
##############################################


Time & Date = 04:35 PM , 11_Jan_2026  GST



Model:    COCOOP
Dataset:  ESC50
Seed:     0




Loading Base and Novel Classnames ...

Creating a 16-shot dataset ...


################## Dataset Information ##################

FewShot Dataset
Root                      : /home/admin/asif.hanif/datasets/Audio-Datasets/ESC50
Split                     : train
Number of Classes         : 25
Number of Shots           : 16
Total Number of Samples   : 400
Classnames                : ['airplane', 'breathing', 'can opening', 'cat', 'chainsaw', 'clapping', 'clock alarm', 'cow', 'crackling fire', 'crow', 'crying baby', 'drinking sipping', 'engine', 'fireworks', 'footsteps', 'frog', 'hand saw', 'helicopter', 'mouse click', 'rooster', 'sneezing', 'snoring', 'vacuum cleaner', 'washing machine', 'wind']
Label to Classname        : {0: 'airplane', 1: 'breathing', 2: 'can opening', 3: 'cat', 4: 'chainsaw', 5: 'clapping', 6: 'clock alarm', 7: 'cow', 8: 'crackling fire', 9: 'crow', 10: 'crying baby', 11: 'drinking sipping', 12: 'engine', 13: 'fireworks', 14: 'footsteps', 15: 'frog', 16: 'hand saw', 17: 'helicopter', 18: 'mouse click', 19: 'rooster', 20: 'sneezing', 21: 'snoring', 22: 'vacuum cleaner', 23: 'washing machine', 24: 'wind'}
Classname to Label        : {'airplane': 0, 'breathing': 1, 'can opening': 2, 'cat': 3, 'chainsaw': 4, 'clapping': 5, 'clock alarm': 6, 'cow': 7, 'crackling fire': 8, 'crow': 9, 'crying baby': 10, 'drinking sipping': 11, 'engine': 12, 'fireworks': 13, 'footsteps': 14, 'frog': 15, 'hand saw': 16, 'helicopter': 17, 'mouse click': 18, 'rooster': 19, 'sneezing': 20, 'snoring': 21, 'vacuum cleaner': 22, 'washing machine': 23, 'wind': 24}


IMPORTANT: Training will be done only on base classes.

########################################################




################## Dataset Information ##################

Root                      : /home/admin/asif.hanif/datasets/Audio-Datasets/ESC50
Split                     : test
Number of Classes         : 25
Number of Shots           : -1
Total Number of Samples   : 200
Classnames                : ['airplane', 'breathing', 'can opening', 'cat', 'chainsaw', 'clapping', 'clock alarm', 'cow', 'crackling fire', 'crow', 'crying baby', 'drinking sipping', 'engine', 'fireworks', 'footsteps', 'frog', 'hand saw', 'helicopter', 'mouse click', 'rooster', 'sneezing', 'snoring', 'vacuum cleaner', 'washing machine', 'wind']
Label to Classname        : {0: 'airplane', 1: 'breathing', 2: 'can opening', 3: 'cat', 4: 'chainsaw', 5: 'clapping', 6: 'clock alarm', 7: 'cow', 8: 'crackling fire', 9: 'crow', 10: 'crying baby', 11: 'drinking sipping', 12: 'engine', 13: 'fireworks', 14: 'footsteps', 15: 'frog', 16: 'hand saw', 17: 'helicopter', 18: 'mouse click', 19: 'rooster', 20: 'sneezing', 21: 'snoring', 22: 'vacuum cleaner', 23: 'washing machine', 24: 'wind'}
Classname to Label        : {'airplane': 0, 'breathing': 1, 'can opening': 2, 'cat': 3, 'chainsaw': 4, 'clapping': 5, 'clock alarm': 6, 'cow': 7, 'crackling fire': 8, 'crow': 9, 'crying baby': 10, 'drinking sipping': 11, 'engine': 12, 'fireworks': 13, 'footsteps': 14, 'frog': 15, 'hand saw': 16, 'helicopter': 17, 'mouse click': 18, 'rooster': 19, 'sneezing': 20, 'snoring': 21, 'vacuum cleaner': 22, 'washing machine': 23, 'wind': 24}
########################################################


Using Method: 'COCOOP'



COCOOP: loading the weights of the pengi pre-trained audio and text encoders ...


Initializing a Generic Context for COCOOP ...

Arguments:

method_name              : cocoop
save_model               : True
save_model_path          : /home/admin/asif.hanif/models/zebra
save_model_abs_path      : None
load_model_path          : None
load_model_abs_path      : None
source_model_dataset     : None
eval_dataset             : ESC50
dataset_root             : /home/admin/asif.hanif/datasets/Audio-Datasets/ESC50
n_epochs                 : 50
start_epoch              : 0
freq_test_model          : 10
spec_aug                 : False
batch_size               : 16
lr                       : 0.05
seed                     : 0
eval_only                : False
eval_base                : True
eval_novel               : False
exp_name                 : ESC50
do_logging               : True
prompt_prefix            : The is a recording of 
n_ctx                    : 16
ctx_dim                  : 512
num_shots                : 16
resample                 : True
repeat                   : False
base_novel_all_classnames: {'base': ['airplane', 'breathing', 'can opening', 'cat', 'chainsaw', 'clapping', 'clock alarm', 'cow', 'crackling fire', 'crow', 'crying baby', 'drinking sipping', 'engine', 'fireworks', 'footsteps', 'frog', 'hand saw', 'helicopter', 'mouse click', 'rooster', 'sneezing', 'snoring', 'vacuum cleaner', 'washing machine', 'wind'], 'novel': ['brushing teeth', 'car horn', 'chirping birds', 'church bells', 'clock tick', 'coughing', 'crickets', 'dog', 'door wood creaks', 'door wood knock', 'glass breaking', 'hen', 'insects', 'keyboard typing', 'laughing', 'pig', 'pouring water', 'rain', 'sea waves', 'sheep', 'siren', 'thunderstorm', 'toilet flush', 'train', 'water drops'], 'all': ['airplane', 'breathing', 'brushing teeth', 'can opening', 'car horn', 'cat', 'chainsaw', 'chirping birds', 'church bells', 'clapping', 'clock alarm', 'clock tick', 'coughing', 'cow', 'crackling fire', 'crickets', 'crow', 'crying baby', 'dog', 'door wood creaks', 'door wood knock', 'drinking sipping', 'engine', 'fireworks', 'footsteps', 'frog', 'glass breaking', 'hand saw', 'helicopter', 'hen', 'insects', 'keyboard typing', 'laughing', 'mouse click', 'pig', 'pouring water', 'rain', 'rooster', 'sea waves', 'sheep', 'siren', 'sneezing', 'snoring', 'thunderstorm', 'toilet flush', 'train', 'vacuum cleaner', 'washing machine', 'water drops', 'wind']}
log_dir                  : logs/training/cocoop
json_file_path           : logs/training/cocoop/ESC50-SEED0-BASE.json
device                   : cuda
process_audio_fn         : <bound method PengiWrapper.preprocess_audio of <pengi.wrapper.PengiWrapper object at 0x7776c7b633d0>>
classnames               : ['airplane', 'breathing', 'can opening', 'cat', 'chainsaw', 'clapping', 'clock alarm', 'cow', 'crackling fire', 'crow', 'crying baby', 'drinking sipping', 'engine', 'fireworks', 'footsteps', 'frog', 'hand saw', 'helicopter', 'mouse click', 'rooster', 'sneezing', 'snoring', 'vacuum cleaner', 'washing machine', 'wind']




  0%|          | 0/50 [00:00<?, ?it/s]
  2%|2         | 1/50 [00:16<13:51, 16.97s/it]
  4%|4         | 2/50 [00:34<13:40, 17.10s/it]
  6%|6         | 3/50 [00:51<13:31, 17.27s/it]
  8%|8         | 4/50 [01:08<13:12, 17.23s/it]

-------------------------------
Train Evaluation (Epoch 5/50)
-------------------------------

Accuracy        = 0.8200
F1-Score        = 0.8196
Precision       = 0.8262
Recall          = 0.8200
Average Loss    = 0.5086



 10%|#         | 5/50 [01:26<12:55, 17.23s/it]
 12%|#2        | 6/50 [01:43<12:36, 17.20s/it]
 14%|#4        | 7/50 [01:59<12:13, 17.05s/it]
 16%|#6        | 8/50 [02:15<11:41, 16.71s/it]
 18%|#8        | 9/50 [02:32<11:20, 16.59s/it]

-------------------------------
Train Evaluation (Epoch 10/50)
-------------------------------

Accuracy        = 0.8625
F1-Score        = 0.8623
Precision       = 0.8655
Recall          = 0.8625
Average Loss    = 0.3844




Evaluating the model (BASE only) ...
Batch 1/2
Batch 2/2


Time & Date = 04:38 PM , 11_Jan_2026  GST

Total Time => 0 Hours : 0 Minutes : 4 Seconds




-------------------------------
Test Evaluation
-------------------------------

Accuracy        = 0.9200
F1-Score        = 0.9189
Precision       = 0.9321
Recall          = 0.9200
Average Loss    = 0.3513



 20%|##        | 10/50 [02:54<12:08, 18.21s/it]
 22%|##2       | 11/50 [03:11<11:35, 17.84s/it]
 24%|##4       | 12/50 [03:28<11:08, 17.60s/it]
 26%|##6       | 13/50 [03:45<10:44, 17.42s/it]
 28%|##8       | 14/50 [04:01<10:20, 17.24s/it]

-------------------------------
Train Evaluation (Epoch 15/50)
-------------------------------

Accuracy        = 0.9350
F1-Score        = 0.9352
Precision       = 0.9393
Recall          = 0.9350
Average Loss    = 0.2259



 30%|###       | 15/50 [04:18<09:57, 17.08s/it]
 32%|###2      | 16/50 [04:34<09:31, 16.80s/it]
 34%|###4      | 17/50 [04:51<09:10, 16.67s/it]
 36%|###6      | 18/50 [05:07<08:48, 16.50s/it]
 38%|###8      | 19/50 [05:23<08:31, 16.50s/it]

-------------------------------
Train Evaluation (Epoch 20/50)
-------------------------------

Accuracy        = 0.9500
F1-Score        = 0.9510
Precision       = 0.9551
Recall          = 0.9500
Average Loss    = 0.1712




Evaluating the model (BASE only) ...
Batch 1/2
Batch 2/2


Time & Date = 04:41 PM , 11_Jan_2026  GST

Total Time => 0 Hours : 0 Minutes : 4 Seconds




-------------------------------
Test Evaluation
-------------------------------

Accuracy        = 0.9300
F1-Score        = 0.9300
Precision       = 0.9431
Recall          = 0.9300
Average Loss    = 0.3294



 40%|####      | 20/50 [05:45<08:57, 17.93s/it]
 42%|####2     | 21/50 [06:01<08:25, 17.42s/it]
 44%|####4     | 22/50 [06:17<07:55, 16.98s/it]
 46%|####6     | 23/50 [06:33<07:34, 16.85s/it]
 48%|####8     | 24/50 [06:49<07:08, 16.47s/it]

-------------------------------
Train Evaluation (Epoch 25/50)
-------------------------------

Accuracy        = 0.9500
F1-Score        = 0.9497
Precision       = 0.9532
Recall          = 0.9500
Average Loss    = 0.1639



 50%|#####     | 25/50 [07:06<06:53, 16.54s/it]
 52%|#####2    | 26/50 [07:23<06:43, 16.81s/it]
 54%|#####4    | 27/50 [07:41<06:34, 17.17s/it]
 56%|#####6    | 28/50 [07:59<06:20, 17.29s/it]
 58%|#####8    | 29/50 [08:16<06:01, 17.20s/it]

-------------------------------
Train Evaluation (Epoch 30/50)
-------------------------------

Accuracy        = 0.9525
F1-Score        = 0.9531
Precision       = 0.9572
Recall          = 0.9525
Average Loss    = 0.1535




Evaluating the model (BASE only) ...
Batch 1/2
Batch 2/2


Time & Date = 04:43 PM , 11_Jan_2026  GST

Total Time => 0 Hours : 0 Minutes : 4 Seconds




-------------------------------
Test Evaluation
-------------------------------

Accuracy        = 0.8900
F1-Score        = 0.8864
Precision       = 0.9160
Recall          = 0.8900
Average Loss    = 0.3862



 60%|######    | 30/50 [08:38<06:14, 18.71s/it]
 62%|######2   | 31/50 [08:55<05:45, 18.21s/it]
 64%|######4   | 32/50 [09:12<05:22, 17.89s/it]
 66%|######6   | 33/50 [09:28<04:55, 17.41s/it]
 68%|######8   | 34/50 [09:45<04:37, 17.34s/it]

-------------------------------
Train Evaluation (Epoch 35/50)
-------------------------------

Accuracy        = 0.9750
F1-Score        = 0.9751
Precision       = 0.9763
Recall          = 0.9750
Average Loss    = 0.0816



 70%|#######   | 35/50 [10:03<04:20, 17.34s/it]
 72%|#######2  | 36/50 [10:20<04:01, 17.23s/it]
 74%|#######4  | 37/50 [10:37<03:43, 17.18s/it]
 76%|#######6  | 38/50 [10:54<03:25, 17.10s/it]
 78%|#######8  | 39/50 [11:11<03:08, 17.15s/it]

-------------------------------
Train Evaluation (Epoch 40/50)
-------------------------------

Accuracy        = 0.9800
F1-Score        = 0.9799
Precision       = 0.9814
Recall          = 0.9800
Average Loss    = 0.0770




Evaluating the model (BASE only) ...
Batch 1/2
Batch 2/2


Time & Date = 04:46 PM , 11_Jan_2026  GST

Total Time => 0 Hours : 0 Minutes : 4 Seconds




-------------------------------
Test Evaluation
-------------------------------

Accuracy        = 0.9400
F1-Score        = 0.9390
Precision       = 0.9473
Recall          = 0.9400
Average Loss    = 0.2192



 80%|########  | 40/50 [11:33<03:05, 18.59s/it]
 82%|########2 | 41/50 [11:50<02:43, 18.13s/it]
 84%|########4 | 42/50 [12:06<02:19, 17.43s/it]
 86%|########6 | 43/50 [12:23<02:00, 17.22s/it]
 88%|########8 | 44/50 [12:40<01:43, 17.22s/it]

-------------------------------
Train Evaluation (Epoch 45/50)
-------------------------------

Accuracy        = 0.9725
F1-Score        = 0.9720
Precision       = 0.9728
Recall          = 0.9725
Average Loss    = 0.1004



 90%|######### | 45/50 [12:57<01:25, 17.15s/it]
 92%|#########2| 46/50 [13:14<01:08, 17.20s/it]
 94%|#########3| 47/50 [13:31<00:51, 17.25s/izebra
 96%|#########6| 48/50 [13:48<00:34, 17.13s/it]
 98%|#########8| 49/50 [14:06<00:17, 17.29s/it]

-------------------------------
Train Evaluation (Epoch 50/50)
-------------------------------

Accuracy        = 0.9850
F1-Score        = 0.9851
Precision       = 0.9860
Recall          = 0.9850
Average Loss    = 0.0445




Evaluating the model (BASE only) ...
Batch 1/2
Batch 2/2


Time & Date = 04:49 PM , 11_Jan_2026  GST

Total Time => 0 Hours : 0 Minutes : 4 Seconds




-------------------------------
Test Evaluation
-------------------------------

Accuracy        = 0.9500
F1-Score        = 0.9486
Precision       = 0.9537
Recall          = 0.9500
Average Loss    = 0.2042




Final Evaluation
Saving Results ...
Results Saved



100%|##########| 50/50 [14:28<00:00, 18.82s/it]
100%|##########| 50/50 [14:28<00:00, 17.38s/it]
Saving Context Weights for Method: 'COCOOP'

Model saved to /home/admin/asif.hanif/models/palm-base-novel/cocoop/ESC50-SEED0.pth


Time & Date = 04:49 PM , 11_Jan_2026  GST

Total Time => 0 Hours : 14 Minutes : 28 Seconds


