

##############################################
PALM: Prompt Learning in Audio Language Models
##############################################


Time & Date = 04:31 PM , 11_Jan_2026  GST



Model:    COCOOP
Dataset:  ESC50-Actions
Seed:     0




Loading Base and Novel Classnames ...

Creating a 16-shot dataset ...


################## Dataset Information ##################

FewShot Dataset
Root                      : /home/admin/asif.hanif/datasets/Audio-Datasets/ESC50-Actions
Split                     : train
Number of Classes         : 5
Number of Shots           : 16
Total Number of Samples   : 80
Classnames                : ['breathing', 'brushing teeth', 'footsteps', 'laughing', 'snoring']
Label to Classname        : {0: 'breathing', 1: 'brushing teeth', 2: 'footsteps', 3: 'laughing', 4: 'snoring'}
Classname to Label        : {'breathing': 0, 'brushing teeth': 1, 'footsteps': 2, 'laughing': 3, 'snoring': 4}


IMPORTANT: Training will be done only on base classes.

########################################################




################## Dataset Information ##################

Root                      : /home/admin/asif.hanif/datasets/Audio-Datasets/ESC50-Actions
Split                     : test
Number of Classes         : 5
Number of Shots           : -1
Total Number of Samples   : 40
Classnames                : ['breathing', 'brushing teeth', 'footsteps', 'laughing', 'snoring']
Label to Classname        : {0: 'breathing', 1: 'brushing teeth', 2: 'footsteps', 3: 'laughing', 4: 'snoring'}
Classname to Label        : {'breathing': 0, 'brushing teeth': 1, 'footsteps': 2, 'laughing': 3, 'snoring': 4}
########################################################


Using Method: 'COCOOP'



COCOOP: loading the weights of the pengi pre-trained audio and text encoders ...


Initializing a Generic Context for COCOOP ...

Arguments:

method_name              : cocoop
save_model               : True
save_model_path          : /home/admin/asif.hanif/models/zebra
save_model_abs_path      : None
load_model_path          : None
load_model_abs_path      : None
source_model_dataset     : None
eval_dataset             : ESC50-Actions
dataset_root             : /home/admin/asif.hanif/datasets/Audio-Datasets/ESC50-Actions
n_epochs                 : 50
start_epoch              : 0
freq_test_model          : 10
spec_aug                 : False
batch_size               : 16
lr                       : 0.05
seed                     : 0
eval_only                : False
eval_base                : True
eval_novel               : False
exp_name                 : ESC50-Actions
do_logging               : True
prompt_prefix            : The is a recording of 
n_ctx                    : 16
ctx_dim                  : 512
num_shots                : 16
resample                 : True
repeat                   : False
base_novel_all_classnames: {'base': ['breathing', 'brushing teeth', 'footsteps', 'laughing', 'snoring'], 'novel': ['clapping', 'coughing', 'crying baby', 'drinking sipping', 'sneezing'], 'all': ['breathing', 'brushing teeth', 'clapping', 'coughing', 'crying baby', 'drinking sipping', 'footsteps', 'laughing', 'sneezing', 'snoring']}
log_dir                  : logs/training/cocoop
json_file_path           : logs/training/cocoop/ESC50-Actions-SEED0-BASE.json
device                   : cuda
process_audio_fn         : <bound method PengiWrapper.preprocess_audio of <pengi.wrapper.PengiWrapper object at 0x760db1d623d0>>
classnames               : ['breathing', 'brushing teeth', 'footsteps', 'laughing', 'snoring']




  0%|          | 0/50 [00:00<?, ?it/s]
  2%|2         | 1/50 [00:04<03:20,  4.10s/it]
  4%|4         | 2/50 [00:07<03:07,  3.90s/it]
  6%|6         | 3/50 [00:11<03:03,  3.91s/it]
  8%|8         | 4/50 [00:15<02:59,  3.91s/it]

-------------------------------
Train Evaluation (Epoch 5/50)
-------------------------------

Accuracy        = 0.9250
F1-Score        = 0.9224
Precision       = 0.9308
Recall          = 0.9250
Average Loss    = 0.2367



 10%|#         | 5/50 [00:19<02:57,  3.95s/it]
 12%|#2        | 6/50 [00:23<02:57,  4.04s/it]
 14%|#4        | 7/50 [00:27<02:53,  4.04s/it]
 16%|#6        | 8/50 [00:31<02:49,  4.04s/it]
 18%|#8        | 9/50 [00:36<02:45,  4.04s/it]

-------------------------------
Train Evaluation (Epoch 10/50)
-------------------------------

Accuracy        = 0.9875
F1-Score        = 0.9875
Precision       = 0.9882
Recall          = 0.9875
Average Loss    = 0.0716




Evaluating the model (BASE only) ...
Batch 1/1


Time & Date = 04:32 PM , 11_Jan_2026  GST

Total Time => 0 Hours : 0 Minutes : 1 Seconds




-------------------------------
Test Evaluation
-------------------------------

Accuracy        = 0.9750
F1-Score        = 0.9749
Precision       = 0.9778
Recall          = 0.9750
Average Loss    = 0.0800



 20%|##        | 10/50 [00:41<03:00,  4.50s/it]
 22%|##2       | 11/50 [00:45<02:49,  4.34s/it]
 24%|##4       | 12/50 [00:49<02:41,  4.24s/it]
 26%|##6       | 13/50 [00:53<02:35,  4.19s/it]
 28%|##8       | 14/50 [00:57<02:28,  4.12s/it]

-------------------------------
Train Evaluation (Epoch 15/50)
-------------------------------

Accuracy        = 0.9875
F1-Score        = 0.9875
Precision       = 0.9882
Recall          = 0.9875
Average Loss    = 0.0333



 30%|###       | 15/50 [01:01<02:23,  4.09s/it]
 32%|###2      | 16/50 [01:05<02:16,  4.02s/it]
 34%|###4      | 17/50 [01:09<02:12,  4.00s/it]
 36%|###6      | 18/50 [01:13<02:07,  4.00s/it]
 38%|###8      | 19/50 [01:17<02:03,  3.98s/it]

-------------------------------
Train Evaluation (Epoch 20/50)
-------------------------------

Accuracy        = 0.9750
F1-Score        = 0.9750
Precision       = 0.9765
Recall          = 0.9750
Average Loss    = 0.0506




Evaluating the model (BASE only) ...
Batch 1/1


Time & Date = 04:32 PM , 11_Jan_2026  GST

Total Time => 0 Hours : 0 Minutes : 1 Seconds




-------------------------------
Test Evaluation
-------------------------------

Accuracy        = 0.9750
F1-Score        = 0.9749
Precision       = 0.9778
Recall          = 0.9750
Average Loss    = 0.0383



 40%|####      | 20/50 [01:22<02:13,  4.46s/it]
 42%|####2     | 21/50 [01:26<02:05,  4.33s/it]
 44%|####4     | 22/50 [01:31<01:59,  4.27s/it]
 46%|####6     | 23/50 [01:35<01:52,  4.18s/it]
 48%|####8     | 24/50 [01:39<01:46,  4.11s/it]

-------------------------------
Train Evaluation (Epoch 25/50)
-------------------------------

Accuracy        = 1.0000
F1-Score        = 1.0000
Precision       = 1.0000
Recall          = 1.0000
Average Loss    = 0.0282



 50%|#####     | 25/50 [01:43<01:42,  4.11s/it]
 52%|#####2    | 26/50 [01:47<01:38,  4.09s/it]
 54%|#####4    | 27/50 [01:51<01:33,  4.07s/it]
 56%|#####6    | 28/50 [01:55<01:28,  4.02s/it]
 58%|#####8    | 29/50 [01:59<01:25,  4.06s/it]

-------------------------------
Train Evaluation (Epoch 30/50)
-------------------------------

Accuracy        = 1.0000
F1-Score        = 1.0000
Precision       = 1.0000
Recall          = 1.0000
Average Loss    = 0.0240




Evaluating the model (BASE only) ...
Batch 1/1


Time & Date = 04:33 PM , 11_Jan_2026  GST

Total Time => 0 Hours : 0 Minutes : 1 Seconds




-------------------------------
Test Evaluation
-------------------------------

Accuracy        = 0.9750
F1-Score        = 0.9749
Precision       = 0.9778
Recall          = 0.9750
Average Loss    = 0.0539



 60%|######    | 30/50 [02:04<01:29,  4.47s/it]
 62%|######2   | 31/50 [02:08<01:22,  4.32s/it]
 64%|######4   | 32/50 [02:12<01:15,  4.19s/it]
 66%|######6   | 33/50 [02:16<01:10,  4.15s/it]
 68%|######8   | 34/50 [02:20<01:05,  4.12s/it]

-------------------------------
Train Evaluation (Epoch 35/50)
-------------------------------

Accuracy        = 1.0000
F1-Score        = 1.0000
Precision       = 1.0000
Recall          = 1.0000
Average Loss    = 0.0096



 70%|#######   | 35/50 [02:24<01:01,  4.13s/it]
 72%|#######2  | 36/50 [02:28<00:57,  4.08s/it]
 74%|#######4  | 37/50 [02:33<00:54,  4.16s/it]
 76%|#######6  | 38/50 [02:37<00:49,  4.12s/it]
 78%|#######8  | 39/50 [02:41<00:45,  4.13s/it]

-------------------------------
Train Evaluation (Epoch 40/50)
-------------------------------

Accuracy        = 1.0000
F1-Score        = 1.0000
Precision       = 1.0000
Recall          = 1.0000
Average Loss    = 0.0122




Evaluating the model (BASE only) ...
Batch 1/1


Time & Date = 04:34 PM , 11_Jan_2026  GST

Total Time => 0 Hours : 0 Minutes : 1 Seconds




-------------------------------
Test Evaluation
-------------------------------

Accuracy        = 1.0000
F1-Score        = 1.0000
Precision       = 1.0000
Recall          = 1.0000
Average Loss    = 0.0315



 80%|########  | 40/50 [02:46<00:45,  4.58s/it]
 82%|########2 | 41/50 [02:50<00:39,  4.42s/it]
 84%|########4 | 42/50 [02:55<00:34,  4.32s/it]
 86%|########6 | 43/50 [02:58<00:29,  4.17s/it]
 88%|########8 | 44/50 [03:02<00:24,  4.10s/it]

-------------------------------
Train Evaluation (Epoch 45/50)
-------------------------------

Accuracy        = 0.9875
F1-Score        = 0.9875
Precision       = 0.9882
Recall          = 0.9875
Average Loss    = 0.0311



 90%|######### | 45/50 [03:06<00:20,  4.10s/it]
 92%|#########2| 46/50 [03:10<00:16,  4.08s/izebra
 94%|#########3| 47/50 [03:15<00:12,  4.12s/it]
 96%|#########6| 48/50 [03:19<00:08,  4.05s/it]
 98%|#########8| 49/50 [03:23<00:04,  4.07s/it]

-------------------------------
Train Evaluation (Epoch 50/50)
-------------------------------

Accuracy        = 1.0000
F1-Score        = 1.0000
Precision       = 1.0000
Recall          = 1.0000
Average Loss    = 0.0162




Evaluating the model (BASE only) ...
Batch 1/1


Time & Date = 04:34 PM , 11_Jan_2026  GST

Total Time => 0 Hours : 0 Minutes : 1 Seconds




-------------------------------
Test Evaluation
-------------------------------

Accuracy        = 1.0000
F1-Score        = 1.0000
Precision       = 1.0000
Recall          = 1.0000
Average Loss    = 0.0268




Final Evaluation
Saving Results ...
Results Saved



100%|##########| 50/50 [03:28<00:00,  4.55s/it]
100%|##########| 50/50 [03:28<00:00,  4.18s/it]
Saving Context Weights for Method: 'COCOOP'

Model saved to /home/admin/asif.hanif/models/palm-base-novel/cocoop/ESC50-Actions-SEED0.pth


Time & Date = 04:34 PM , 11_Jan_2026  GST

Total Time => 0 Hours : 3 Minutes : 28 Seconds


