

##############################################
PALM: Prompt Learning in Audio Language Models
##############################################


Time & Date = 12:02 PM , 12_Feb_2026  GST



Model:    COCOOP
Dataset:  ICBHI
Seed:     0




Loading Base and Novel Classnames ...

Creating a 16-shot dataset ...


################## Dataset Information ##################

FewShot Dataset
Root                      : /home/admin/asif.hanif/datasets/Audio-Datasets/ICBHI
Split                     : train
Number of Classes         : 3
Number of Shots           : 16
Total Number of Samples   : 44
Classnames                : ['Bronchiectasis', 'Chronic Obstructive Pulmonary Disease', 'Healthy']
Label to Classname        : {0: 'Bronchiectasis', 1: 'Chronic Obstructive Pulmonary Disease', 2: 'Healthy'}
Classname to Label        : {'Bronchiectasis': 0, 'Chronic Obstructive Pulmonary Disease': 1, 'Healthy': 2}


IMPORTANT: Training will be done only on base classes.

########################################################




################## Dataset Information ##################

Root                      : /home/admin/asif.hanif/datasets/Audio-Datasets/ICBHI
Split                     : test
Number of Classes         : 3
Number of Shots           : -1
Total Number of Samples   : 170
Classnames                : ['Bronchiectasis', 'Chronic Obstructive Pulmonary Disease', 'Healthy']
Label to Classname        : {0: 'Bronchiectasis', 1: 'Chronic Obstructive Pulmonary Disease', 2: 'Healthy'}
Classname to Label        : {'Bronchiectasis': 0, 'Chronic Obstructive Pulmonary Disease': 1, 'Healthy': 2}
########################################################


Using Method: 'COCOOP'



COCOOP: loading the weights of the pengi pre-trained audio and text encoders ...


Initializing a Generic Context for COCOOP ...

Arguments:

method_name              : cocoop
save_model               : True
save_model_path          : /home/admin/asif.hanif/models/zebra
save_model_abs_path      : None
load_model_path          : None
load_model_abs_path      : None
source_model_dataset     : None
eval_dataset             : ICBHI
dataset_root             : /home/admin/asif.hanif/datasets/Audio-Datasets/ICBHI
n_epochs                 : 50
start_epoch              : 0
freq_test_model          : 10
eval_last_epoch_only     : True
spec_aug                 : False
batch_size               : 16
lr                       : 0.05
seed                     : 0
eval_only                : False
eval_type                : base
exp_name                 : ICBHI
do_logging               : True
prompt_prefix            : The is a recording of 
n_ctx                    : 16
ctx_dim                  : 512
num_shots                : 16
resample                 : True
repeat                   : False
base_novel_all_classnames: {'base': ['Bronchiectasis', 'Chronic Obstructive Pulmonary Disease', 'Healthy'], 'novel': ['Upper Respiratory Tract Infection', 'Pneumonia', 'Bronchiolitis'], 'all': ['Upper Respiratory Tract Infection', 'Healthy', 'Chronic Obstructive Pulmonary Disease', 'Bronchiectasis', 'Pneumonia', 'Bronchiolitis']}
log_dir                  : logs/training/cocoop
json_file_path           : logs/training/cocoop/ICBHI-SEED0-BASE.json
device                   : cuda
process_audio_fn         : <bound method PengiWrapper.preprocess_audio of <pengi.wrapper.PengiWrapper object at 0x78d23ad640a0>>
classnames               : ['Bronchiectasis', 'Chronic Obstructive Pulmonary Disease', 'Healthy']




  0%|          | 0/50 [00:00<?, ?it/s]
  2%|2         | 1/50 [00:02<01:54,  2.33s/it]
  4%|4         | 2/50 [00:04<01:48,  2.26s/it]
  6%|6         | 3/50 [00:06<01:44,  2.22s/it]
  8%|8         | 4/50 [00:08<01:40,  2.19s/it]

-------------------------------
Train Evaluation (Epoch 5/50 -- BASE)
-------------------------------

Accuracy        = 0.7045
F1-Score        = 0.6850
Precision       = 0.6901
Recall          = 0.6875
Average Loss    = 0.6736



 10%|#         | 5/50 [00:11<01:38,  2.19s/it]
 12%|#2        | 6/50 [00:13<01:35,  2.18s/it]
 14%|#4        | 7/50 [00:15<01:35,  2.22s/it]
 16%|#6        | 8/50 [00:17<01:32,  2.20s/it]
 18%|#8        | 9/50 [00:19<01:29,  2.19s/it]

-------------------------------
Train Evaluation (Epoch 10/50 -- BASE)
-------------------------------

Accuracy        = 0.8182
F1-Score        = 0.8203
Precision       = 0.8311
Recall          = 0.8194
Average Loss    = 0.4782



 20%|##        | 10/50 [00:22<01:27,  2.19s/it]
 22%|##2       | 11/50 [00:24<01:25,  2.18s/it]
 24%|##4       | 12/50 [00:26<01:23,  2.21s/it]
 26%|##6       | 13/50 [00:28<01:21,  2.21s/it]
 28%|##8       | 14/50 [00:30<01:20,  2.24s/it]

-------------------------------
Train Evaluation (Epoch 15/50 -- BASE)
-------------------------------

Accuracy        = 0.8409
F1-Score        = 0.8452
Precision       = 0.8423
Recall          = 0.8542
Average Loss    = 0.3405



 30%|###       | 15/50 [00:33<01:18,  2.25s/it]
 32%|###2      | 16/50 [00:35<01:16,  2.26s/it]
 34%|###4      | 17/50 [00:37<01:14,  2.27s/it]
 36%|###6      | 18/50 [00:40<01:11,  2.24s/it]
 38%|###8      | 19/50 [00:42<01:09,  2.24s/it]

-------------------------------
Train Evaluation (Epoch 20/50 -- BASE)
-------------------------------

Accuracy        = 0.8636
F1-Score        = 0.8636
Precision       = 0.8782
Recall          = 0.8750
Average Loss    = 0.4414



 40%|####      | 20/50 [00:44<01:06,  2.23s/it]
 42%|####2     | 21/50 [00:46<01:04,  2.23s/it]
 44%|####4     | 22/50 [00:48<01:01,  2.21s/it]
 46%|####6     | 23/50 [00:51<00:59,  2.20s/it]
 48%|####8     | 24/50 [00:53<00:57,  2.20s/it]

-------------------------------
Train Evaluation (Epoch 25/50 -- BASE)
-------------------------------

Accuracy        = 0.8636
F1-Score        = 0.8490
Precision       = 0.8569
Recall          = 0.8472
Average Loss    = 0.5141



 50%|#####     | 25/50 [00:55<00:54,  2.20s/it]
 52%|#####2    | 26/50 [00:57<00:52,  2.19s/it]
 54%|#####4    | 27/50 [00:59<00:50,  2.21s/it]
 56%|#####6    | 28/50 [01:02<00:49,  2.24s/it]
 58%|#####8    | 29/50 [01:04<00:46,  2.23s/it]

-------------------------------
Train Evaluation (Epoch 30/50 -- BASE)
-------------------------------

Accuracy        = 0.8864
F1-Score        = 0.8873
Precision       = 0.8899
Recall          = 0.8889
Average Loss    = 0.2705



 60%|######    | 30/50 [01:06<00:44,  2.22s/it]
 62%|######2   | 31/50 [01:08<00:42,  2.22s/it]
 64%|######4   | 32/50 [01:10<00:39,  2.22s/it]
 66%|######6   | 33/50 [01:13<00:37,  2.22s/it]
 68%|######8   | 34/50 [01:15<00:35,  2.20s/it]

-------------------------------
Train Evaluation (Epoch 35/50 -- BASE)
-------------------------------

Accuracy        = 0.8636
F1-Score        = 0.8542
Precision       = 0.8579
Recall          = 0.8542
Average Loss    = 0.4664



 70%|#######   | 35/50 [01:17<00:32,  2.20s/it]
 72%|#######2  | 36/50 [01:19<00:31,  2.22s/it]
 74%|#######4  | 37/50 [01:22<00:28,  2.21s/it]
 76%|#######6  | 38/50 [01:24<00:26,  2.23s/it]
 78%|#######8  | 39/50 [01:26<00:24,  2.22s/it]

-------------------------------
Train Evaluation (Epoch 40/50 -- BASE)
-------------------------------

Accuracy        = 0.9318
F1-Score        = 0.9304
Precision       = 0.9352
Recall          = 0.9306
Average Loss    = 0.2414



 80%|########  | 40/50 [01:28<00:22,  2.23s/it]
 82%|########2 | 41/50 [01:30<00:19,  2.21s/it]
 84%|########4 | 42/50 [01:33<00:17,  2.21s/it]
 86%|########6 | 43/50 [01:35<00:15,  2.20s/it]
 88%|########8 | 44/50 [01:37<00:13,  2.21s/it]

-------------------------------
Train Evaluation (Epoch 45/50 -- BASE)
-------------------------------

Accuracy        = 0.8864
F1-Score        = 0.8853
Precision       = 0.8857
Recall          = 0.8889
Average Loss    = 0.2503



 90%|######### | 45/50 [01:39<00:11,  2.23s/it]
 92%|#########2| 46/50 [01:42<00:08,  2.24s/it]
 94%|#########3| 47/50 [01:44<00:06,  2.22s/it]
 96%|#########6| 48/50 [01:46<00:04,  2.26s/izebra
 98%|#########8| 49/50 [01:48<00:02,  2.24s/it]

-------------------------------
Train Evaluation (Epoch 50/50 -- BASE)
-------------------------------

Accuracy        = 0.9091
F1-Score        = 0.9075
Precision       = 0.9095
Recall          = 0.9097
Average Loss    = 0.2173




Evaluating the model (BASE only) ...
Batch 1/3
Batch 2/3
Batch 3/3


Time & Date = 12:04 PM , 12_Feb_2026  GST

Total Time => 0 Hours : 0 Minutes : 4 Seconds




-------------------------------
Test Evaluation -- BASE
-------------------------------

Accuracy        = 0.7941
F1-Score        = 0.5330
Precision       = 0.4841
Recall          = 0.8356
Average Loss    = 0.6402




Final Evaluation
Saving Results ...
Results Saved



100%|##########| 50/50 [01:55<00:00,  3.46s/it]
100%|##########| 50/50 [01:55<00:00,  2.30s/it]
Saving Context Weights for Method: 'COCOOP'

Model saved to /home/admin/asif.hanif/models/palm-base-novel/cocoop/ICBHI-SEED0.pth


Time & Date = 12:04 PM , 12_Feb_2026  GST

Total Time => 0 Hours : 1 Minutes : 55 Seconds


