

##############################################
PALM: Prompt Learning in Audio Language Models
##############################################


Time & Date = 05:07 PM , 11_Jan_2026  GST



Model:    COCOOP
Dataset:  SESA
Seed:     0




Loading Base and Novel Classnames ...

Creating a 16-shot dataset ...


################## Dataset Information ##################

FewShot Dataset
Root                      : /home/admin/asif.hanif/datasets/Audio-Datasets/SESA
Split                     : train
Number of Classes         : 2
Number of Shots           : 16
Total Number of Samples   : 32
Classnames                : ['casual', 'siren']
Label to Classname        : {0: 'casual', 1: 'siren'}
Classname to Label        : {'casual': 0, 'siren': 1}


IMPORTANT: Training will be done only on base classes.

########################################################




################## Dataset Information ##################

Root                      : /home/admin/asif.hanif/datasets/Audio-Datasets/SESA
Split                     : test
Number of Classes         : 2
Number of Shots           : -1
Total Number of Samples   : 45
Classnames                : ['casual', 'siren']
Label to Classname        : {0: 'casual', 1: 'siren'}
Classname to Label        : {'casual': 0, 'siren': 1}
########################################################


Using Method: 'COCOOP'



COCOOP: loading the weights of the pengi pre-trained audio and text encoders ...


Initializing a Generic Context for COCOOP ...

Arguments:

method_name              : cocoop
save_model               : True
save_model_path          : /home/admin/asif.hanif/models/zebra
save_model_abs_path      : None
load_model_path          : None
load_model_abs_path      : None
source_model_dataset     : None
eval_dataset             : SESA
dataset_root             : /home/admin/asif.hanif/datasets/Audio-Datasets/SESA
n_epochs                 : 50
start_epoch              : 0
freq_test_model          : 10
eval_last_epoch_only     : False
spec_aug                 : False
batch_size               : 16
lr                       : 0.05
seed                     : 0
eval_only                : False
eval_type                : None
eval_base                : True
eval_novel               : False
exp_name                 : SESA
do_logging               : True
prompt_prefix            : The is a recording of 
n_ctx                    : 16
ctx_dim                  : 512
num_shots                : 16
resample                 : True
repeat                   : False
base_novel_all_classnames: {'base': ['casual', 'siren'], 'novel': ['explosion', 'gunshot'], 'all': ['casual', 'explosion', 'gunshot', 'siren']}
log_dir                  : logs/training/cocoop
json_file_path           : logs/training/cocoop/SESA-SEED0-BASE.json
device                   : cuda
process_audio_fn         : <bound method PengiWrapper.preprocess_audio of <pengi.wrapper.PengiWrapper object at 0x7b189a9cae80>>
classnames               : ['casual', 'siren']




  0%|          | 0/50 [00:00<?, ?it/s]
  2%|2         | 1/50 [00:02<02:24,  2.96s/it]
  4%|4         | 2/50 [00:05<02:20,  2.94s/it]
  6%|6         | 3/50 [00:08<02:15,  2.87s/it]
  8%|8         | 4/50 [00:11<02:12,  2.88s/it]

-------------------------------
Train Evaluation (Epoch 5/50)
-------------------------------

Accuracy        = 0.8750
F1-Score        = 0.8745
Precision       = 0.8810
Recall          = 0.8750
Average Loss    = 0.3537



 10%|#         | 5/50 [00:14<02:08,  2.86s/it]
 12%|#2        | 6/50 [00:17<02:05,  2.85s/it]
 14%|#4        | 7/50 [00:20<02:02,  2.85s/it]
 16%|#6        | 8/50 [00:22<02:00,  2.86s/it]
 18%|#8        | 9/50 [00:25<01:56,  2.85s/it]

-------------------------------
Train Evaluation (Epoch 10/50)
-------------------------------

Accuracy        = 0.7500
F1-Score        = 0.7490
Precision       = 0.7540
Recall          = 0.7500
Average Loss    = 0.4375




Evaluating the model (BASE only) ...
Batch 1/1


Time & Date = 05:08 PM , 11_Jan_2026  GST

Total Time => 0 Hours : 0 Minutes : 4 Seconds




-------------------------------
Test Evaluation
-------------------------------

Accuracy        = 0.9111
F1-Score        = 0.9074
Precision       = 0.9000
Recall          = 0.9310
Average Loss    = 0.2288



 20%|##        | 10/50 [00:32<02:43,  4.10s/it]
 22%|##2       | 11/50 [00:35<02:25,  3.72s/it]
 24%|##4       | 12/50 [00:38<02:10,  3.43s/it]
 26%|##6       | 13/50 [00:41<01:59,  3.24s/it]
 28%|##8       | 14/50 [00:43<01:51,  3.10s/it]

-------------------------------
Train Evaluation (Epoch 15/50)
-------------------------------

Accuracy        = 0.9062
F1-Score        = 0.9062
Precision       = 0.9078
Recall          = 0.9062
Average Loss    = 0.1867



 30%|###       | 15/50 [00:46<01:45,  3.01s/it]
 32%|###2      | 16/50 [00:49<01:39,  2.94s/it]
 34%|###4      | 17/50 [00:52<01:35,  2.89s/it]
 36%|###6      | 18/50 [00:55<01:31,  2.85s/it]
 38%|###8      | 19/50 [00:57<01:27,  2.82s/it]

-------------------------------
Train Evaluation (Epoch 20/50)
-------------------------------

Accuracy        = 0.9062
F1-Score        = 0.9054
Precision       = 0.9211
Recall          = 0.9062
Average Loss    = 0.2780




Evaluating the model (BASE only) ...
Batch 1/1


Time & Date = 05:08 PM , 11_Jan_2026  GST

Total Time => 0 Hours : 0 Minutes : 3 Seconds




-------------------------------
Test Evaluation
-------------------------------

Accuracy        = 0.9333
F1-Score        = 0.9299
Precision       = 0.9211
Recall          = 0.9483
Average Loss    = 0.1247



 40%|####      | 20/50 [01:04<01:59,  3.97s/it]
 42%|####2     | 21/50 [01:07<01:44,  3.60s/it]
 44%|####4     | 22/50 [01:09<01:33,  3.35s/it]
 46%|####6     | 23/50 [01:12<01:26,  3.20s/it]
 48%|####8     | 24/50 [01:15<01:21,  3.13s/it]

-------------------------------
Train Evaluation (Epoch 25/50)
-------------------------------

Accuracy        = 0.9062
F1-Score        = 0.9062
Precision       = 0.9078
Recall          = 0.9062
Average Loss    = 0.1840



 50%|#####     | 25/50 [01:18<01:16,  3.07s/it]
 52%|#####2    | 26/50 [01:21<01:12,  3.03s/it]
 54%|#####4    | 27/50 [01:24<01:08,  2.97s/it]
 56%|#####6    | 28/50 [01:27<01:04,  2.94s/it]
 58%|#####8    | 29/50 [01:30<01:00,  2.90s/it]

-------------------------------
Train Evaluation (Epoch 30/50)
-------------------------------

Accuracy        = 1.0000
F1-Score        = 1.0000
Precision       = 1.0000
Recall          = 1.0000
Average Loss    = 0.0768




Evaluating the model (BASE only) ...
Batch 1/1


Time & Date = 05:09 PM , 11_Jan_2026  GST

Total Time => 0 Hours : 0 Minutes : 3 Seconds




-------------------------------
Test Evaluation
-------------------------------

Accuracy        = 0.8889
F1-Score        = 0.8831
Precision       = 0.8755
Recall          = 0.8998
Average Loss    = 0.1702



 60%|######    | 30/50 [01:36<01:19,  4.00s/it]
 62%|######2   | 31/50 [01:39<01:08,  3.63s/it]
 64%|######4   | 32/50 [01:42<01:01,  3.41s/it]
 66%|######6   | 33/50 [01:45<00:55,  3.25s/it]
 68%|######8   | 34/50 [01:47<00:49,  3.12s/it]

-------------------------------
Train Evaluation (Epoch 35/50)
-------------------------------

Accuracy        = 0.9688
F1-Score        = 0.9687
Precision       = 0.9706
Recall          = 0.9688
Average Loss    = 0.0668



 70%|#######   | 35/50 [01:50<00:46,  3.07s/it]
 72%|#######2  | 36/50 [01:53<00:42,  3.05s/it]
 74%|#######4  | 37/50 [01:56<00:39,  3.01s/it]
 76%|#######6  | 38/50 [01:59<00:36,  3.00s/it]
 78%|#######8  | 39/50 [02:02<00:33,  3.03s/it]

-------------------------------
Train Evaluation (Epoch 40/50)
-------------------------------

Accuracy        = 1.0000
F1-Score        = 1.0000
Precision       = 1.0000
Recall          = 1.0000
Average Loss    = 0.0357




Evaluating the model (BASE only) ...
Batch 1/1


Time & Date = 05:09 PM , 11_Jan_2026  GST

Total Time => 0 Hours : 0 Minutes : 4 Seconds




-------------------------------
Test Evaluation
-------------------------------

Accuracy        = 0.8889
F1-Score        = 0.8853
Precision       = 0.8810
Recall          = 0.9138
Average Loss    = 0.1852



 80%|########  | 40/50 [02:10<00:43,  4.36s/it]
 82%|########2 | 41/50 [02:13<00:35,  3.98s/it]
 84%|########4 | 42/50 [02:16<00:29,  3.67s/it]
 86%|########6 | 43/50 [02:19<00:24,  3.44s/it]
 88%|########8 | 44/50 [02:22<00:19,  3.24s/it]

-------------------------------
Train Evaluation (Epoch 45/50)
-------------------------------

Accuracy        = 1.0000
F1-Score        = 1.0000
Precision       = 1.0000
Recall          = 1.0000
Average Loss    = 0.0132



 90%|######### | 45/50 [02:24<00:15,  3.11s/it]
 92%|#########2| 46/50 [02:27<00:12,  3.03s/izebra
 94%|#########3| 47/50 [02:30<00:08,  2.95s/it]
 96%|#########6| 48/50 [02:33<00:05,  2.97s/it]
 98%|#########8| 49/50 [02:36<00:03,  3.00s/it]

-------------------------------
Train Evaluation (Epoch 50/50)
-------------------------------

Accuracy        = 1.0000
F1-Score        = 1.0000
Precision       = 1.0000
Recall          = 1.0000
Average Loss    = 0.0220




Evaluating the model (BASE only) ...
Batch 1/1


Time & Date = 05:10 PM , 11_Jan_2026  GST

Total Time => 0 Hours : 0 Minutes : 4 Seconds




-------------------------------
Test Evaluation
-------------------------------

Accuracy        = 0.9111
F1-Score        = 0.9074
Precision       = 0.9000
Recall          = 0.9310
Average Loss    = 0.1381




Final Evaluation
Saving Results ...
Results Saved



100%|##########| 50/50 [02:43<00:00,  4.18s/it]
100%|##########| 50/50 [02:43<00:00,  3.27s/it]
Saving Context Weights for Method: 'COCOOP'

Model saved to /home/admin/asif.hanif/models/palm-base-novel/cocoop/SESA-SEED0.pth


Time & Date = 05:10 PM , 11_Jan_2026  GST

Total Time => 0 Hours : 2 Minutes : 43 Seconds


