

##############################################
PALM: Prompt Learning in Audio Language Models
##############################################


Time & Date = 05:10 PM , 11_Jan_2026  GST



Model:    COCOOP
Dataset:  TUT2017
Seed:     0




Loading Base and Novel Classnames ...

Creating a 16-shot dataset ...


################## Dataset Information ##################

FewShot Dataset
Root                      : /home/admin/asif.hanif/datasets/Audio-Datasets/TUT2017
Split                     : train
Number of Classes         : 7
Number of Shots           : 16
Total Number of Samples   : 112
Classnames                : ['car', 'city_center', 'grocery_store', 'library', 'metro_station', 'park', 'residential_area']
Label to Classname        : {0: 'car', 1: 'city_center', 2: 'grocery_store', 3: 'library', 4: 'metro_station', 5: 'park', 6: 'residential_area'}
Classname to Label        : {'car': 0, 'city_center': 1, 'grocery_store': 2, 'library': 3, 'metro_station': 4, 'park': 5, 'residential_area': 6}


IMPORTANT: Training will be done only on base classes.

########################################################




################## Dataset Information ##################

Root                      : /home/admin/asif.hanif/datasets/Audio-Datasets/TUT2017
Split                     : test
Number of Classes         : 7
Number of Shots           : -1
Total Number of Samples   : 438
Classnames                : ['car', 'city_center', 'grocery_store', 'library', 'metro_station', 'park', 'residential_area']
Label to Classname        : {0: 'car', 1: 'city_center', 2: 'grocery_store', 3: 'library', 4: 'metro_station', 5: 'park', 6: 'residential_area'}
Classname to Label        : {'car': 0, 'city_center': 1, 'grocery_store': 2, 'library': 3, 'metro_station': 4, 'park': 5, 'residential_area': 6}
########################################################


Using Method: 'COCOOP'



COCOOP: loading the weights of the pengi pre-trained audio and text encoders ...


Initializing a Generic Context for COCOOP ...

Arguments:

method_name              : cocoop
save_model               : True
save_model_path          : /home/admin/asif.hanif/models/zebra
save_model_abs_path      : None
load_model_path          : None
load_model_abs_path      : None
source_model_dataset     : None
eval_dataset             : TUT2017
dataset_root             : /home/admin/asif.hanif/datasets/Audio-Datasets/TUT2017
n_epochs                 : 50
start_epoch              : 0
freq_test_model          : 10
eval_last_epoch_only     : False
spec_aug                 : False
batch_size               : 16
lr                       : 0.05
seed                     : 0
eval_only                : False
eval_type                : None
eval_base                : True
eval_novel               : False
exp_name                 : TUT2017
do_logging               : True
prompt_prefix            : The is a recording of 
n_ctx                    : 16
ctx_dim                  : 512
num_shots                : 16
resample                 : True
repeat                   : False
base_novel_all_classnames: {'base': ['car', 'city_center', 'grocery_store', 'library', 'metro_station', 'park', 'residential_area'], 'novel': ['beach', 'bus', 'cafe/restaurant', 'forest_path', 'home', 'office', 'train', 'tram'], 'all': ['beach', 'bus', 'cafe/restaurant', 'car', 'city_center', 'forest_path', 'grocery_store', 'home', 'library', 'metro_station', 'office', 'park', 'residential_area', 'train', 'tram']}
log_dir                  : logs/training/cocoop
json_file_path           : logs/training/cocoop/TUT2017-SEED0-BASE.json
device                   : cuda
process_audio_fn         : <bound method PengiWrapper.preprocess_audio of <pengi.wrapper.PengiWrapper object at 0x712b83d8ae80>>
classnames               : ['car', 'city_center', 'grocery_store', 'library', 'metro_station', 'park', 'residential_area']




  0%|          | 0/50 [00:00<?, ?it/s]
  2%|2         | 1/50 [00:05<04:20,  5.31s/it]
  4%|4         | 2/50 [00:10<04:00,  5.01s/it]
  6%|6         | 3/50 [00:14<03:52,  4.95s/it]
  8%|8         | 4/50 [00:19<03:45,  4.90s/it]

-------------------------------
Train Evaluation (Epoch 5/50)
-------------------------------

Accuracy        = 0.4286
F1-Score        = 0.3453
Precision       = 0.3281
Recall          = 0.4286
Average Loss    = 1.6331



 10%|#         | 5/50 [00:24<03:41,  4.92s/it]
 12%|#2        | 6/50 [00:29<03:38,  4.97s/it]
 14%|#4        | 7/50 [00:34<03:35,  5.01s/it]
 16%|#6        | 8/50 [00:39<03:31,  5.02s/it]
 18%|#8        | 9/50 [00:44<03:24,  4.98s/it]

-------------------------------
Train Evaluation (Epoch 10/50)
-------------------------------

Accuracy        = 0.5536
F1-Score        = 0.5417
Precision       = 0.5484
Recall          = 0.5536
Average Loss    = 1.1638




Evaluating the model (BASE only) ...
Batch 1/4
Batch 2/4
Batch 3/4
Batch 4/4


Time & Date = 05:11 PM , 11_Jan_2026  GST

Total Time => 0 Hours : 0 Minutes : 9 Seconds




-------------------------------
Test Evaluation
-------------------------------

Accuracy        = 0.6256
F1-Score        = 0.6209
Precision       = 0.6427
Recall          = 0.6249
Average Loss    = 0.9447



 20%|##        | 10/50 [00:59<05:15,  7.89s/it]
 22%|##2       | 11/50 [01:04<04:33,  7.00s/it]
 24%|##4       | 12/50 [01:09<04:02,  6.38s/it]
 26%|##6       | 13/50 [01:14<03:42,  6.00s/it]
 28%|##8       | 14/50 [01:19<03:25,  5.71s/it]

-------------------------------
Train Evaluation (Epoch 15/50)
-------------------------------

Accuracy        = 0.5446
F1-Score        = 0.5537
Precision       = 0.5818
Recall          = 0.5446
Average Loss    = 0.9614



 30%|###       | 15/50 [01:24<03:14,  5.56s/it]
 32%|###2      | 16/50 [01:29<03:03,  5.39s/it]
 34%|###4      | 17/50 [01:34<02:55,  5.33s/it]
 36%|###6      | 18/50 [01:39<02:48,  5.27s/it]
 38%|###8      | 19/50 [01:45<02:41,  5.22s/it]

-------------------------------
Train Evaluation (Epoch 20/50)
-------------------------------

Accuracy        = 0.6696
F1-Score        = 0.6515
Precision       = 0.6494
Recall          = 0.6696
Average Loss    = 0.7810




Evaluating the model (BASE only) ...
Batch 1/4
Batch 2/4
Batch 3/4
Batch 4/4


Time & Date = 05:12 PM , 11_Jan_2026  GST

Total Time => 0 Hours : 0 Minutes : 10 Seconds




-------------------------------
Test Evaluation
-------------------------------

Accuracy        = 0.6872
F1-Score        = 0.6638
Precision       = 0.6721
Recall          = 0.6869
Average Loss    = 0.7433



 40%|####      | 20/50 [02:01<04:13,  8.46s/it]
 42%|####2     | 21/50 [02:06<03:36,  7.47s/it]
 44%|####4     | 22/50 [02:11<03:09,  6.77s/it]
 46%|####6     | 23/50 [02:16<02:49,  6.28s/it]
 48%|####8     | 24/50 [02:21<02:34,  5.93s/it]

-------------------------------
Train Evaluation (Epoch 25/50)
-------------------------------

Accuracy        = 0.7768
F1-Score        = 0.7745
Precision       = 0.7809
Recall          = 0.7768
Average Loss    = 0.6707



 50%|#####     | 25/50 [02:26<02:21,  5.68s/it]
 52%|#####2    | 26/50 [02:31<02:11,  5.48s/it]
 54%|#####4    | 27/50 [02:36<02:03,  5.39s/it]
 56%|#####6    | 28/50 [02:42<01:56,  5.31s/it]
 58%|#####8    | 29/50 [02:47<01:51,  5.29s/it]

-------------------------------
Train Evaluation (Epoch 30/50)
-------------------------------

Accuracy        = 0.8036
F1-Score        = 0.7986
Precision       = 0.8292
Recall          = 0.8036
Average Loss    = 0.5228




Evaluating the model (BASE only) ...
Batch 1/4
Batch 2/4
Batch 3/4
Batch 4/4


Time & Date = 05:13 PM , 11_Jan_2026  GST

Total Time => 0 Hours : 0 Minutes : 10 Seconds




-------------------------------
Test Evaluation
-------------------------------

Accuracy        = 0.8037
F1-Score        = 0.7925
Precision       = 0.8049
Recall          = 0.8036
Average Loss    = 0.4681



 60%|######    | 30/50 [03:02<02:44,  8.22s/it]
 62%|######2   | 31/50 [03:07<02:18,  7.28s/it]
 64%|######4   | 32/50 [03:12<01:59,  6.66s/it]
 66%|######6   | 33/50 [03:17<01:44,  6.17s/it]
 68%|######8   | 34/50 [03:22<01:32,  5.81s/it]

-------------------------------
Train Evaluation (Epoch 35/50)
-------------------------------

Accuracy        = 0.8036
F1-Score        = 0.8041
Precision       = 0.8196
Recall          = 0.8036
Average Loss    = 0.4830



 70%|#######   | 35/50 [03:27<01:23,  5.59s/it]
 72%|#######2  | 36/50 [03:32<01:16,  5.47s/it]
 74%|#######4  | 37/50 [03:38<01:09,  5.38s/it]
 76%|#######6  | 38/50 [03:43<01:04,  5.41s/it]
 78%|#######8  | 39/50 [03:48<00:59,  5.41s/it]

-------------------------------
Train Evaluation (Epoch 40/50)
-------------------------------

Accuracy        = 0.7857
F1-Score        = 0.7729
Precision       = 0.8284
Recall          = 0.7857
Average Loss    = 0.6019




Evaluating the model (BASE only) ...
Batch 1/4
Batch 2/4
Batch 3/4
Batch 4/4


Time & Date = 05:14 PM , 11_Jan_2026  GST

Total Time => 0 Hours : 0 Minutes : 10 Seconds




-------------------------------
Test Evaluation
-------------------------------

Accuracy        = 0.7877
F1-Score        = 0.7771
Precision       = 0.7879
Recall          = 0.7871
Average Loss    = 0.5298



 80%|########  | 40/50 [04:04<01:24,  8.43s/it]
 82%|########2 | 41/50 [04:09<01:06,  7.40s/it]
 84%|########4 | 42/50 [04:14<00:53,  6.72s/it]
 86%|########6 | 43/50 [04:19<00:43,  6.23s/it]
 88%|########8 | 44/50 [04:24<00:35,  5.94s/it]

-------------------------------
Train Evaluation (Epoch 45/50)
-------------------------------

Accuracy        = 0.8304
F1-Score        = 0.8331
Precision       = 0.8555
Recall          = 0.8304
Average Loss    = 0.4725



 90%|######### | 45/50 [04:29<00:28,  5.67s/it]
 92%|#########2| 46/50 [04:34<00:21,  5.47s/it]
 94%|#########3| 47/50 [04:40<00:16,  5.38s/it]
 96%|#########6| 48/50 [04:45<00:10,  5.29s/it]
 98%|#########8| 49/50 [04:50<00:05,  5.22s/izebra

-------------------------------
Train Evaluation (Epoch 50/50)
-------------------------------

Accuracy        = 0.8661
F1-Score        = 0.8654
Precision       = 0.8698
Recall          = 0.8661
Average Loss    = 0.3462




Evaluating the model (BASE only) ...
Batch 1/4
Batch 2/4
Batch 3/4
Batch 4/4


Time & Date = 05:15 PM , 11_Jan_2026  GST

Total Time => 0 Hours : 0 Minutes : 9 Seconds




-------------------------------
Test Evaluation
-------------------------------

Accuracy        = 0.8014
F1-Score        = 0.7960
Precision       = 0.8013
Recall          = 0.8009
Average Loss    = 0.4752




Final Evaluation
Saving Results ...
Results Saved



100%|##########| 50/50 [05:05<00:00,  8.16s/it]
100%|##########| 50/50 [05:05<00:00,  6.11s/it]
Saving Context Weights for Method: 'COCOOP'

Model saved to /home/admin/asif.hanif/models/palm-base-novel/cocoop/TUT2017-SEED0.pth


Time & Date = 05:15 PM , 11_Jan_2026  GST

Total Time => 0 Hours : 5 Minutes : 5 Seconds


