

##############################################
PALM: Prompt Learning in Audio Language Models
##############################################


Time & Date = 05:15 PM , 11_Jan_2026  GST



Model:    COCOOP
Dataset:  UrbanSound8K
Seed:     0




Loading Base and Novel Classnames ...

Creating a 16-shot dataset ...


################## Dataset Information ##################

FewShot Dataset
Root                      : /home/admin/asif.hanif/datasets/Audio-Datasets/UrbanSound8K
Split                     : train
Number of Classes         : 5
Number of Shots           : 16
Total Number of Samples   : 80
Classnames                : ['air conditioner', 'children playing', 'drilling', 'gun shot', 'street music']
Label to Classname        : {0: 'air conditioner', 1: 'children playing', 2: 'drilling', 3: 'gun shot', 4: 'street music'}
Classname to Label        : {'air conditioner': 0, 'children playing': 1, 'drilling': 2, 'gun shot': 3, 'street music': 4}


IMPORTANT: Training will be done only on base classes.

########################################################




################## Dataset Information ##################

Root                      : /home/admin/asif.hanif/datasets/Audio-Datasets/UrbanSound8K
Split                     : test
Number of Classes         : 5
Number of Shots           : -1
Total Number of Samples   : 875
Classnames                : ['air conditioner', 'children playing', 'drilling', 'gun shot', 'street music']
Label to Classname        : {0: 'air conditioner', 1: 'children playing', 2: 'drilling', 3: 'gun shot', 4: 'street music'}
Classname to Label        : {'air conditioner': 0, 'children playing': 1, 'drilling': 2, 'gun shot': 3, 'street music': 4}
########################################################


Using Method: 'COCOOP'



COCOOP: loading the weights of the pengi pre-trained audio and text encoders ...


Initializing a Generic Context for COCOOP ...

Arguments:

method_name              : cocoop
save_model               : True
save_model_path          : /home/admin/asif.hanif/models/zebra
save_model_abs_path      : None
load_model_path          : None
load_model_abs_path      : None
source_model_dataset     : None
eval_dataset             : UrbanSound8K
dataset_root             : /home/admin/asif.hanif/datasets/Audio-Datasets/UrbanSound8K
n_epochs                 : 50
start_epoch              : 0
freq_test_model          : 10
eval_last_epoch_only     : False
spec_aug                 : False
batch_size               : 16
lr                       : 0.05
seed                     : 0
eval_only                : False
eval_type                : None
eval_base                : True
eval_novel               : False
exp_name                 : UrbanSound8K
do_logging               : True
prompt_prefix            : The is a recording of 
n_ctx                    : 16
ctx_dim                  : 512
num_shots                : 16
resample                 : True
repeat                   : False
base_novel_all_classnames: {'base': ['air conditioner', 'children playing', 'drilling', 'gun shot', 'street music'], 'novel': ['car horn', 'dog bark', 'engine idling', 'jackhammer', 'siren'], 'all': ['air conditioner', 'car horn', 'children playing', 'dog bark', 'drilling', 'engine idling', 'gun shot', 'jackhammer', 'siren', 'street music']}
log_dir                  : logs/training/cocoop
json_file_path           : logs/training/cocoop/UrbanSound8K-SEED0-BASE.json
device                   : cuda
process_audio_fn         : <bound method PengiWrapper.preprocess_audio of <pengi.wrapper.PengiWrapper object at 0x7e05d97cae80>>
classnames               : ['air conditioner', 'children playing', 'drilling', 'gun shot', 'street music']




  0%|          | 0/50 [00:00<?, ?it/s]
  2%|2         | 1/50 [00:04<03:22,  4.12s/it]
  4%|4         | 2/50 [00:07<03:10,  3.97s/it]
  6%|6         | 3/50 [00:12<03:09,  4.04s/it]
  8%|8         | 4/50 [00:16<03:07,  4.08s/it]

-------------------------------
Train Evaluation (Epoch 5/50)
-------------------------------

Accuracy        = 0.9000
F1-Score        = 0.8999
Precision       = 0.9017
Recall          = 0.9000
Average Loss    = 0.3484



 10%|#         | 5/50 [00:20<03:01,  4.03s/it]
 12%|#2        | 6/50 [00:24<02:54,  3.97s/it]
 14%|#4        | 7/50 [00:27<02:48,  3.92s/it]
 16%|#6        | 8/50 [00:31<02:43,  3.89s/it]
 18%|#8        | 9/50 [00:35<02:39,  3.89s/it]

-------------------------------
Train Evaluation (Epoch 10/50)
-------------------------------

Accuracy        = 0.9375
F1-Score        = 0.9382
Precision       = 0.9408
Recall          = 0.9375
Average Loss    = 0.1987




Evaluating the model (BASE only) ...
Batch 1/7
Batch 2/7
Batch 3/7
Batch 4/7
Batch 5/7
Batch 6/7
Batch 7/7


Time & Date = 05:16 PM , 11_Jan_2026  GST

Total Time => 0 Hours : 0 Minutes : 19 Seconds




-------------------------------
Test Evaluation
-------------------------------

Accuracy        = 0.8606
F1-Score        = 0.8619
Precision       = 0.8539
Recall          = 0.8780
Average Loss    = 0.4392



 20%|##        | 10/50 [00:58<06:36,  9.91s/it]
 22%|##2       | 11/50 [01:02<05:11,  7.99s/it]
 24%|##4       | 12/50 [01:06<04:12,  6.66s/it]
 26%|##6       | 13/50 [01:09<03:32,  5.74s/it]
 28%|##8       | 14/50 [01:13<03:03,  5.10s/it]

-------------------------------
Train Evaluation (Epoch 15/50)
-------------------------------

Accuracy        = 0.9625
F1-Score        = 0.9628
Precision       = 0.9653
Recall          = 0.9625
Average Loss    = 0.1002



 30%|###       | 15/50 [01:17<02:43,  4.66s/it]
 32%|###2      | 16/50 [01:20<02:27,  4.34s/it]
 34%|###4      | 17/50 [01:24<02:17,  4.15s/it]
 36%|###6      | 18/50 [01:28<02:08,  4.01s/it]
 38%|###8      | 19/50 [01:31<02:01,  3.91s/it]

-------------------------------
Train Evaluation (Epoch 20/50)
-------------------------------

Accuracy        = 0.9500
F1-Score        = 0.9499
Precision       = 0.9529
Recall          = 0.9500
Average Loss    = 0.1513




Evaluating the model (BASE only) ...
Batch 1/7
Batch 2/7
Batch 3/7
Batch 4/7
Batch 5/7
Batch 6/7
Batch 7/7


Time & Date = 05:17 PM , 11_Jan_2026  GST

Total Time => 0 Hours : 0 Minutes : 18 Seconds




-------------------------------
Test Evaluation
-------------------------------

Accuracy        = 0.8571
F1-Score        = 0.8608
Precision       = 0.8542
Recall          = 0.8750
Average Loss    = 0.4671



 40%|####      | 20/50 [01:53<04:41,  9.40s/it]
 42%|####2     | 21/50 [01:57<03:42,  7.69s/it]
 44%|####4     | 22/50 [02:01<03:01,  6.48s/it]
 46%|####6     | 23/50 [02:05<02:33,  5.67s/it]
 48%|####8     | 24/50 [02:08<02:11,  5.07s/it]

-------------------------------
Train Evaluation (Epoch 25/50)
-------------------------------

Accuracy        = 0.9625
F1-Score        = 0.9624
Precision       = 0.9660
Recall          = 0.9625
Average Loss    = 0.1123



 50%|#####     | 25/50 [02:12<01:56,  4.67s/it]
 52%|#####2    | 26/50 [02:16<01:44,  4.36s/it]
 54%|#####4    | 27/50 [02:19<01:35,  4.15s/it]
 56%|#####6    | 28/50 [02:23<01:28,  4.01s/it]
 58%|#####8    | 29/50 [02:27<01:22,  3.94s/it]

-------------------------------
Train Evaluation (Epoch 30/50)
-------------------------------

Accuracy        = 0.9750
F1-Score        = 0.9753
Precision       = 0.9778
Recall          = 0.9750
Average Loss    = 0.0639




Evaluating the model (BASE only) ...
Batch 1/7
Batch 2/7
Batch 3/7
Batch 4/7
Batch 5/7
Batch 6/7
Batch 7/7


Time & Date = 05:18 PM , 11_Jan_2026  GST

Total Time => 0 Hours : 0 Minutes : 18 Seconds




-------------------------------
Test Evaluation
-------------------------------

Accuracy        = 0.8743
F1-Score        = 0.8776
Precision       = 0.8732
Recall          = 0.8900
Average Loss    = 0.4517



 60%|######    | 30/50 [02:50<03:11,  9.59s/it]
 62%|######2   | 31/50 [02:54<02:30,  7.90s/it]
 64%|######4   | 32/50 [02:57<02:00,  6.70s/it]
 66%|######6   | 33/50 [03:01<01:39,  5.86s/it]
 68%|######8   | 34/50 [03:05<01:24,  5.27s/it]

-------------------------------
Train Evaluation (Epoch 35/50)
-------------------------------

Accuracy        = 0.9625
F1-Score        = 0.9625
Precision       = 0.9632
Recall          = 0.9625
Average Loss    = 0.0864



 70%|#######   | 35/50 [03:09<01:11,  4.80s/it]
 72%|#######2  | 36/50 [03:13<01:03,  4.52s/it]
 74%|#######4  | 37/50 [03:17<00:55,  4.30s/it]
 76%|#######6  | 38/50 [03:21<00:50,  4.20s/it]
 78%|#######8  | 39/50 [03:24<00:44,  4.09s/it]

-------------------------------
Train Evaluation (Epoch 40/50)
-------------------------------

Accuracy        = 0.9875
F1-Score        = 0.9875
Precision       = 0.9882
Recall          = 0.9875
Average Loss    = 0.0433




Evaluating the model (BASE only) ...
Batch 1/7
Batch 2/7
Batch 3/7
Batch 4/7
Batch 5/7
Batch 6/7
Batch 7/7


Time & Date = 05:19 PM , 11_Jan_2026  GST

Total Time => 0 Hours : 0 Minutes : 18 Seconds




-------------------------------
Test Evaluation
-------------------------------

Accuracy        = 0.8731
F1-Score        = 0.8794
Precision       = 0.8751
Recall          = 0.8890
Average Loss    = 0.4448



 80%|########  | 40/50 [03:47<01:37,  9.71s/it]
 82%|########2 | 41/50 [03:51<01:11,  7.95s/it]
 84%|########4 | 42/50 [03:55<00:53,  6.70s/it]
 86%|########6 | 43/50 [03:59<00:40,  5.82s/it]
 88%|########8 | 44/50 [04:02<00:31,  5.19s/it]

-------------------------------
Train Evaluation (Epoch 45/50)
-------------------------------

Accuracy        = 1.0000
F1-Score        = 1.0000
Precision       = 1.0000
Recall          = 1.0000
Average Loss    = 0.0457



 90%|######### | 45/50 [04:06<00:24,  4.81s/it]
 92%|#########2| 46/50 [04:10<00:18,  4.52s/it]
 94%|#########3| 47/50 [04:14<00:12,  4.33s/it]
 96%|#########6| 48/50 [04:18<00:08,  4.16s/it]
 98%|#########8| 49/50 [04:22<00:04,  4.08s/it]

-------------------------------
Train Evaluation (Epoch 50/50)zebra
-------------------------------

Accuracy        = 1.0000
F1-Score        = 1.0000
Precision       = 1.0000
Recall          = 1.0000
Average Loss    = 0.0196




Evaluating the model (BASE only) ...
Batch 1/7
Batch 2/7
Batch 3/7
Batch 4/7
Batch 5/7
Batch 6/7
Batch 7/7


Time & Date = 05:20 PM , 11_Jan_2026  GST

Total Time => 0 Hours : 0 Minutes : 19 Seconds




-------------------------------
Test Evaluation
-------------------------------

Accuracy        = 0.8880
F1-Score        = 0.8962
Precision       = 0.8926
Recall          = 0.9020
Average Loss    = 0.4049




Final Evaluation
Saving Results ...
Results Saved



100%|##########| 50/50 [04:45<00:00,  9.74s/it]
100%|##########| 50/50 [04:45<00:00,  5.70s/it]
Saving Context Weights for Method: 'COCOOP'

Model saved to /home/admin/asif.hanif/models/palm-base-novel/cocoop/UrbanSound8K-SEED0.pth


Time & Date = 05:20 PM , 11_Jan_2026  GST

Total Time => 0 Hours : 4 Minutes : 45 Seconds


