

##############################################
PALM: Prompt Learning in Audio Language Models
##############################################


Time & Date = 05:20 PM , 11_Jan_2026  GST



Model:    COCOOP
Dataset:  VocalSound
Seed:     0




Loading Base and Novel Classnames ...

Creating a 16-shot dataset ...


################## Dataset Information ##################

FewShot Dataset
Root                      : /home/admin/asif.hanif/datasets/Audio-Datasets/VocalSound
Split                     : train
Number of Classes         : 3
Number of Shots           : 16
Total Number of Samples   : 48
Classnames                : ['Cough', 'Sniff', 'Throat clearing']
Label to Classname        : {0: 'Cough', 1: 'Sniff', 2: 'Throat clearing'}
Classname to Label        : {'Cough': 0, 'Sniff': 1, 'Throat clearing': 2}


IMPORTANT: Training will be done only on base classes.

########################################################




################## Dataset Information ##################

Root                      : /home/admin/asif.hanif/datasets/Audio-Datasets/VocalSound
Split                     : test
Number of Classes         : 3
Number of Shots           : -1
Total Number of Samples   : 1796
Classnames                : ['Cough', 'Sniff', 'Throat clearing']
Label to Classname        : {0: 'Cough', 1: 'Sniff', 2: 'Throat clearing'}
Classname to Label        : {'Cough': 0, 'Sniff': 1, 'Throat clearing': 2}
########################################################


Using Method: 'COCOOP'



COCOOP: loading the weights of the pengi pre-trained audio and text encoders ...


Initializing a Generic Context for COCOOP ...

Arguments:

method_name              : cocoop
save_model               : True
save_model_path          : /home/admin/asif.hanif/models/zebra
save_model_abs_path      : None
load_model_path          : None
load_model_abs_path      : None
source_model_dataset     : None
eval_dataset             : VocalSound
dataset_root             : /home/admin/asif.hanif/datasets/Audio-Datasets/VocalSound
n_epochs                 : 50
start_epoch              : 0
freq_test_model          : 10
eval_last_epoch_only     : False
spec_aug                 : False
batch_size               : 16
lr                       : 0.05
seed                     : 0
eval_only                : False
eval_type                : None
eval_base                : True
eval_novel               : False
exp_name                 : VocalSound
do_logging               : True
prompt_prefix            : The is a recording of 
n_ctx                    : 16
ctx_dim                  : 512
num_shots                : 16
resample                 : True
repeat                   : False
base_novel_all_classnames: {'base': ['Cough', 'Sniff', 'Throat clearing'], 'novel': ['Laughter', 'Sigh', 'Sneeze'], 'all': ['Cough', 'Laughter', 'Sigh', 'Sneeze', 'Sniff', 'Throat clearing']}
log_dir                  : logs/training/cocoop
json_file_path           : logs/training/cocoop/VocalSound-SEED0-BASE.json
device                   : cuda
process_audio_fn         : <bound method PengiWrapper.preprocess_audio of <pengi.wrapper.PengiWrapper object at 0x7658d874ae80>>
classnames               : ['Cough', 'Sniff', 'Throat clearing']




  0%|          | 0/50 [00:00<?, ?it/s]
  2%|2         | 1/50 [00:02<02:23,  2.93s/it]
  4%|4         | 2/50 [00:05<02:15,  2.83s/it]
  6%|6         | 3/50 [00:08<02:12,  2.82s/it]
  8%|8         | 4/50 [00:11<02:09,  2.81s/it]

-------------------------------
Train Evaluation (Epoch 5/50)
-------------------------------

Accuracy        = 0.4583
F1-Score        = 0.4580
Precision       = 0.5083
Recall          = 0.4583
Average Loss    = 1.0158



 10%|#         | 5/50 [00:14<02:06,  2.80s/it]
 12%|#2        | 6/50 [00:16<02:03,  2.80s/it]
 14%|#4        | 7/50 [00:19<02:00,  2.80s/it]
 16%|#6        | 8/50 [00:22<01:57,  2.81s/it]
 18%|#8        | 9/50 [00:25<01:56,  2.85s/it]

-------------------------------
Train Evaluation (Epoch 10/50)
-------------------------------

Accuracy        = 0.6875
F1-Score        = 0.6739
Precision       = 0.7256
Recall          = 0.6875
Average Loss    = 0.6681




Evaluating the model (BASE only) ...
Batch 1/15
Batch 2/15
Batch 3/15
Batch 4/15
Batch 5/15
Batch 6/15
Batch 7/15
Batch 8/15
Batch 9/15
Batch 10/15
Batch 11/15
Batch 12/15
Batch 13/15
Batch 14/15
Batch 15/15


Time & Date = 05:22 PM , 11_Jan_2026  GST

Total Time => 0 Hours : 0 Minutes : 34 Seconds




-------------------------------
Test Evaluation
-------------------------------

Accuracy        = 0.7222
F1-Score        = 0.7261
Precision       = 0.7351
Recall          = 0.7221
Average Loss    = 0.6420



 20%|##        | 10/50 [01:03<09:03, 13.60s/it]
 22%|##2       | 11/50 [01:06<06:42, 10.33s/it]
 24%|##4       | 12/50 [01:08<05:06,  8.06s/it]
 26%|##6       | 13/50 [01:11<04:00,  6.51s/it]
 28%|##8       | 14/50 [01:14<03:14,  5.41s/it]

-------------------------------
Train Evaluation (Epoch 15/50)
-------------------------------

Accuracy        = 0.8542
F1-Score        = 0.8547
Precision       = 0.8563
Recall          = 0.8542
Average Loss    = 0.3783



 30%|###       | 15/50 [01:17<02:42,  4.66s/it]
 32%|###2      | 16/50 [01:20<02:19,  4.09s/it]
 34%|###4      | 17/50 [01:23<02:02,  3.71s/it]
 36%|###6      | 18/50 [01:25<01:49,  3.42s/it]
 38%|###8      | 19/50 [01:28<01:40,  3.23s/it]

-------------------------------
Train Evaluation (Epoch 20/50)
-------------------------------

Accuracy        = 0.8542
F1-Score        = 0.8566
Precision       = 0.8627
Recall          = 0.8542
Average Loss    = 0.3164




Evaluating the model (BASE only) ...
Batch 1/15
Batch 2/15
Batch 3/15
Batch 4/15
Batch 5/15
Batch 6/15
Batch 7/15
Batch 8/15
Batch 9/15
Batch 10/15
Batch 11/15
Batch 12/15
Batch 13/15
Batch 14/15
Batch 15/15


Time & Date = 05:23 PM , 11_Jan_2026  GST

Total Time => 0 Hours : 0 Minutes : 34 Seconds




-------------------------------
Test Evaluation
-------------------------------

Accuracy        = 0.6815
F1-Score        = 0.6444
Precision       = 0.6943
Recall          = 0.6816
Average Loss    = 0.7808



 40%|####      | 20/50 [02:05<06:40, 13.36s/it]
 42%|####2     | 21/50 [02:08<04:55, 10.20s/it]
 44%|####4     | 22/50 [02:11<03:43,  7.99s/it]
 46%|####6     | 23/50 [02:14<02:54,  6.45s/it]
 48%|####8     | 24/50 [02:17<02:19,  5.36s/it]

-------------------------------
Train Evaluation (Epoch 25/50)
-------------------------------

Accuracy        = 0.8750
F1-Score        = 0.8730
Precision       = 0.8889
Recall          = 0.8750
Average Loss    = 0.2784



 50%|#####     | 25/50 [02:19<01:54,  4.59s/it]
 52%|#####2    | 26/50 [02:22<01:37,  4.06s/it]
 54%|#####4    | 27/50 [02:25<01:24,  3.68s/it]
 56%|#####6    | 28/50 [02:28<01:14,  3.40s/it]
 58%|#####8    | 29/50 [02:30<01:06,  3.19s/it]

-------------------------------
Train Evaluation (Epoch 30/50)
-------------------------------

Accuracy        = 0.8542
F1-Score        = 0.8439
Precision       = 0.8895
Recall          = 0.8542
Average Loss    = 0.2713




Evaluating the model (BASE only) ...
Batch 1/15
Batch 2/15
Batch 3/15
Batch 4/15
Batch 5/15
Batch 6/15
Batch 7/15
Batch 8/15
Batch 9/15
Batch 10/15
Batch 11/15
Batch 12/15
Batch 13/15
Batch 14/15
Batch 15/15


Time & Date = 05:24 PM , 11_Jan_2026  GST

Total Time => 0 Hours : 0 Minutes : 33 Seconds




-------------------------------
Test Evaluation
-------------------------------

Accuracy        = 0.7773
F1-Score        = 0.7691
Precision       = 0.7813
Recall          = 0.7773
Average Loss    = 0.5489



 60%|######    | 30/50 [03:06<04:19, 12.99s/it]
 62%|######2   | 31/50 [03:09<03:08,  9.92s/it]
 64%|######4   | 32/50 [03:12<02:19,  7.77s/it]
 66%|######6   | 33/50 [03:15<01:46,  6.26s/it]
 68%|######8   | 34/50 [03:17<01:23,  5.21s/it]

-------------------------------
Train Evaluation (Epoch 35/50)
-------------------------------

Accuracy        = 1.0000
F1-Score        = 1.0000
Precision       = 1.0000
Recall          = 1.0000
Average Loss    = 0.1045



 70%|#######   | 35/50 [03:20<01:06,  4.45s/it]
 72%|#######2  | 36/50 [03:23<00:55,  3.98s/it]
 74%|#######4  | 37/50 [03:26<00:47,  3.65s/it]
 76%|#######6  | 38/50 [03:29<00:40,  3.40s/it]
 78%|#######8  | 39/50 [03:31<00:35,  3.20s/it]

-------------------------------
Train Evaluation (Epoch 40/50)
-------------------------------

Accuracy        = 0.9375
F1-Score        = 0.9374
Precision       = 0.9386
Recall          = 0.9375
Average Loss    = 0.1620




Evaluating the model (BASE only) ...
Batch 1/15
Batch 2/15
Batch 3/15
Batch 4/15
Batch 5/15
Batch 6/15
Batch 7/15
Batch 8/15
Batch 9/15
Batch 10/15
Batch 11/15
Batch 12/15
Batch 13/15
Batch 14/15
Batch 15/15


Time & Date = 05:25 PM , 11_Jan_2026  GST

Total Time => 0 Hours : 0 Minutes : 34 Seconds




-------------------------------
Test Evaluation
-------------------------------

Accuracy        = 0.7901
F1-Score        = 0.7864
Precision       = 0.7994
Recall          = 0.7901
Average Loss    = 0.5898



 80%|########  | 40/50 [04:08<02:13, 13.39s/it]
 82%|########2 | 41/50 [04:11<01:32, 10.24s/it]
 84%|########4 | 42/50 [04:14<01:04,  8.04s/it]
 86%|########6 | 43/50 [04:17<00:45,  6.47s/it]
 88%|########8 | 44/50 [04:20<00:32,  5.38s/it]

-------------------------------
Train Evaluation (Epoch 45/50)
-------------------------------

Accuracy        = 0.8958
F1-Score        = 0.8932
Precision       = 0.9206
Recall          = 0.8958
Average Loss    = 0.2966



 90%|######### | 45/50 [04:23<00:23,  4.62s/it]
 92%|#########2| 46/50 [04:26<00:16,  4.09s/it]
 94%|#########3| 47/50 [04:28<00:11,  3.70s/it]
 96%|#########6| 48/50 [04:31<00:06,  3.43s/it]
 98%|#########8| 49/50 [04:34<00:03,  3.25s/it]

-------------------------------
Train Evaluation (Epoch 50/50)
-------------------------------

Accuracy        = 0.9375
F1-Score        = 0.9385
Precision       = 0.9474
Recall          = 0.9375
Average Loss    = 0.2006
zebra



Evaluating the model (BASE only) ...
Batch 1/15
Batch 2/15
Batch 3/15
Batch 4/15
Batch 5/15
Batch 6/15
Batch 7/15
Batch 8/15
Batch 9/15
Batch 10/15
Batch 11/15
Batch 12/15
Batch 13/15
Batch 14/15
Batch 15/15


Time & Date = 05:26 PM , 11_Jan_2026  GST

Total Time => 0 Hours : 0 Minutes : 33 Seconds




-------------------------------
Test Evaluation
-------------------------------

Accuracy        = 0.7795
F1-Score        = 0.7780
Precision       = 0.7954
Recall          = 0.7796
Average Loss    = 0.5351




Final Evaluation
Saving Results ...
Results Saved



100%|##########| 50/50 [05:10<00:00, 13.14s/it]
100%|##########| 50/50 [05:10<00:00,  6.21s/it]
Saving Context Weights for Method: 'COCOOP'

Model saved to /home/admin/asif.hanif/models/palm-base-novel/cocoop/VocalSound-SEED0.pth


Time & Date = 05:26 PM , 11_Jan_2026  GST

Total Time => 0 Hours : 5 Minutes : 10 Seconds


