

##############################################
PALM: Prompt Learning in Audio Language Models
##############################################


Time & Date = 03:08 PM , 13_Feb_2026  GST



METHOD:   COOP
USE ZEBRA: True
Dataset:  Beijing-Opera
Seed:     0




Loading Base and Novel Classnames ...

Creating a 16-shot dataset ...


################## Dataset Information ##################

FewShot Dataset
Root                      : /home/admin/asif.hanif/datasets/Audio-Datasets/Beijing-Opera
Split                     : train
Number of Classes         : 2
Number of Shots           : 16
Total Number of Samples   : 32
Classnames                : ['bangu', 'xiaoluo']
Label to Classname        : {0: 'bangu', 1: 'xiaoluo'}
Classname to Label        : {'bangu': 0, 'xiaoluo': 1}


IMPORTANT: Training will be done only on base classes.

########################################################




################## Dataset Information ##################

Root                      : /home/admin/asif.hanif/datasets/Audio-Datasets/Beijing-Opera
Split                     : test
Number of Classes         : 2
Number of Shots           : -1
Total Number of Samples   : 25
Classnames                : ['bangu', 'xiaoluo']
Label to Classname        : {0: 'bangu', 1: 'xiaoluo'}
Classname to Label        : {'bangu': 0, 'xiaoluo': 1}
########################################################


Using Method: 'COOP'



COOP: loading the weights of the pengi pre-trained audio and text encoders ...


Initializing a Generic Context for COOP ...

Arguments:

method_name              : coop
use_zebra                 : True
save_model               : True
save_model_path          : /home/admin/asif.hanif/models/zebra
save_model_abs_path      : None
load_model_path          : None
load_model_abs_path      : None
source_model_dataset     : None
eval_dataset             : Beijing-Opera
dataset_root             : /home/admin/asif.hanif/datasets/Audio-Datasets/Beijing-Opera
n_epochs                 : 50
start_epoch              : 0
freq_test_model          : 10
eval_last_epoch_only     : True
spec_aug                 : False
batch_size               : 16
lr                       : 0.05
seed                     : 0
eval_only                : False
eval_type                : base
exp_name                 : Beijing-Opera
do_logging               : True
prompt_prefix            : The is a recording of 
n_ctx                    : 16
ctx_dim                  : 512
num_shots                : 16
resample                 : True
repeat                   : False
base_novel_all_classnames: {'base': ['bangu', 'xiaoluo'], 'novel': ['daluo', 'naobo'], 'all': ['bangu', 'daluo', 'naobo', 'xiaoluo']}
log_dir                  : logs/training/coop
json_file_path           : logs/training/coop/Beijing-Opera-SEED0-BASE-ZEBRA.json
device                   : cuda
process_audio_fn         : <bound method PengiWrapper.preprocess_audio of <pengi.wrapper.PengiWrapper object at 0x7041b92dd4f0>>
classnames               : ['bangu', 'xiaoluo']




  0%|          | 0/50 [00:00<?, ?it/s]
  2%|2         | 1/50 [00:00<00:40,  1.22it/s]
  4%|4         | 2/50 [00:01<00:35,  1.34it/s]
  6%|6         | 3/50 [00:02<00:33,  1.39it/s]
  8%|8         | 4/50 [00:02<00:33,  1.39it/s]

-------------------------------
Train Evaluation (Epoch 5/50 -- BASE)
-------------------------------

Accuracy        = 1.0000
F1-Score        = 1.0000
Precision       = 1.0000
Recall          = 1.0000
Average Loss    = 0.0068



 10%|#         | 5/50 [00:03<00:32,  1.40it/s]
 12%|#2        | 6/50 [00:04<00:30,  1.42it/s]
 14%|#4        | 7/50 [00:04<00:29,  1.44it/s]
 16%|#6        | 8/50 [00:05<00:29,  1.41it/s]
 18%|#8        | 9/50 [00:06<00:28,  1.42it/s]

-------------------------------
Train Evaluation (Epoch 10/50 -- BASE)
-------------------------------

Accuracy        = 1.0000
F1-Score        = 1.0000
Precision       = 1.0000
Recall          = 1.0000
Average Loss    = 0.0059



 20%|##        | 10/50 [00:07<00:28,  1.42it/s]
 22%|##2       | 11/50 [00:07<00:27,  1.42it/s]
 24%|##4       | 12/50 [00:08<00:26,  1.43it/s]
 26%|##6       | 13/50 [00:09<00:25,  1.43it/s]
 28%|##8       | 14/50 [00:09<00:24,  1.45it/s]

-------------------------------
Train Evaluation (Epoch 15/50 -- BASE)
-------------------------------

Accuracy        = 1.0000
F1-Score        = 1.0000
Precision       = 1.0000
Recall          = 1.0000
Average Loss    = 0.0036



 30%|###       | 15/50 [00:10<00:24,  1.43it/s]
 32%|###2      | 16/50 [00:11<00:23,  1.44it/s]
 34%|###4      | 17/50 [00:11<00:22,  1.46it/s]
 36%|###6      | 18/50 [00:12<00:22,  1.44it/s]
 38%|###8      | 19/50 [00:13<00:21,  1.42it/s]

-------------------------------
Train Evaluation (Epoch 20/50 -- BASE)
-------------------------------

Accuracy        = 0.9688
F1-Score        = 0.9687
Precision       = 0.9706
Recall          = 0.9688
Average Loss    = 0.0415



 40%|####      | 20/50 [00:14<00:21,  1.40it/s]
 42%|####2     | 21/50 [00:14<00:20,  1.42it/s]
 44%|####4     | 22/50 [00:15<00:19,  1.43it/s]
 46%|####6     | 23/50 [00:16<00:18,  1.44it/s]
 48%|####8     | 24/50 [00:16<00:18,  1.44it/s]

-------------------------------
Train Evaluation (Epoch 25/50 -- BASE)
-------------------------------

Accuracy        = 1.0000
F1-Score        = 1.0000
Precision       = 1.0000
Recall          = 1.0000
Average Loss    = 0.0092



 50%|#####     | 25/50 [00:17<00:17,  1.43it/s]
 52%|#####2    | 26/50 [00:18<00:17,  1.41it/s]
 54%|#####4    | 27/50 [00:19<00:16,  1.42it/s]
 56%|#####6    | 28/50 [00:19<00:15,  1.41it/s]
 58%|#####8    | 29/50 [00:20<00:14,  1.42it/s]

-------------------------------
Train Evaluation (Epoch 30/50 -- BASE)
-------------------------------

Accuracy        = 1.0000
F1-Score        = 1.0000
Precision       = 1.0000
Recall          = 1.0000
Average Loss    = 0.0045



 60%|######    | 30/50 [00:21<00:13,  1.43it/s]
 62%|######2   | 31/50 [00:21<00:13,  1.44it/s]
 64%|######4   | 32/50 [00:22<00:12,  1.42it/s]
 66%|######6   | 33/50 [00:23<00:12,  1.41it/s]
 68%|######8   | 34/50 [00:23<00:11,  1.43it/s]

-------------------------------
Train Evaluation (Epoch 35/50 -- BASE)
-------------------------------

Accuracy        = 0.9688
F1-Score        = 0.9687
Precision       = 0.9706
Recall          = 0.9688
Average Loss    = 0.0492



 70%|#######   | 35/50 [00:24<00:10,  1.43it/s]
 72%|#######2  | 36/50 [00:25<00:09,  1.43it/s]
 74%|#######4  | 37/50 [00:25<00:09,  1.44it/s]
 76%|#######6  | 38/50 [00:26<00:08,  1.45it/s]
 78%|#######8  | 39/50 [00:27<00:07,  1.46it/s]

-------------------------------
Train Evaluation (Epoch 40/50 -- BASE)
-------------------------------

Accuracy        = 1.0000
F1-Score        = 1.0000
Precision       = 1.0000
Recall          = 1.0000
Average Loss    = 0.0209



 80%|########  | 40/50 [00:28<00:06,  1.45it/s]
 82%|########2 | 41/50 [00:28<00:06,  1.44it/s]
 84%|########4 | 42/50 [00:29<00:05,  1.44it/s]
 86%|########6 | 43/50 [00:30<00:04,  1.45it/s]
 88%|########8 | 44/50 [00:30<00:04,  1.45it/s]

-------------------------------
Train Evaluation (Epoch 45/50 -- BASE)
-------------------------------

Accuracy        = 0.9688
F1-Score        = 0.9687
Precision       = 0.9706
Recall          = 0.9688
Average Loss    = 0.0307



 90%|######### | 45/50 [00:31<00:03,  1.46it/s]
 92%|#########2| 46/50 [00:32<00:02,  1.46it/s]ZEBRA
 94%|#########3| 47/50 [00:32<00:02,  1.44it/s]
 96%|#########6| 48/50 [00:33<00:01,  1.44it/s]
 98%|#########8| 49/50 [00:34<00:00,  1.43it/s]

-------------------------------
Train Evaluation (Epoch 50/50 -- BASE)
-------------------------------

Accuracy        = 1.0000
F1-Score        = 1.0000
Precision       = 1.0000
Recall          = 1.0000
Average Loss    = 0.0046




Evaluating the model (BASE only) ...
Batch 1/1


Time & Date = 03:08 PM , 13_Feb_2026  GST

Total Time => 0 Hours : 0 Minutes : 0 Seconds




-------------------------------
Test Evaluation -- BASE
-------------------------------

Accuracy        = 0.9600
F1-Score        = 0.9600
Precision       = 0.9615
Recall          = 0.9615
Average Loss    = 0.1505




Final Evaluation
Saving Results ...
Results Saved



100%|##########| 50/50 [00:35<00:00,  1.16it/s]
100%|##########| 50/50 [00:35<00:00,  1.41it/s]
Saving Context Weights for Method: 'COOP'

Model saved to /home/admin/asif.hanif/models/zebra/coop/Beijing-Opera-SEED0-ZEPL.pth


Time & Date = 03:08 PM , 13_Feb_2026  GST

Total Time => 0 Hours : 0 Minutes : 35 Seconds


