

##############################################
PALM: Prompt Learning in Audio Language Models
##############################################


Time & Date = 03:09 PM , 13_Feb_2026  GST



METHOD:   COOP
USE ZEBRA: True
Dataset:  CREMA-D
Seed:     0




Loading Base and Novel Classnames ...

Creating a 16-shot dataset ...


################## Dataset Information ##################

FewShot Dataset
Root                      : /home/admin/asif.hanif/datasets/Audio-Datasets/CREMA-D
Split                     : train
Number of Classes         : 3
Number of Shots           : 16
Total Number of Samples   : 48
Classnames                : ['anger', 'disgust', 'sad']
Label to Classname        : {0: 'anger', 1: 'disgust', 2: 'sad'}
Classname to Label        : {'anger': 0, 'disgust': 1, 'sad': 2}


IMPORTANT: Training will be done only on base classes.

########################################################




################## Dataset Information ##################

Root                      : /home/admin/asif.hanif/datasets/Audio-Datasets/CREMA-D
Split                     : test
Number of Classes         : 3
Number of Shots           : -1
Total Number of Samples   : 431
Classnames                : ['anger', 'disgust', 'sad']
Label to Classname        : {0: 'anger', 1: 'disgust', 2: 'sad'}
Classname to Label        : {'anger': 0, 'disgust': 1, 'sad': 2}
########################################################


Using Method: 'COOP'



COOP: loading the weights of the pengi pre-trained audio and text encoders ...


Initializing a Generic Context for COOP ...

Arguments:

method_name              : coop
use_zebra                 : True
save_model               : True
save_model_path          : /home/admin/asif.hanif/models/zebra
save_model_abs_path      : None
load_model_path          : None
load_model_abs_path      : None
source_model_dataset     : None
eval_dataset             : CREMA-D
dataset_root             : /home/admin/asif.hanif/datasets/Audio-Datasets/CREMA-D
n_epochs                 : 50
start_epoch              : 0
freq_test_model          : 10
eval_last_epoch_only     : True
spec_aug                 : False
batch_size               : 16
lr                       : 0.05
seed                     : 0
eval_only                : False
eval_type                : base
exp_name                 : CREMA-D
do_logging               : True
prompt_prefix            : The is a recording of 
n_ctx                    : 16
ctx_dim                  : 512
num_shots                : 16
resample                 : True
repeat                   : False
base_novel_all_classnames: {'base': ['anger', 'disgust', 'sad'], 'novel': ['fear', 'happy', 'neutral'], 'all': ['anger', 'disgust', 'fear', 'happy', 'neutral', 'sad']}
log_dir                  : logs/training/coop
json_file_path           : logs/training/coop/CREMA-D-SEED0-BASE-ZEBRA.json
device                   : cuda
process_audio_fn         : <bound method PengiWrapper.preprocess_audio of <pengi.wrapper.PengiWrapper object at 0x7d32c089d4f0>>
classnames               : ['anger', 'disgust', 'sad']




  0%|          | 0/50 [00:00<?, ?it/s]
  2%|2         | 1/50 [00:01<01:36,  1.98s/it]
  4%|4         | 2/50 [00:03<01:27,  1.81s/it]
  6%|6         | 3/50 [00:05<01:22,  1.76s/it]
  8%|8         | 4/50 [00:07<01:20,  1.74s/it]

-------------------------------
Train Evaluation (Epoch 5/50 -- BASE)
-------------------------------

Accuracy        = 0.5833
F1-Score        = 0.5812
Precision       = 0.5834
Recall          = 0.5833
Average Loss    = 0.8060



 10%|#         | 5/50 [00:08<01:17,  1.73s/it]
 12%|#2        | 6/50 [00:10<01:15,  1.72s/it]
 14%|#4        | 7/50 [00:12<01:13,  1.71s/it]
 16%|#6        | 8/50 [00:13<01:11,  1.71s/it]
 18%|#8        | 9/50 [00:15<01:10,  1.71s/it]

-------------------------------
Train Evaluation (Epoch 10/50 -- BASE)
-------------------------------

Accuracy        = 0.6042
F1-Score        = 0.6069
Precision       = 0.6303
Recall          = 0.6042
Average Loss    = 0.7669



 20%|##        | 10/50 [00:17<01:08,  1.71s/it]
 22%|##2       | 11/50 [00:19<01:07,  1.72s/it]
 24%|##4       | 12/50 [00:20<01:05,  1.73s/it]
 26%|##6       | 13/50 [00:22<01:03,  1.72s/it]
 28%|##8       | 14/50 [00:24<01:01,  1.72s/it]

-------------------------------
Train Evaluation (Epoch 15/50 -- BASE)
-------------------------------

Accuracy        = 0.6875
F1-Score        = 0.6827
Precision       = 0.6812
Recall          = 0.6875
Average Loss    = 0.6968



 30%|###       | 15/50 [00:25<00:59,  1.71s/it]
 32%|###2      | 16/50 [00:27<00:58,  1.71s/it]
 34%|###4      | 17/50 [00:29<00:56,  1.71s/it]
 36%|###6      | 18/50 [00:31<00:54,  1.71s/it]
 38%|###8      | 19/50 [00:32<00:52,  1.71s/it]

-------------------------------
Train Evaluation (Epoch 20/50 -- BASE)
-------------------------------

Accuracy        = 0.6458
F1-Score        = 0.6547
Precision       = 0.6941
Recall          = 0.6458
Average Loss    = 0.6520



 40%|####      | 20/50 [00:34<00:51,  1.71s/it]
 42%|####2     | 21/50 [00:36<00:49,  1.71s/it]
 44%|####4     | 22/50 [00:37<00:48,  1.72s/it]
 46%|####6     | 23/50 [00:39<00:46,  1.72s/it]
 48%|####8     | 24/50 [00:41<00:44,  1.72s/it]

-------------------------------
Train Evaluation (Epoch 25/50 -- BASE)
-------------------------------

Accuracy        = 0.7500
F1-Score        = 0.7511
Precision       = 0.7532
Recall          = 0.7500
Average Loss    = 0.6186



 50%|#####     | 25/50 [00:43<00:42,  1.71s/it]
 52%|#####2    | 26/50 [00:44<00:41,  1.71s/it]
 54%|#####4    | 27/50 [00:46<00:39,  1.71s/it]
 56%|#####6    | 28/50 [00:48<00:37,  1.71s/it]
 58%|#####8    | 29/50 [00:49<00:35,  1.71s/it]

-------------------------------
Train Evaluation (Epoch 30/50 -- BASE)
-------------------------------

Accuracy        = 0.6667
F1-Score        = 0.6109
Precision       = 0.6507
Recall          = 0.6667
Average Loss    = 0.6535



 60%|######    | 30/50 [00:51<00:34,  1.71s/it]
 62%|######2   | 31/50 [00:53<00:32,  1.73s/it]
 64%|######4   | 32/50 [00:55<00:31,  1.73s/it]
 66%|######6   | 33/50 [00:56<00:29,  1.72s/it]
 68%|######8   | 34/50 [00:58<00:27,  1.72s/it]

-------------------------------
Train Evaluation (Epoch 35/50 -- BASE)
-------------------------------

Accuracy        = 0.6667
F1-Score        = 0.6466
Precision       = 0.6750
Recall          = 0.6667
Average Loss    = 0.6472



 70%|#######   | 35/50 [01:00<00:25,  1.71s/it]
 72%|#######2  | 36/50 [01:01<00:24,  1.72s/it]
 74%|#######4  | 37/50 [01:03<00:22,  1.72s/it]
 76%|#######6  | 38/50 [01:05<00:20,  1.72s/it]
 78%|#######8  | 39/50 [01:07<00:18,  1.72s/it]

-------------------------------
Train Evaluation (Epoch 40/50 -- BASE)
-------------------------------

Accuracy        = 0.6667
F1-Score        = 0.6675
Precision       = 0.6823
Recall          = 0.6667
Average Loss    = 0.6158



 80%|########  | 40/50 [01:08<00:17,  1.72s/it]
 82%|########2 | 41/50 [01:10<00:15,  1.71s/it]
 84%|########4 | 42/50 [01:12<00:13,  1.71s/it]
 86%|########6 | 43/50 [01:13<00:11,  1.71s/it]
 88%|########8 | 44/50 [01:15<00:10,  1.72s/it]

-------------------------------
Train Evaluation (Epoch 45/50 -- BASE)
-------------------------------

Accuracy        = 0.6875
F1-Score        = 0.6955
Precision       = 0.7123
Recall          = 0.6875
Average Loss    = 0.5932



 90%|######### | 45/50 [01:17<00:08,  1.72s/it]
 92%|#########2| 46/50 [01:19<00:06,  1.71s/it]
 94%|#########3| 47/50 [01:20<00:05,  1.71s/it]
 96%|#########6| 48/50 [01:22<00:03,  1.71s/it]
 98%|#########8| 49/50 [01:24<00:01,  1.71s/it]

-------------------------------
Train Evaluation (Epoch 50/50 -- BASE)ZEBRA
-------------------------------

Accuracy        = 0.8125
F1-Score        = 0.8173
Precision       = 0.8322
Recall          = 0.8125
Average Loss    = 0.5826




Evaluating the model (BASE only) ...
Batch 1/7
Batch 2/7
Batch 3/7
Batch 4/7
Batch 5/7
Batch 6/7
Batch 7/7


Time & Date = 03:10 PM , 13_Feb_2026  GST

Total Time => 0 Hours : 0 Minutes : 8 Seconds




-------------------------------
Test Evaluation -- BASE
-------------------------------

Accuracy        = 0.6148
F1-Score        = 0.5673
Precision       = 0.5494
Recall          = 0.6205
Average Loss    = 0.8296




Final Evaluation
Saving Results ...
Results Saved



100%|##########| 50/50 [01:34<00:00,  4.38s/it]
100%|##########| 50/50 [01:34<00:00,  1.90s/it]
Saving Context Weights for Method: 'COOP'

Model saved to /home/admin/asif.hanif/models/zebra/coop/CREMA-D-SEED0-ZEPL.pth


Time & Date = 03:10 PM , 13_Feb_2026  GST

Total Time => 0 Hours : 1 Minutes : 34 Seconds


