

##############################################
PALM: Prompt Learning in Audio Language Models
##############################################


Time & Date = 04:20 PM , 11_Jan_2026  GST



Model:    COOP
Dataset:  CREMA-D
Seed:     0




Loading Base and Novel Classnames ...

Creating a 16-shot dataset ...


################## Dataset Information ##################

FewShot Dataset
Root                      : /home/admin/asif.hanif/datasets/Audio-Datasets/CREMA-D
Split                     : train
Number of Classes         : 3
Number of Shots           : 16
Total Number of Samples   : 48
Classnames                : ['anger', 'disgust', 'sad']
Label to Classname        : {0: 'anger', 1: 'disgust', 2: 'sad'}
Classname to Label        : {'anger': 0, 'disgust': 1, 'sad': 2}


IMPORTANT: Training will be done only on base classes.

########################################################




################## Dataset Information ##################

Root                      : /home/admin/asif.hanif/datasets/Audio-Datasets/CREMA-D
Split                     : test
Number of Classes         : 3
Number of Shots           : -1
Total Number of Samples   : 431
Classnames                : ['anger', 'disgust', 'sad']
Label to Classname        : {0: 'anger', 1: 'disgust', 2: 'sad'}
Classname to Label        : {'anger': 0, 'disgust': 1, 'sad': 2}
########################################################


Using Method: 'COOP'



COOP: loading the weights of the pengi pre-trained audio and text encoders ...


Initializing a Generic Context for COOP ...

Arguments:

method_name              : coop
save_model               : True
save_model_path          : /home/admin/asif.hanif/models/zebra
save_model_abs_path      : None
load_model_path          : None
load_model_abs_path      : None
source_model_dataset     : None
eval_dataset             : CREMA-D
dataset_root             : /home/admin/asif.hanif/datasets/Audio-Datasets/CREMA-D
n_epochs                 : 50
start_epoch              : 0
freq_test_model          : 10
spec_aug                 : False
batch_size               : 16
lr                       : 0.05
seed                     : 0
eval_only                : False
eval_base                : True
eval_novel               : False
exp_name                 : CREMA-D
do_logging               : True
prompt_prefix            : The is a recording of 
n_ctx                    : 16
ctx_dim                  : 512
num_shots                : 16
resample                 : True
repeat                   : False
base_novel_all_classnames: {'base': ['anger', 'disgust', 'sad'], 'novel': ['fear', 'happy', 'neutral'], 'all': ['anger', 'disgust', 'fear', 'happy', 'neutral', 'sad']}
log_dir                  : logs/training/coop
json_file_path           : logs/training/coop/CREMA-D-SEED0-BASE.json
device                   : cuda
process_audio_fn         : <bound method PengiWrapper.preprocess_audio of <pengi.wrapper.PengiWrapper object at 0x7753aac9c4f0>>
classnames               : ['anger', 'disgust', 'sad']




  0%|          | 0/50 [00:00<?, ?it/s]
  2%|2         | 1/50 [00:02<01:43,  2.10s/it]
  4%|4         | 2/50 [00:04<01:38,  2.05s/it]
  6%|6         | 3/50 [00:06<01:35,  2.03s/it]
  8%|8         | 4/50 [00:08<01:32,  2.00s/it]

-------------------------------
Train Evaluation (Epoch 5/50)
-------------------------------

Accuracy        = 0.5625
F1-Score        = 0.5585
Precision       = 0.5681
Recall          = 0.5625
Average Loss    = 0.8160



 10%|#         | 5/50 [00:10<01:30,  2.01s/it]
 12%|#2        | 6/50 [00:12<01:27,  1.99s/it]
 14%|#4        | 7/50 [00:14<01:25,  1.98s/it]
 16%|#6        | 8/50 [00:15<01:23,  1.98s/it]
 18%|#8        | 9/50 [00:17<01:20,  1.97s/it]

-------------------------------
Train Evaluation (Epoch 10/50)
-------------------------------

Accuracy        = 0.6875
F1-Score        = 0.6691
Precision       = 0.6759
Recall          = 0.6875
Average Loss    = 0.6629




Evaluating the model (BASE only) ...
Batch 1/4
Batch 2/4
Batch 3/4
Batch 4/4


Time & Date = 04:20 PM , 11_Jan_2026  GST

Total Time => 0 Hours : 0 Minutes : 9 Seconds




-------------------------------
Test Evaluation
-------------------------------

Accuracy        = 0.5012
F1-Score        = 0.4903
Precision       = 0.4845
Recall          = 0.5383
Average Loss    = 0.9982



 20%|##        | 10/50 [00:28<03:10,  4.77s/it]
 22%|##2       | 11/50 [00:31<02:33,  3.93s/it]
 24%|##4       | 12/50 [00:32<02:05,  3.32s/it]
 26%|##6       | 13/50 [00:34<01:47,  2.91s/it]
 28%|##8       | 14/50 [00:36<01:34,  2.61s/it]

-------------------------------
Train Evaluation (Epoch 15/50)
-------------------------------

Accuracy        = 0.6667
F1-Score        = 0.6684
Precision       = 0.6769
Recall          = 0.6667
Average Loss    = 0.5883



 30%|###       | 15/50 [00:38<01:24,  2.42s/it]
 32%|###2      | 16/50 [00:40<01:17,  2.29s/it]
 34%|###4      | 17/50 [00:42<01:12,  2.19s/it]
 36%|###6      | 18/50 [00:44<01:07,  2.12s/it]
 38%|###8      | 19/50 [00:46<01:04,  2.08s/it]

-------------------------------
Train Evaluation (Epoch 20/50)
-------------------------------

Accuracy        = 0.6875
F1-Score        = 0.6895
Precision       = 0.6954
Recall          = 0.6875
Average Loss    = 0.6957




Evaluating the model (BASE only) ...
Batch 1/4
Batch 2/4
Batch 3/4
Batch 4/4


Time & Date = 04:21 PM , 11_Jan_2026  GST

Total Time => 0 Hours : 0 Minutes : 9 Seconds




-------------------------------
Test Evaluation
-------------------------------

Accuracy        = 0.5893
F1-Score        = 0.5271
Precision       = 0.5084
Recall          = 0.5638
Average Loss    = 0.8509



 40%|####      | 20/50 [00:57<02:23,  4.79s/it]
 42%|####2     | 21/50 [00:59<01:53,  3.93s/it]
 44%|####4     | 22/50 [01:01<01:33,  3.34s/it]
 46%|####6     | 23/50 [01:03<01:19,  2.93s/it]
 48%|####8     | 24/50 [01:05<01:08,  2.65s/it]

-------------------------------
Train Evaluation (Epoch 25/50)
-------------------------------

Accuracy        = 0.6250
F1-Score        = 0.6081
Precision       = 0.6324
Recall          = 0.6250
Average Loss    = 0.7004



 50%|#####     | 25/50 [01:07<01:01,  2.47s/it]
 52%|#####2    | 26/50 [01:09<00:56,  2.37s/it]
 54%|#####4    | 27/50 [01:11<00:52,  2.29s/it]
 56%|#####6    | 28/50 [01:14<00:49,  2.24s/it]
 58%|#####8    | 29/50 [01:16<00:45,  2.18s/it]

-------------------------------
Train Evaluation (Epoch 30/50)
-------------------------------

Accuracy        = 0.7500
F1-Score        = 0.7484
Precision       = 0.7536
Recall          = 0.7500
Average Loss    = 0.5692




Evaluating the model (BASE only) ...
Batch 1/4
Batch 2/4
Batch 3/4
Batch 4/4


Time & Date = 04:21 PM , 11_Jan_2026  GST

Total Time => 0 Hours : 0 Minutes : 9 Seconds




-------------------------------
Test Evaluation
-------------------------------

Accuracy        = 0.5568
F1-Score        = 0.5142
Precision       = 0.4968
Recall          = 0.5555
Average Loss    = 0.9010



 60%|######    | 30/50 [01:27<01:40,  5.00s/it]
 62%|######2   | 31/50 [01:29<01:19,  4.16s/it]
 64%|######4   | 32/50 [01:32<01:04,  3.56s/it]
 66%|######6   | 33/50 [01:34<00:53,  3.14s/it]
 68%|######8   | 34/50 [01:36<00:45,  2.84s/it]

-------------------------------
Train Evaluation (Epoch 35/50)
-------------------------------

Accuracy        = 0.7500
F1-Score        = 0.7568
Precision       = 0.7867
Recall          = 0.7500
Average Loss    = 0.6068



 70%|#######   | 35/50 [01:38<00:39,  2.63s/it]
 72%|#######2  | 36/50 [01:40<00:34,  2.43s/it]
 74%|#######4  | 37/50 [01:42<00:29,  2.31s/it]
 76%|#######6  | 38/50 [01:44<00:26,  2.22s/it]
 78%|#######8  | 39/50 [01:46<00:23,  2.15s/it]

-------------------------------
Train Evaluation (Epoch 40/50)
-------------------------------

Accuracy        = 0.6667
F1-Score        = 0.6746
Precision       = 0.6932
Recall          = 0.6667
Average Loss    = 0.6149




Evaluating the model (BASE only) ...
Batch 1/4
Batch 2/4
Batch 3/4
Batch 4/4


Time & Date = 04:22 PM , 11_Jan_2026  GST

Total Time => 0 Hours : 0 Minutes : 9 Seconds




-------------------------------
Test Evaluation
-------------------------------

Accuracy        = 0.5406
F1-Score        = 0.5384
Precision       = 0.5397
Recall          = 0.5704
Average Loss    = 1.0093



 80%|########  | 40/50 [01:57<00:48,  4.80s/it]
 82%|########2 | 41/50 [01:59<00:35,  3.96s/it]
 84%|########4 | 42/50 [02:01<00:27,  3.39s/it]
 86%|########6 | 43/50 [02:03<00:20,  2.96s/it]
 88%|########8 | 44/50 [02:05<00:16,  2.68s/it]

-------------------------------
Train Evaluation (Epoch 45/50)
-------------------------------

Accuracy        = 0.8125
F1-Score        = 0.8161
Precision       = 0.8265
Recall          = 0.8125
Average Loss    = 0.4925



 90%|######### | 45/50 [02:07<00:12,  2.47s/it]
 92%|#########2| 46/50 [02:09<00:09,  2.33s/it]
 94%|#########3| 47/50 [02:11<00:06,  2.22s/it]
 96%|#########6| 48/50 [02:13<00:04,  2.16s/it]
 98%|#########8| 49/50 [02:15<00:02,  2.10s/izebra

-------------------------------
Train Evaluation (Epoch 50/50)
-------------------------------

Accuracy        = 0.7292
F1-Score        = 0.7039
Precision       = 0.7170
Recall          = 0.7292
Average Loss    = 0.5430




Evaluating the model (BASE only) ...
Batch 1/4
Batch 2/4
Batch 3/4
Batch 4/4


Time & Date = 04:22 PM , 11_Jan_2026  GST

Total Time => 0 Hours : 0 Minutes : 8 Seconds




-------------------------------
Test Evaluation
-------------------------------

Accuracy        = 0.5916
F1-Score        = 0.5398
Precision       = 0.5232
Recall          = 0.5705
Average Loss    = 0.8692




Final Evaluation
Saving Results ...
Results Saved



100%|##########| 50/50 [02:26<00:00,  4.77s/it]
100%|##########| 50/50 [02:26<00:00,  2.93s/it]
Saving Context Weights for Method: 'COOP'

Model saved to /home/admin/asif.hanif/models/palm-base-novel/coop/CREMA-D-SEED0.pth


Time & Date = 04:22 PM , 11_Jan_2026  GST

Total Time => 0 Hours : 2 Minutes : 26 Seconds


