

##############################################
PALM: Prompt Learning in Audio Language Models
##############################################


Time & Date = 03:11 PM , 13_Feb_2026  GST



METHOD:   COOP
USE ZEBRA: True
Dataset:  ESC50-Actions
Seed:     0




Loading Base and Novel Classnames ...

Creating a 16-shot dataset ...


################## Dataset Information ##################

FewShot Dataset
Root                      : /home/admin/asif.hanif/datasets/Audio-Datasets/ESC50-Actions
Split                     : train
Number of Classes         : 5
Number of Shots           : 16
Total Number of Samples   : 80
Classnames                : ['breathing', 'brushing teeth', 'footsteps', 'laughing', 'snoring']
Label to Classname        : {0: 'breathing', 1: 'brushing teeth', 2: 'footsteps', 3: 'laughing', 4: 'snoring'}
Classname to Label        : {'breathing': 0, 'brushing teeth': 1, 'footsteps': 2, 'laughing': 3, 'snoring': 4}


IMPORTANT: Training will be done only on base classes.

########################################################




################## Dataset Information ##################

Root                      : /home/admin/asif.hanif/datasets/Audio-Datasets/ESC50-Actions
Split                     : test
Number of Classes         : 5
Number of Shots           : -1
Total Number of Samples   : 40
Classnames                : ['breathing', 'brushing teeth', 'footsteps', 'laughing', 'snoring']
Label to Classname        : {0: 'breathing', 1: 'brushing teeth', 2: 'footsteps', 3: 'laughing', 4: 'snoring'}
Classname to Label        : {'breathing': 0, 'brushing teeth': 1, 'footsteps': 2, 'laughing': 3, 'snoring': 4}
########################################################


Using Method: 'COOP'



COOP: loading the weights of the pengi pre-trained audio and text encoders ...


Initializing a Generic Context for COOP ...

Arguments:

method_name              : coop
use_zebra                 : True
save_model               : True
save_model_path          : /home/admin/asif.hanif/models/zebra
save_model_abs_path      : None
load_model_path          : None
load_model_abs_path      : None
source_model_dataset     : None
eval_dataset             : ESC50-Actions
dataset_root             : /home/admin/asif.hanif/datasets/Audio-Datasets/ESC50-Actions
n_epochs                 : 50
start_epoch              : 0
freq_test_model          : 10
eval_last_epoch_only     : True
spec_aug                 : False
batch_size               : 16
lr                       : 0.05
seed                     : 0
eval_only                : False
eval_type                : base
exp_name                 : ESC50-Actions
do_logging               : True
prompt_prefix            : The is a recording of 
n_ctx                    : 16
ctx_dim                  : 512
num_shots                : 16
resample                 : True
repeat                   : False
base_novel_all_classnames: {'base': ['breathing', 'brushing teeth', 'footsteps', 'laughing', 'snoring'], 'novel': ['clapping', 'coughing', 'crying baby', 'drinking sipping', 'sneezing'], 'all': ['breathing', 'brushing teeth', 'clapping', 'coughing', 'crying baby', 'drinking sipping', 'footsteps', 'laughing', 'sneezing', 'snoring']}
log_dir                  : logs/training/coop
json_file_path           : logs/training/coop/ESC50-Actions-SEED0-BASE-ZEBRA.json
device                   : cuda
process_audio_fn         : <bound method PengiWrapper.preprocess_audio of <pengi.wrapper.PengiWrapper object at 0x75c00171f4f0>>
classnames               : ['breathing', 'brushing teeth', 'footsteps', 'laughing', 'snoring']




  0%|          | 0/50 [00:00<?, ?it/s]
  2%|2         | 1/50 [00:01<01:20,  1.65s/it]
  4%|4         | 2/50 [00:02<01:04,  1.34s/it]
  6%|6         | 3/50 [00:03<00:58,  1.24s/it]
  8%|8         | 4/50 [00:05<00:54,  1.19s/it]

-------------------------------
Train Evaluation (Epoch 5/50 -- BASE)
-------------------------------

Accuracy        = 0.8500
F1-Score        = 0.8443
Precision       = 0.8727
Recall          = 0.8500
Average Loss    = 0.3246



 10%|#         | 5/50 [00:06<00:52,  1.17s/it]
 12%|#2        | 6/50 [00:07<00:50,  1.15s/it]
 14%|#4        | 7/50 [00:08<00:48,  1.14s/it]
 16%|#6        | 8/50 [00:09<00:47,  1.14s/it]
 18%|#8        | 9/50 [00:10<00:46,  1.13s/it]

-------------------------------
Train Evaluation (Epoch 10/50 -- BASE)
-------------------------------

Accuracy        = 0.9625
F1-Score        = 0.9629
Precision       = 0.9640
Recall          = 0.9625
Average Loss    = 0.1062



 20%|##        | 10/50 [00:11<00:45,  1.14s/it]
 22%|##2       | 11/50 [00:12<00:44,  1.14s/it]
 24%|##4       | 12/50 [00:14<00:43,  1.13s/it]
 26%|##6       | 13/50 [00:15<00:41,  1.13s/it]
 28%|##8       | 14/50 [00:16<00:40,  1.12s/it]

-------------------------------
Train Evaluation (Epoch 15/50 -- BASE)
-------------------------------

Accuracy        = 0.9750
F1-Score        = 0.9750
Precision       = 0.9750
Recall          = 0.9750
Average Loss    = 0.0806



 30%|###       | 15/50 [00:17<00:39,  1.12s/it]
 32%|###2      | 16/50 [00:18<00:38,  1.12s/it]
 34%|###4      | 17/50 [00:19<00:37,  1.12s/it]
 36%|###6      | 18/50 [00:20<00:36,  1.13s/it]
 38%|###8      | 19/50 [00:21<00:34,  1.12s/it]

-------------------------------
Train Evaluation (Epoch 20/50 -- BASE)
-------------------------------

Accuracy        = 0.9750
F1-Score        = 0.9750
Precision       = 0.9757
Recall          = 0.9750
Average Loss    = 0.0566



 40%|####      | 20/50 [00:22<00:33,  1.12s/it]
 42%|####2     | 21/50 [00:24<00:32,  1.12s/it]
 44%|####4     | 22/50 [00:25<00:31,  1.12s/it]
 46%|####6     | 23/50 [00:26<00:30,  1.12s/it]
 48%|####8     | 24/50 [00:27<00:29,  1.12s/it]

-------------------------------
Train Evaluation (Epoch 25/50 -- BASE)
-------------------------------

Accuracy        = 0.9875
F1-Score        = 0.9875
Precision       = 0.9882
Recall          = 0.9875
Average Loss    = 0.0527



 50%|#####     | 25/50 [00:28<00:28,  1.13s/it]
 52%|#####2    | 26/50 [00:29<00:27,  1.13s/it]
 54%|#####4    | 27/50 [00:30<00:25,  1.13s/it]
 56%|#####6    | 28/50 [00:32<00:24,  1.13s/it]
 58%|#####8    | 29/50 [00:33<00:23,  1.12s/it]

-------------------------------
Train Evaluation (Epoch 30/50 -- BASE)
-------------------------------

Accuracy        = 0.9750
F1-Score        = 0.9750
Precision       = 0.9757
Recall          = 0.9750
Average Loss    = 0.0633



 60%|######    | 30/50 [00:34<00:22,  1.11s/it]
 62%|######2   | 31/50 [00:35<00:21,  1.11s/it]
 64%|######4   | 32/50 [00:36<00:19,  1.10s/it]
 66%|######6   | 33/50 [00:37<00:18,  1.11s/it]
 68%|######8   | 34/50 [00:38<00:17,  1.11s/it]

-------------------------------
Train Evaluation (Epoch 35/50 -- BASE)
-------------------------------

Accuracy        = 1.0000
F1-Score        = 1.0000
Precision       = 1.0000
Recall          = 1.0000
Average Loss    = 0.0289



 70%|#######   | 35/50 [00:39<00:16,  1.11s/it]
 72%|#######2  | 36/50 [00:40<00:15,  1.11s/it]
 74%|#######4  | 37/50 [00:41<00:14,  1.11s/it]
 76%|#######6  | 38/50 [00:43<00:13,  1.11s/it]
 78%|#######8  | 39/50 [00:44<00:12,  1.11s/it]

-------------------------------
Train Evaluation (Epoch 40/50 -- BASE)
-------------------------------

Accuracy        = 1.0000
F1-Score        = 1.0000
Precision       = 1.0000
Recall          = 1.0000
Average Loss    = 0.0319



 80%|########  | 40/50 [00:45<00:11,  1.13s/it]
 82%|########2 | 41/50 [00:46<00:10,  1.12s/it]
 84%|########4 | 42/50 [00:47<00:08,  1.12s/it]
 86%|########6 | 43/50 [00:48<00:07,  1.12s/it]
 88%|########8 | 44/50 [00:49<00:06,  1.12s/it]

-------------------------------
Train Evaluation (Epoch 45/50 -- BASE)
-------------------------------

Accuracy        = 1.0000
F1-Score        = 1.0000
Precision       = 1.0000
Recall          = 1.0000
Average Loss    = 0.0275



 90%|######### | 45/50 [00:50<00:05,  1.12s/it]
 92%|#########2| 46/50 [00:52<00:04,  1.11s/it]ZEBRA
 94%|#########3| 47/50 [00:53<00:03,  1.11s/it]
 96%|#########6| 48/50 [00:54<00:02,  1.12s/it]
 98%|#########8| 49/50 [00:55<00:01,  1.12s/it]

-------------------------------
Train Evaluation (Epoch 50/50 -- BASE)
-------------------------------

Accuracy        = 1.0000
F1-Score        = 1.0000
Precision       = 1.0000
Recall          = 1.0000
Average Loss    = 0.0257




Evaluating the model (BASE only) ...
Batch 1/1


Time & Date = 03:12 PM , 13_Feb_2026  GST

Total Time => 0 Hours : 0 Minutes : 1 Seconds




-------------------------------
Test Evaluation -- BASE
-------------------------------

Accuracy        = 0.9750
F1-Score        = 0.9749
Precision       = 0.9778
Recall          = 0.9750
Average Loss    = 0.0594




Final Evaluation
Saving Results ...
Results Saved



100%|##########| 50/50 [00:57<00:00,  1.48s/it]
100%|##########| 50/50 [00:57<00:00,  1.15s/it]
Saving Context Weights for Method: 'COOP'

Model saved to /home/admin/asif.hanif/models/zebra/coop/ESC50-Actions-SEED0-ZEPL.pth


Time & Date = 03:12 PM , 13_Feb_2026  GST

Total Time => 0 Hours : 0 Minutes : 57 Seconds


