

##############################################
PALM: Prompt Learning in Audio Language Models
##############################################


Time & Date = 03:12 PM , 13_Feb_2026  GST



METHOD:   COOP
USE ZEBRA: True
Dataset:  ESC50
Seed:     0




Loading Base and Novel Classnames ...

Creating a 16-shot dataset ...


################## Dataset Information ##################

FewShot Dataset
Root                      : /home/admin/asif.hanif/datasets/Audio-Datasets/ESC50
Split                     : train
Number of Classes         : 25
Number of Shots           : 16
Total Number of Samples   : 400
Classnames                : ['airplane', 'breathing', 'can opening', 'cat', 'chainsaw', 'clapping', 'clock alarm', 'cow', 'crackling fire', 'crow', 'crying baby', 'drinking sipping', 'engine', 'fireworks', 'footsteps', 'frog', 'hand saw', 'helicopter', 'mouse click', 'rooster', 'sneezing', 'snoring', 'vacuum cleaner', 'washing machine', 'wind']
Label to Classname        : {0: 'airplane', 1: 'breathing', 2: 'can opening', 3: 'cat', 4: 'chainsaw', 5: 'clapping', 6: 'clock alarm', 7: 'cow', 8: 'crackling fire', 9: 'crow', 10: 'crying baby', 11: 'drinking sipping', 12: 'engine', 13: 'fireworks', 14: 'footsteps', 15: 'frog', 16: 'hand saw', 17: 'helicopter', 18: 'mouse click', 19: 'rooster', 20: 'sneezing', 21: 'snoring', 22: 'vacuum cleaner', 23: 'washing machine', 24: 'wind'}
Classname to Label        : {'airplane': 0, 'breathing': 1, 'can opening': 2, 'cat': 3, 'chainsaw': 4, 'clapping': 5, 'clock alarm': 6, 'cow': 7, 'crackling fire': 8, 'crow': 9, 'crying baby': 10, 'drinking sipping': 11, 'engine': 12, 'fireworks': 13, 'footsteps': 14, 'frog': 15, 'hand saw': 16, 'helicopter': 17, 'mouse click': 18, 'rooster': 19, 'sneezing': 20, 'snoring': 21, 'vacuum cleaner': 22, 'washing machine': 23, 'wind': 24}


IMPORTANT: Training will be done only on base classes.

########################################################




################## Dataset Information ##################

Root                      : /home/admin/asif.hanif/datasets/Audio-Datasets/ESC50
Split                     : test
Number of Classes         : 25
Number of Shots           : -1
Total Number of Samples   : 200
Classnames                : ['airplane', 'breathing', 'can opening', 'cat', 'chainsaw', 'clapping', 'clock alarm', 'cow', 'crackling fire', 'crow', 'crying baby', 'drinking sipping', 'engine', 'fireworks', 'footsteps', 'frog', 'hand saw', 'helicopter', 'mouse click', 'rooster', 'sneezing', 'snoring', 'vacuum cleaner', 'washing machine', 'wind']
Label to Classname        : {0: 'airplane', 1: 'breathing', 2: 'can opening', 3: 'cat', 4: 'chainsaw', 5: 'clapping', 6: 'clock alarm', 7: 'cow', 8: 'crackling fire', 9: 'crow', 10: 'crying baby', 11: 'drinking sipping', 12: 'engine', 13: 'fireworks', 14: 'footsteps', 15: 'frog', 16: 'hand saw', 17: 'helicopter', 18: 'mouse click', 19: 'rooster', 20: 'sneezing', 21: 'snoring', 22: 'vacuum cleaner', 23: 'washing machine', 24: 'wind'}
Classname to Label        : {'airplane': 0, 'breathing': 1, 'can opening': 2, 'cat': 3, 'chainsaw': 4, 'clapping': 5, 'clock alarm': 6, 'cow': 7, 'crackling fire': 8, 'crow': 9, 'crying baby': 10, 'drinking sipping': 11, 'engine': 12, 'fireworks': 13, 'footsteps': 14, 'frog': 15, 'hand saw': 16, 'helicopter': 17, 'mouse click': 18, 'rooster': 19, 'sneezing': 20, 'snoring': 21, 'vacuum cleaner': 22, 'washing machine': 23, 'wind': 24}
########################################################


Using Method: 'COOP'



COOP: loading the weights of the pengi pre-trained audio and text encoders ...


Initializing a Generic Context for COOP ...

Arguments:

method_name              : coop
use_zebra                 : True
save_model               : True
save_model_path          : /home/admin/asif.hanif/models/zebra
save_model_abs_path      : None
load_model_path          : None
load_model_abs_path      : None
source_model_dataset     : None
eval_dataset             : ESC50
dataset_root             : /home/admin/asif.hanif/datasets/Audio-Datasets/ESC50
n_epochs                 : 50
start_epoch              : 0
freq_test_model          : 10
eval_last_epoch_only     : True
spec_aug                 : False
batch_size               : 16
lr                       : 0.05
seed                     : 0
eval_only                : False
eval_type                : base
exp_name                 : ESC50
do_logging               : True
prompt_prefix            : The is a recording of 
n_ctx                    : 16
ctx_dim                  : 512
num_shots                : 16
resample                 : True
repeat                   : False
base_novel_all_classnames: {'base': ['airplane', 'breathing', 'can opening', 'cat', 'chainsaw', 'clapping', 'clock alarm', 'cow', 'crackling fire', 'crow', 'crying baby', 'drinking sipping', 'engine', 'fireworks', 'footsteps', 'frog', 'hand saw', 'helicopter', 'mouse click', 'rooster', 'sneezing', 'snoring', 'vacuum cleaner', 'washing machine', 'wind'], 'novel': ['brushing teeth', 'car horn', 'chirping birds', 'church bells', 'clock tick', 'coughing', 'crickets', 'dog', 'door wood creaks', 'door wood knock', 'glass breaking', 'hen', 'insects', 'keyboard typing', 'laughing', 'pig', 'pouring water', 'rain', 'sea waves', 'sheep', 'siren', 'thunderstorm', 'toilet flush', 'train', 'water drops'], 'all': ['airplane', 'breathing', 'brushing teeth', 'can opening', 'car horn', 'cat', 'chainsaw', 'chirping birds', 'church bells', 'clapping', 'clock alarm', 'clock tick', 'coughing', 'cow', 'crackling fire', 'crickets', 'crow', 'crying baby', 'dog', 'door wood creaks', 'door wood knock', 'drinking sipping', 'engine', 'fireworks', 'footsteps', 'frog', 'glass breaking', 'hand saw', 'helicopter', 'hen', 'insects', 'keyboard typing', 'laughing', 'mouse click', 'pig', 'pouring water', 'rain', 'rooster', 'sea waves', 'sheep', 'siren', 'sneezing', 'snoring', 'thunderstorm', 'toilet flush', 'train', 'vacuum cleaner', 'washing machine', 'water drops', 'wind']}
log_dir                  : logs/training/coop
json_file_path           : logs/training/coop/ESC50-SEED0-BASE-ZEBRA.json
device                   : cuda
process_audio_fn         : <bound method PengiWrapper.preprocess_audio of <pengi.wrapper.PengiWrapper object at 0x70b3d75dd4f0>>
classnames               : ['airplane', 'breathing', 'can opening', 'cat', 'chainsaw', 'clapping', 'clock alarm', 'cow', 'crackling fire', 'crow', 'crying baby', 'drinking sipping', 'engine', 'fireworks', 'footsteps', 'frog', 'hand saw', 'helicopter', 'mouse click', 'rooster', 'sneezing', 'snoring', 'vacuum cleaner', 'washing machine', 'wind']




  0%|          | 0/50 [00:00<?, ?it/s]
  2%|2         | 1/50 [00:04<03:33,  4.35s/it]
  4%|4         | 2/50 [00:08<03:12,  4.00s/it]
  6%|6         | 3/50 [00:11<03:01,  3.86s/it]
  8%|8         | 4/50 [00:15<02:54,  3.80s/it]

-------------------------------
Train Evaluation (Epoch 5/50 -- BASE)
-------------------------------

Accuracy        = 0.8800
F1-Score        = 0.8778
Precision       = 0.8843
Recall          = 0.8800
Average Loss    = 0.4064



 10%|#         | 5/50 [00:19<02:49,  3.78s/it]
 12%|#2        | 6/50 [00:22<02:44,  3.74s/it]
 14%|#4        | 7/50 [00:26<02:39,  3.72s/it]
 16%|#6        | 8/50 [00:30<02:36,  3.73s/it]
 18%|#8        | 9/50 [00:34<02:32,  3.73s/it]

-------------------------------
Train Evaluation (Epoch 10/50 -- BASE)
-------------------------------

Accuracy        = 0.9000
F1-Score        = 0.9002
Precision       = 0.9056
Recall          = 0.9000
Average Loss    = 0.3006



 20%|##        | 10/50 [00:37<02:29,  3.74s/it]
 22%|##2       | 11/50 [00:41<02:25,  3.74s/it]
 24%|##4       | 12/50 [00:45<02:22,  3.74s/it]
 26%|##6       | 13/50 [00:48<02:17,  3.72s/it]
 28%|##8       | 14/50 [00:52<02:14,  3.73s/it]

-------------------------------
Train Evaluation (Epoch 15/50 -- BASE)
-------------------------------

Accuracy        = 0.9250
F1-Score        = 0.9243
Precision       = 0.9276
Recall          = 0.9250
Average Loss    = 0.2414



 30%|###       | 15/50 [00:56<02:10,  3.74s/it]
 32%|###2      | 16/50 [01:00<02:06,  3.73s/it]
 34%|###4      | 17/50 [01:03<02:03,  3.74s/it]
 36%|###6      | 18/50 [01:07<01:59,  3.73s/it]
 38%|###8      | 19/50 [01:11<01:56,  3.75s/it]

-------------------------------
Train Evaluation (Epoch 20/50 -- BASE)
-------------------------------

Accuracy        = 0.9225
F1-Score        = 0.9237
Precision       = 0.9272
Recall          = 0.9225
Average Loss    = 0.2374



 40%|####      | 20/50 [01:15<01:52,  3.76s/it]
 42%|####2     | 21/50 [01:18<01:48,  3.74s/it]
 44%|####4     | 22/50 [01:22<01:44,  3.74s/it]
 46%|####6     | 23/50 [01:26<01:41,  3.74s/it]
 48%|####8     | 24/50 [01:30<01:37,  3.74s/it]

-------------------------------
Train Evaluation (Epoch 25/50 -- BASE)
-------------------------------

Accuracy        = 0.9400
F1-Score        = 0.9404
Precision       = 0.9441
Recall          = 0.9400
Average Loss    = 0.1970



 50%|#####     | 25/50 [01:33<01:33,  3.72s/it]
 52%|#####2    | 26/50 [01:37<01:29,  3.73s/it]
 54%|#####4    | 27/50 [01:41<01:25,  3.72s/it]
 56%|#####6    | 28/50 [01:45<01:22,  3.73s/it]
 58%|#####8    | 29/50 [01:48<01:18,  3.73s/it]

-------------------------------
Train Evaluation (Epoch 30/50 -- BASE)
-------------------------------

Accuracy        = 0.9425
F1-Score        = 0.9426
Precision       = 0.9445
Recall          = 0.9425
Average Loss    = 0.1864



 60%|######    | 30/50 [01:52<01:14,  3.74s/it]
 62%|######2   | 31/50 [01:56<01:11,  3.74s/it]
 64%|######4   | 32/50 [02:00<01:07,  3.75s/it]
 66%|######6   | 33/50 [02:03<01:03,  3.73s/it]
 68%|######8   | 34/50 [02:07<00:59,  3.73s/it]

-------------------------------
Train Evaluation (Epoch 35/50 -- BASE)
-------------------------------

Accuracy        = 0.9550
F1-Score        = 0.9557
Precision       = 0.9600
Recall          = 0.9550
Average Loss    = 0.1570



 70%|#######   | 35/50 [02:11<00:55,  3.72s/it]
 72%|#######2  | 36/50 [02:14<00:51,  3.71s/it]
 74%|#######4  | 37/50 [02:18<00:48,  3.73s/it]
 76%|#######6  | 38/50 [02:22<00:44,  3.73s/it]
 78%|#######8  | 39/50 [02:26<00:41,  3.73s/it]

-------------------------------
Train Evaluation (Epoch 40/50 -- BASE)
-------------------------------

Accuracy        = 0.9475
F1-Score        = 0.9475
Precision       = 0.9503
Recall          = 0.9475
Average Loss    = 0.1714



 80%|########  | 40/50 [02:29<00:37,  3.75s/it]
 82%|########2 | 41/50 [02:33<00:33,  3.76s/it]
 84%|########4 | 42/50 [02:37<00:29,  3.75s/it]
 86%|########6 | 43/50 [02:41<00:26,  3.74s/it]
 88%|########8 | 44/50 [02:44<00:22,  3.75s/it]

-------------------------------
Train Evaluation (Epoch 45/50 -- BASE)
-------------------------------

Accuracy        = 0.9575
F1-Score        = 0.9578
Precision       = 0.9599
Recall          = 0.9575
Average Loss    = 0.1625



 90%|######### | 45/50 [02:48<00:18,  3.76s/it]
 92%|#########2| 46/50 [02:52<00:15,  3.75s/it]
 94%|#########3| 47/50 [02:56<00:11,  3.75s/it]
 96%|#########6| 48/50 [02:59<00:07,  3.75s/it]
 98%|#########8| 49/50 [03:03<00:03,  3.74s/it]ZEBRA

-------------------------------
Train Evaluation (Epoch 50/50 -- BASE)
-------------------------------

Accuracy        = 0.9525
F1-Score        = 0.9524
Precision       = 0.9533
Recall          = 0.9525
Average Loss    = 0.1726




Evaluating the model (BASE only) ...
Batch 1/4
Batch 2/4
Batch 3/4
Batch 4/4


Time & Date = 03:15 PM , 13_Feb_2026  GST

Total Time => 0 Hours : 0 Minutes : 3 Seconds




-------------------------------
Test Evaluation -- BASE
-------------------------------

Accuracy        = 0.9300
F1-Score        = 0.9277
Precision       = 0.9386
Recall          = 0.9300
Average Loss    = 0.2070




Final Evaluation
Saving Results ...
Results Saved



100%|##########| 50/50 [03:10<00:00,  4.64s/it]
100%|##########| 50/50 [03:10<00:00,  3.81s/it]
Saving Context Weights for Method: 'COOP'

Model saved to /home/admin/asif.hanif/models/zebra/coop/ESC50-SEED0-ZEPL.pth


Time & Date = 03:15 PM , 13_Feb_2026  GST

Total Time => 0 Hours : 3 Minutes : 10 Seconds


