

##############################################
PALM: Prompt Learning in Audio Language Models
##############################################


Time & Date = 04:22 PM , 11_Jan_2026  GST



Model:    COOP
Dataset:  ESC50-Actions
Seed:     0




Loading Base and Novel Classnames ...

Creating a 16-shot dataset ...


################## Dataset Information ##################

FewShot Dataset
Root                      : /home/admin/asif.hanif/datasets/Audio-Datasets/ESC50-Actions
Split                     : train
Number of Classes         : 5
Number of Shots           : 16
Total Number of Samples   : 80
Classnames                : ['breathing', 'brushing teeth', 'footsteps', 'laughing', 'snoring']
Label to Classname        : {0: 'breathing', 1: 'brushing teeth', 2: 'footsteps', 3: 'laughing', 4: 'snoring'}
Classname to Label        : {'breathing': 0, 'brushing teeth': 1, 'footsteps': 2, 'laughing': 3, 'snoring': 4}


IMPORTANT: Training will be done only on base classes.

########################################################




################## Dataset Information ##################

Root                      : /home/admin/asif.hanif/datasets/Audio-Datasets/ESC50-Actions
Split                     : test
Number of Classes         : 5
Number of Shots           : -1
Total Number of Samples   : 40
Classnames                : ['breathing', 'brushing teeth', 'footsteps', 'laughing', 'snoring']
Label to Classname        : {0: 'breathing', 1: 'brushing teeth', 2: 'footsteps', 3: 'laughing', 4: 'snoring'}
Classname to Label        : {'breathing': 0, 'brushing teeth': 1, 'footsteps': 2, 'laughing': 3, 'snoring': 4}
########################################################


Using Method: 'COOP'



COOP: loading the weights of the pengi pre-trained audio and text encoders ...


Initializing a Generic Context for COOP ...

Arguments:

method_name              : coop
save_model               : True
save_model_path          : /home/admin/asif.hanif/models/zebra
save_model_abs_path      : None
load_model_path          : None
load_model_abs_path      : None
source_model_dataset     : None
eval_dataset             : ESC50-Actions
dataset_root             : /home/admin/asif.hanif/datasets/Audio-Datasets/ESC50-Actions
n_epochs                 : 50
start_epoch              : 0
freq_test_model          : 10
spec_aug                 : False
batch_size               : 16
lr                       : 0.05
seed                     : 0
eval_only                : False
eval_base                : True
eval_novel               : False
exp_name                 : ESC50-Actions
do_logging               : True
prompt_prefix            : The is a recording of 
n_ctx                    : 16
ctx_dim                  : 512
num_shots                : 16
resample                 : True
repeat                   : False
base_novel_all_classnames: {'base': ['breathing', 'brushing teeth', 'footsteps', 'laughing', 'snoring'], 'novel': ['clapping', 'coughing', 'crying baby', 'drinking sipping', 'sneezing'], 'all': ['breathing', 'brushing teeth', 'clapping', 'coughing', 'crying baby', 'drinking sipping', 'footsteps', 'laughing', 'sneezing', 'snoring']}
log_dir                  : logs/training/coop
json_file_path           : logs/training/coop/ESC50-Actions-SEED0-BASE.json
device                   : cuda
process_audio_fn         : <bound method PengiWrapper.preprocess_audio of <pengi.wrapper.PengiWrapper object at 0x74cec035c4f0>>
classnames               : ['breathing', 'brushing teeth', 'footsteps', 'laughing', 'snoring']




  0%|          | 0/50 [00:00<?, ?it/s]
  2%|2         | 1/50 [00:01<01:13,  1.51s/it]
  4%|4         | 2/50 [00:02<01:09,  1.45s/it]
  6%|6         | 3/50 [00:04<01:07,  1.43s/it]
  8%|8         | 4/50 [00:05<01:05,  1.42s/it]

-------------------------------
Train Evaluation (Epoch 5/50)
-------------------------------

Accuracy        = 0.9500
F1-Score        = 0.9495
Precision       = 0.9527
Recall          = 0.9500
Average Loss    = 0.1793



 10%|#         | 5/50 [00:07<01:03,  1.41s/it]
 12%|#2        | 6/50 [00:08<01:02,  1.41s/it]
 14%|#4        | 7/50 [00:09<01:00,  1.40s/it]
 16%|#6        | 8/50 [00:11<00:59,  1.41s/it]
 18%|#8        | 9/50 [00:12<00:57,  1.41s/it]

-------------------------------
Train Evaluation (Epoch 10/50)
-------------------------------

Accuracy        = 0.9875
F1-Score        = 0.9875
Precision       = 0.9882
Recall          = 0.9875
Average Loss    = 0.0469




Evaluating the model (BASE only) ...
Batch 1/1


Time & Date = 04:23 PM , 11_Jan_2026  GST

Total Time => 0 Hours : 0 Minutes : 0 Seconds




-------------------------------
Test Evaluation
-------------------------------

Accuracy        = 0.9750
F1-Score        = 0.9749
Precision       = 0.9778
Recall          = 0.9750
Average Loss    = 0.0878



 20%|##        | 10/50 [00:15<01:08,  1.71s/it]
 22%|##2       | 11/50 [00:16<01:02,  1.60s/it]
 24%|##4       | 12/50 [00:17<00:58,  1.54s/it]
 26%|##6       | 13/50 [00:19<00:55,  1.49s/it]
 28%|##8       | 14/50 [00:20<00:52,  1.46s/it]

-------------------------------
Train Evaluation (Epoch 15/50)
-------------------------------

Accuracy        = 0.9500
F1-Score        = 0.9506
Precision       = 0.9559
Recall          = 0.9500
Average Loss    = 0.0759



 30%|###       | 15/50 [00:22<00:50,  1.43s/it]
 32%|###2      | 16/50 [00:23<00:48,  1.41s/it]
 34%|###4      | 17/50 [00:24<00:45,  1.39s/it]
 36%|###6      | 18/50 [00:26<00:44,  1.39s/it]
 38%|###8      | 19/50 [00:27<00:43,  1.39s/it]

-------------------------------
Train Evaluation (Epoch 20/50)
-------------------------------

Accuracy        = 0.9875
F1-Score        = 0.9875
Precision       = 0.9882
Recall          = 0.9875
Average Loss    = 0.0415




Evaluating the model (BASE only) ...
Batch 1/1


Time & Date = 04:23 PM , 11_Jan_2026  GST

Total Time => 0 Hours : 0 Minutes : 0 Seconds




-------------------------------
Test Evaluation
-------------------------------

Accuracy        = 0.9500
F1-Score        = 0.9511
Precision       = 0.9600
Recall          = 0.9500
Average Loss    = 0.0616



 40%|####      | 20/50 [00:29<00:50,  1.67s/it]
 42%|####2     | 21/50 [00:31<00:45,  1.58s/it]
 44%|####4     | 22/50 [00:32<00:42,  1.52s/it]
 46%|####6     | 23/50 [00:33<00:40,  1.48s/it]
 48%|####8     | 24/50 [00:35<00:37,  1.46s/it]

-------------------------------
Train Evaluation (Epoch 25/50)
-------------------------------

Accuracy        = 1.0000
F1-Score        = 1.0000
Precision       = 1.0000
Recall          = 1.0000
Average Loss    = 0.0342



 50%|#####     | 25/50 [00:36<00:35,  1.44s/it]
 52%|#####2    | 26/50 [00:38<00:34,  1.43s/it]
 54%|#####4    | 27/50 [00:39<00:32,  1.42s/it]
 56%|#####6    | 28/50 [00:40<00:30,  1.41s/it]
 58%|#####8    | 29/50 [00:42<00:29,  1.41s/it]

-------------------------------
Train Evaluation (Epoch 30/50)
-------------------------------

Accuracy        = 0.9875
F1-Score        = 0.9875
Precision       = 0.9882
Recall          = 0.9875
Average Loss    = 0.0431




Evaluating the model (BASE only) ...
Batch 1/1


Time & Date = 04:23 PM , 11_Jan_2026  GST

Total Time => 0 Hours : 0 Minutes : 0 Seconds




-------------------------------
Test Evaluation
-------------------------------

Accuracy        = 0.9750
F1-Score        = 0.9749
Precision       = 0.9778
Recall          = 0.9750
Average Loss    = 0.0603



 60%|######    | 30/50 [00:44<00:33,  1.70s/it]
 62%|######2   | 31/50 [00:46<00:30,  1.60s/it]
 64%|######4   | 32/50 [00:47<00:27,  1.54s/it]
 66%|######6   | 33/50 [00:48<00:25,  1.49s/it]
 68%|######8   | 34/50 [00:50<00:23,  1.46s/it]

-------------------------------
Train Evaluation (Epoch 35/50)
-------------------------------

Accuracy        = 1.0000
F1-Score        = 1.0000
Precision       = 1.0000
Recall          = 1.0000
Average Loss    = 0.0255



 70%|#######   | 35/50 [00:51<00:21,  1.42s/it]
 72%|#######2  | 36/50 [00:53<00:19,  1.42s/it]
 74%|#######4  | 37/50 [00:54<00:18,  1.40s/it]
 76%|#######6  | 38/50 [00:55<00:16,  1.39s/it]
 78%|#######8  | 39/50 [00:57<00:15,  1.38s/it]

-------------------------------
Train Evaluation (Epoch 40/50)
-------------------------------

Accuracy        = 1.0000
F1-Score        = 1.0000
Precision       = 1.0000
Recall          = 1.0000
Average Loss    = 0.0234




Evaluating the model (BASE only) ...
Batch 1/1


Time & Date = 04:23 PM , 11_Jan_2026  GST

Total Time => 0 Hours : 0 Minutes : 0 Seconds




-------------------------------
Test Evaluation
-------------------------------

Accuracy        = 1.0000
F1-Score        = 1.0000
Precision       = 1.0000
Recall          = 1.0000
Average Loss    = 0.0154



 80%|########  | 40/50 [00:59<00:16,  1.68s/it]
 82%|########2 | 41/50 [01:00<00:14,  1.58s/it]
 84%|########4 | 42/50 [01:02<00:12,  1.52s/it]
 86%|########6 | 43/50 [01:03<00:10,  1.49s/it]
 88%|########8 | 44/50 [01:04<00:08,  1.44s/it]

-------------------------------
Train Evaluation (Epoch 45/50)
-------------------------------

Accuracy        = 0.9750
F1-Score        = 0.9750
Precision       = 0.9750
Recall          = 0.9750
Average Loss    = 0.0503



 90%|######### | 45/50 [01:06<00:07,  1.41s/it]
 92%|#########2| 46/50 [01:07<00:05,  1.42s/izebra
 94%|#########3| 47/50 [01:09<00:04,  1.44s/it]
 96%|#########6| 48/50 [01:10<00:02,  1.43s/it]
 98%|#########8| 49/50 [01:11<00:01,  1.42s/it]

-------------------------------
Train Evaluation (Epoch 50/50)
-------------------------------

Accuracy        = 1.0000
F1-Score        = 1.0000
Precision       = 1.0000
Recall          = 1.0000
Average Loss    = 0.0118




Evaluating the model (BASE only) ...
Batch 1/1


Time & Date = 04:24 PM , 11_Jan_2026  GST

Total Time => 0 Hours : 0 Minutes : 0 Seconds




-------------------------------
Test Evaluation
-------------------------------

Accuracy        = 1.0000
F1-Score        = 1.0000
Precision       = 1.0000
Recall          = 1.0000
Average Loss    = 0.0135




Final Evaluation
Saving Results ...
Results Saved



100%|##########| 50/50 [01:14<00:00,  1.73s/it]
100%|##########| 50/50 [01:14<00:00,  1.49s/it]
Saving Context Weights for Method: 'COOP'

Model saved to /home/admin/asif.hanif/models/palm-base-novel/coop/ESC50-Actions-SEED0.pth


Time & Date = 04:24 PM , 11_Jan_2026  GST

Total Time => 0 Hours : 1 Minutes : 14 Seconds


