

##############################################
PALM: Prompt Learning in Audio Language Models
##############################################


Time & Date = 04:24 PM , 11_Jan_2026  GST



Model:    COOP
Dataset:  ESC50
Seed:     0




Loading Base and Novel Classnames ...

Creating a 16-shot dataset ...


################## Dataset Information ##################

FewShot Dataset
Root                      : /home/admin/asif.hanif/datasets/Audio-Datasets/ESC50
Split                     : train
Number of Classes         : 25
Number of Shots           : 16
Total Number of Samples   : 400
Classnames                : ['airplane', 'breathing', 'can opening', 'cat', 'chainsaw', 'clapping', 'clock alarm', 'cow', 'crackling fire', 'crow', 'crying baby', 'drinking sipping', 'engine', 'fireworks', 'footsteps', 'frog', 'hand saw', 'helicopter', 'mouse click', 'rooster', 'sneezing', 'snoring', 'vacuum cleaner', 'washing machine', 'wind']
Label to Classname        : {0: 'airplane', 1: 'breathing', 2: 'can opening', 3: 'cat', 4: 'chainsaw', 5: 'clapping', 6: 'clock alarm', 7: 'cow', 8: 'crackling fire', 9: 'crow', 10: 'crying baby', 11: 'drinking sipping', 12: 'engine', 13: 'fireworks', 14: 'footsteps', 15: 'frog', 16: 'hand saw', 17: 'helicopter', 18: 'mouse click', 19: 'rooster', 20: 'sneezing', 21: 'snoring', 22: 'vacuum cleaner', 23: 'washing machine', 24: 'wind'}
Classname to Label        : {'airplane': 0, 'breathing': 1, 'can opening': 2, 'cat': 3, 'chainsaw': 4, 'clapping': 5, 'clock alarm': 6, 'cow': 7, 'crackling fire': 8, 'crow': 9, 'crying baby': 10, 'drinking sipping': 11, 'engine': 12, 'fireworks': 13, 'footsteps': 14, 'frog': 15, 'hand saw': 16, 'helicopter': 17, 'mouse click': 18, 'rooster': 19, 'sneezing': 20, 'snoring': 21, 'vacuum cleaner': 22, 'washing machine': 23, 'wind': 24}


IMPORTANT: Training will be done only on base classes.

########################################################




################## Dataset Information ##################

Root                      : /home/admin/asif.hanif/datasets/Audio-Datasets/ESC50
Split                     : test
Number of Classes         : 25
Number of Shots           : -1
Total Number of Samples   : 200
Classnames                : ['airplane', 'breathing', 'can opening', 'cat', 'chainsaw', 'clapping', 'clock alarm', 'cow', 'crackling fire', 'crow', 'crying baby', 'drinking sipping', 'engine', 'fireworks', 'footsteps', 'frog', 'hand saw', 'helicopter', 'mouse click', 'rooster', 'sneezing', 'snoring', 'vacuum cleaner', 'washing machine', 'wind']
Label to Classname        : {0: 'airplane', 1: 'breathing', 2: 'can opening', 3: 'cat', 4: 'chainsaw', 5: 'clapping', 6: 'clock alarm', 7: 'cow', 8: 'crackling fire', 9: 'crow', 10: 'crying baby', 11: 'drinking sipping', 12: 'engine', 13: 'fireworks', 14: 'footsteps', 15: 'frog', 16: 'hand saw', 17: 'helicopter', 18: 'mouse click', 19: 'rooster', 20: 'sneezing', 21: 'snoring', 22: 'vacuum cleaner', 23: 'washing machine', 24: 'wind'}
Classname to Label        : {'airplane': 0, 'breathing': 1, 'can opening': 2, 'cat': 3, 'chainsaw': 4, 'clapping': 5, 'clock alarm': 6, 'cow': 7, 'crackling fire': 8, 'crow': 9, 'crying baby': 10, 'drinking sipping': 11, 'engine': 12, 'fireworks': 13, 'footsteps': 14, 'frog': 15, 'hand saw': 16, 'helicopter': 17, 'mouse click': 18, 'rooster': 19, 'sneezing': 20, 'snoring': 21, 'vacuum cleaner': 22, 'washing machine': 23, 'wind': 24}
########################################################


Using Method: 'COOP'



COOP: loading the weights of the pengi pre-trained audio and text encoders ...


Initializing a Generic Context for COOP ...

Arguments:

method_name              : coop
save_model               : True
save_model_path          : /home/admin/asif.hanif/models/zebra
save_model_abs_path      : None
load_model_path          : None
load_model_abs_path      : None
source_model_dataset     : None
eval_dataset             : ESC50
dataset_root             : /home/admin/asif.hanif/datasets/Audio-Datasets/ESC50
n_epochs                 : 50
start_epoch              : 0
freq_test_model          : 10
spec_aug                 : False
batch_size               : 16
lr                       : 0.05
seed                     : 0
eval_only                : False
eval_base                : True
eval_novel               : False
exp_name                 : ESC50
do_logging               : True
prompt_prefix            : The is a recording of 
n_ctx                    : 16
ctx_dim                  : 512
num_shots                : 16
resample                 : True
repeat                   : False
base_novel_all_classnames: {'base': ['airplane', 'breathing', 'can opening', 'cat', 'chainsaw', 'clapping', 'clock alarm', 'cow', 'crackling fire', 'crow', 'crying baby', 'drinking sipping', 'engine', 'fireworks', 'footsteps', 'frog', 'hand saw', 'helicopter', 'mouse click', 'rooster', 'sneezing', 'snoring', 'vacuum cleaner', 'washing machine', 'wind'], 'novel': ['brushing teeth', 'car horn', 'chirping birds', 'church bells', 'clock tick', 'coughing', 'crickets', 'dog', 'door wood creaks', 'door wood knock', 'glass breaking', 'hen', 'insects', 'keyboard typing', 'laughing', 'pig', 'pouring water', 'rain', 'sea waves', 'sheep', 'siren', 'thunderstorm', 'toilet flush', 'train', 'water drops'], 'all': ['airplane', 'breathing', 'brushing teeth', 'can opening', 'car horn', 'cat', 'chainsaw', 'chirping birds', 'church bells', 'clapping', 'clock alarm', 'clock tick', 'coughing', 'cow', 'crackling fire', 'crickets', 'crow', 'crying baby', 'dog', 'door wood creaks', 'door wood knock', 'drinking sipping', 'engine', 'fireworks', 'footsteps', 'frog', 'glass breaking', 'hand saw', 'helicopter', 'hen', 'insects', 'keyboard typing', 'laughing', 'mouse click', 'pig', 'pouring water', 'rain', 'rooster', 'sea waves', 'sheep', 'siren', 'sneezing', 'snoring', 'thunderstorm', 'toilet flush', 'train', 'vacuum cleaner', 'washing machine', 'water drops', 'wind']}
log_dir                  : logs/training/coop
json_file_path           : logs/training/coop/ESC50-SEED0-BASE.json
device                   : cuda
process_audio_fn         : <bound method PengiWrapper.preprocess_audio of <pengi.wrapper.PengiWrapper object at 0x7ec93e5dc4f0>>
classnames               : ['airplane', 'breathing', 'can opening', 'cat', 'chainsaw', 'clapping', 'clock alarm', 'cow', 'crackling fire', 'crow', 'crying baby', 'drinking sipping', 'engine', 'fireworks', 'footsteps', 'frog', 'hand saw', 'helicopter', 'mouse click', 'rooster', 'sneezing', 'snoring', 'vacuum cleaner', 'washing machine', 'wind']




  0%|          | 0/50 [00:00<?, ?it/s]
  2%|2         | 1/50 [00:04<03:34,  4.38s/it]
  4%|4         | 2/50 [00:08<03:27,  4.32s/it]
  6%|6         | 3/50 [00:12<03:21,  4.29s/it]
  8%|8         | 4/50 [00:17<03:17,  4.30s/it]

-------------------------------
Train Evaluation (Epoch 5/50)
-------------------------------

Accuracy        = 0.8800
F1-Score        = 0.8769
Precision       = 0.8811
Recall          = 0.8800
Average Loss    = 0.3952



 10%|#         | 5/50 [00:21<03:13,  4.30s/it]
 12%|#2        | 6/50 [00:25<03:09,  4.30s/it]
 14%|#4        | 7/50 [00:30<03:05,  4.30s/it]
 16%|#6        | 8/50 [00:34<03:01,  4.31s/it]
 18%|#8        | 9/50 [00:38<02:57,  4.33s/it]

-------------------------------
Train Evaluation (Epoch 10/50)
-------------------------------

Accuracy        = 0.9100
F1-Score        = 0.9096
Precision       = 0.9129
Recall          = 0.9100
Average Loss    = 0.2800




Evaluating the model (BASE only) ...
Batch 1/2
Batch 2/2


Time & Date = 04:25 PM , 11_Jan_2026  GST

Total Time => 0 Hours : 0 Minutes : 1 Seconds




-------------------------------
Test Evaluation
-------------------------------

Accuracy        = 0.9150
F1-Score        = 0.9145
Precision       = 0.9245
Recall          = 0.9150
Average Loss    = 0.2892



 20%|##        | 10/50 [00:44<03:12,  4.81s/it]
 22%|##2       | 11/50 [00:49<03:01,  4.65s/it]
 24%|##4       | 12/50 [00:53<02:52,  4.54s/it]
 26%|##6       | 13/50 [00:57<02:44,  4.43s/it]
 28%|##8       | 14/50 [01:01<02:38,  4.41s/it]

-------------------------------
Train Evaluation (Epoch 15/50)
-------------------------------

Accuracy        = 0.9325
F1-Score        = 0.9326
Precision       = 0.9346
Recall          = 0.9325
Average Loss    = 0.2169



 30%|###       | 15/50 [01:06<02:34,  4.41s/it]
 32%|###2      | 16/50 [01:10<02:28,  4.38s/it]
 34%|###4      | 17/50 [01:14<02:23,  4.35s/it]
 36%|###6      | 18/50 [01:19<02:20,  4.38s/it]
 38%|###8      | 19/50 [01:23<02:15,  4.37s/it]

-------------------------------
Train Evaluation (Epoch 20/50)
-------------------------------

Accuracy        = 0.9200
F1-Score        = 0.9199
Precision       = 0.9219
Recall          = 0.9200
Average Loss    = 0.2239




Evaluating the model (BASE only) ...
Batch 1/2
Batch 2/2


Time & Date = 04:26 PM , 11_Jan_2026  GST

Total Time => 0 Hours : 0 Minutes : 1 Seconds




-------------------------------
Test Evaluation
-------------------------------

Accuracy        = 0.9400
F1-Score        = 0.9387
Precision       = 0.9466
Recall          = 0.9400
Average Loss    = 0.2447



 40%|####      | 20/50 [01:29<02:25,  4.85s/it]
 42%|####2     | 21/50 [01:33<02:15,  4.68s/it]
 44%|####4     | 22/50 [01:38<02:07,  4.56s/it]
 46%|####6     | 23/50 [01:42<01:57,  4.36s/it]
 48%|####8     | 24/50 [01:46<01:50,  4.24s/it]

-------------------------------
Train Evaluation (Epoch 25/50)
-------------------------------

Accuracy        = 0.9450
F1-Score        = 0.9446
Precision       = 0.9474
Recall          = 0.9450
Average Loss    = 0.1652



 50%|#####     | 25/50 [01:49<01:43,  4.13s/it]
 52%|#####2    | 26/50 [01:53<01:37,  4.06s/it]
 54%|#####4    | 27/50 [01:57<01:33,  4.05s/it]
 56%|#####6    | 28/50 [02:01<01:28,  4.04s/it]
 58%|#####8    | 29/50 [02:06<01:26,  4.12s/it]

-------------------------------
Train Evaluation (Epoch 30/50)
-------------------------------

Accuracy        = 0.9500
F1-Score        = 0.9498
Precision       = 0.9518
Recall          = 0.9500
Average Loss    = 0.1724




Evaluating the model (BASE only) ...
Batch 1/2
Batch 2/2


Time & Date = 04:26 PM , 11_Jan_2026  GST

Total Time => 0 Hours : 0 Minutes : 1 Seconds




-------------------------------
Test Evaluation
-------------------------------

Accuracy        = 0.9450
F1-Score        = 0.9441
Precision       = 0.9506
Recall          = 0.9450
Average Loss    = 0.2565



 60%|######    | 30/50 [02:12<01:33,  4.68s/it]
 62%|######2   | 31/50 [02:16<01:26,  4.55s/it]
 64%|######4   | 32/50 [02:20<01:20,  4.48s/it]
 66%|######6   | 33/50 [02:24<01:15,  4.42s/it]
 68%|######8   | 34/50 [02:29<01:10,  4.42s/it]

-------------------------------
Train Evaluation (Epoch 35/50)
-------------------------------

Accuracy        = 0.9550
F1-Score        = 0.9551
Precision       = 0.9569
Recall          = 0.9550
Average Loss    = 0.1655



 70%|#######   | 35/50 [02:33<01:06,  4.43s/it]
 72%|#######2  | 36/50 [02:38<01:01,  4.38s/it]
 74%|#######4  | 37/50 [02:42<00:56,  4.34s/it]
 76%|#######6  | 38/50 [02:46<00:50,  4.23s/it]
 78%|#######8  | 39/50 [02:50<00:46,  4.25s/it]

-------------------------------
Train Evaluation (Epoch 40/50)
-------------------------------

Accuracy        = 0.9625
F1-Score        = 0.9626
Precision       = 0.9637
Recall          = 0.9625
Average Loss    = 0.1379




Evaluating the model (BASE only) ...
Batch 1/2
Batch 2/2


Time & Date = 04:27 PM , 11_Jan_2026  GST

Total Time => 0 Hours : 0 Minutes : 1 Seconds




-------------------------------
Test Evaluation
-------------------------------

Accuracy        = 0.9400
F1-Score        = 0.9380
Precision       = 0.9446
Recall          = 0.9400
Average Loss    = 0.2263



 80%|########  | 40/50 [02:56<00:48,  4.87s/it]
 82%|########2 | 41/50 [03:00<00:41,  4.61s/it]
 84%|########4 | 42/50 [03:05<00:35,  4.46s/it]
 86%|########6 | 43/50 [03:09<00:30,  4.42s/it]
 88%|########8 | 44/50 [03:13<00:26,  4.39s/it]

-------------------------------
Train Evaluation (Epoch 45/50)
-------------------------------

Accuracy        = 0.9700
F1-Score        = 0.9700
Precision       = 0.9708
Recall          = 0.9700
Average Loss    = 0.1160



 90%|######### | 45/50 [03:18<00:22,  4.40s/it]
 92%|#########2| 46/50 [03:22<00:17,  4.40s/it]
 94%|#########3| 47/50 [03:26<00:13,  4.37s/izebra
 96%|#########6| 48/50 [03:31<00:08,  4.33s/it]
 98%|#########8| 49/50 [03:35<00:04,  4.34s/it]

-------------------------------
Train Evaluation (Epoch 50/50)
-------------------------------

Accuracy        = 0.9575
F1-Score        = 0.9576
Precision       = 0.9602
Recall          = 0.9575
Average Loss    = 0.1497




Evaluating the model (BASE only) ...
Batch 1/2
Batch 2/2


Time & Date = 04:28 PM , 11_Jan_2026  GST

Total Time => 0 Hours : 0 Minutes : 1 Seconds




-------------------------------
Test Evaluation
-------------------------------

Accuracy        = 0.9450
F1-Score        = 0.9437
Precision       = 0.9516
Recall          = 0.9450
Average Loss    = 0.2220




Final Evaluation
Saving Results ...
Results Saved



100%|##########| 50/50 [03:40<00:00,  4.68s/it]
100%|##########| 50/50 [03:40<00:00,  4.42s/it]
Saving Context Weights for Method: 'COOP'

Model saved to /home/admin/asif.hanif/models/palm-base-novel/coop/ESC50-SEED0.pth


Time & Date = 04:28 PM , 11_Jan_2026  GST

Total Time => 0 Hours : 3 Minutes : 40 Seconds


