

##############################################
PALM: Prompt Learning in Audio Language Models
##############################################


Time & Date = 03:15 PM , 13_Feb_2026  GST



METHOD:   COOP
USE ZEBRA: True
Dataset:  GT-Music-Genre
Seed:     0




Loading Base and Novel Classnames ...

Creating a 16-shot dataset ...


################## Dataset Information ##################

FewShot Dataset
Root                      : /home/admin/asif.hanif/datasets/Audio-Datasets/GT-Music-Genre
Split                     : train
Number of Classes         : 5
Number of Shots           : 16
Total Number of Samples   : 80
Classnames                : ['classical', 'country', 'hiphop', 'jazz', 'rock']
Label to Classname        : {0: 'classical', 1: 'country', 2: 'hiphop', 3: 'jazz', 4: 'rock'}
Classname to Label        : {'classical': 0, 'country': 1, 'hiphop': 2, 'jazz': 3, 'rock': 4}


IMPORTANT: Training will be done only on base classes.

########################################################




################## Dataset Information ##################

Root                      : /home/admin/asif.hanif/datasets/Audio-Datasets/GT-Music-Genre
Split                     : test
Number of Classes         : 5
Number of Shots           : -1
Total Number of Samples   : 102
Classnames                : ['classical', 'country', 'hiphop', 'jazz', 'rock']
Label to Classname        : {0: 'classical', 1: 'country', 2: 'hiphop', 3: 'jazz', 4: 'rock'}
Classname to Label        : {'classical': 0, 'country': 1, 'hiphop': 2, 'jazz': 3, 'rock': 4}
########################################################


Using Method: 'COOP'



COOP: loading the weights of the pengi pre-trained audio and text encoders ...


Initializing a Generic Context for COOP ...

Arguments:

method_name              : coop
use_zebra                 : True
save_model               : True
save_model_path          : /home/admin/asif.hanif/models/zebra
save_model_abs_path      : None
load_model_path          : None
load_model_abs_path      : None
source_model_dataset     : None
eval_dataset             : GT-Music-Genre
dataset_root             : /home/admin/asif.hanif/datasets/Audio-Datasets/GT-Music-Genre
n_epochs                 : 50
start_epoch              : 0
freq_test_model          : 10
eval_last_epoch_only     : True
spec_aug                 : False
batch_size               : 16
lr                       : 0.05
seed                     : 0
eval_only                : False
eval_type                : base
exp_name                 : GT-Music-Genre
do_logging               : True
prompt_prefix            : The is a recording of 
n_ctx                    : 16
ctx_dim                  : 512
num_shots                : 16
resample                 : True
repeat                   : False
base_novel_all_classnames: {'base': ['classical', 'country', 'hiphop', 'jazz', 'rock'], 'novel': ['blues', 'disco', 'metal', 'pop', 'reggae'], 'all': ['blues', 'classical', 'country', 'disco', 'hiphop', 'jazz', 'metal', 'pop', 'reggae', 'rock']}
log_dir                  : logs/training/coop
json_file_path           : logs/training/coop/GT-Music-Genre-SEED0-BASE-ZEBRA.json
device                   : cuda
process_audio_fn         : <bound method PengiWrapper.preprocess_audio of <pengi.wrapper.PengiWrapper object at 0x74ac34b9e4f0>>
classnames               : ['classical', 'country', 'hiphop', 'jazz', 'rock']




  0%|          | 0/50 [00:00<?, ?it/s]
  2%|2         | 1/50 [00:03<03:12,  3.93s/it]
  4%|4         | 2/50 [00:06<02:25,  3.03s/it]
  6%|6         | 3/50 [00:08<02:03,  2.63s/it]
  8%|8         | 4/50 [00:11<01:59,  2.61s/it]

-------------------------------
Train Evaluation (Epoch 5/50 -- BASE)
-------------------------------

Accuracy        = 0.5500
F1-Score        = 0.5449
Precision       = 0.5674
Recall          = 0.5500
Average Loss    = 1.1297



 10%|#         | 5/50 [00:13<01:54,  2.54s/it]
 12%|#2        | 6/50 [00:15<01:48,  2.46s/it]
 14%|#4        | 7/50 [00:18<01:47,  2.51s/it]
 16%|#6        | 8/50 [00:20<01:40,  2.38s/it]
 18%|#8        | 9/50 [00:22<01:37,  2.37s/it]

-------------------------------
Train Evaluation (Epoch 10/50 -- BASE)
-------------------------------

Accuracy        = 0.6875
F1-Score        = 0.6835
Precision       = 0.6877
Recall          = 0.6875
Average Loss    = 0.8267



 20%|##        | 10/50 [00:25<01:33,  2.35s/it]
 22%|##2       | 11/50 [00:27<01:34,  2.42s/it]
 24%|##4       | 12/50 [00:30<01:30,  2.39s/it]
 26%|##6       | 13/50 [00:32<01:29,  2.41s/it]
 28%|##8       | 14/50 [00:35<01:30,  2.51s/it]

-------------------------------
Train Evaluation (Epoch 15/50 -- BASE)
-------------------------------

Accuracy        = 0.7625
F1-Score        = 0.7547
Precision       = 0.7668
Recall          = 0.7625
Average Loss    = 0.5201



 30%|###       | 15/50 [00:37<01:29,  2.56s/it]
 32%|###2      | 16/50 [00:40<01:28,  2.61s/it]
 34%|###4      | 17/50 [00:42<01:22,  2.51s/it]
 36%|###6      | 18/50 [00:45<01:16,  2.39s/it]
 38%|###8      | 19/50 [00:47<01:13,  2.39s/it]

-------------------------------
Train Evaluation (Epoch 20/50 -- BASE)
-------------------------------

Accuracy        = 0.8500
F1-Score        = 0.8494
Precision       = 0.8514
Recall          = 0.8500
Average Loss    = 0.4886



 40%|####      | 20/50 [00:50<01:14,  2.47s/it]
 42%|####2     | 21/50 [00:52<01:09,  2.41s/it]
 44%|####4     | 22/50 [00:54<01:07,  2.43s/it]
 46%|####6     | 23/50 [00:57<01:04,  2.39s/it]
 48%|####8     | 24/50 [00:59<01:03,  2.45s/it]

-------------------------------
Train Evaluation (Epoch 25/50 -- BASE)
-------------------------------

Accuracy        = 0.8000
F1-Score        = 0.8064
Precision       = 0.8354
Recall          = 0.8000
Average Loss    = 0.4093



 50%|#####     | 25/50 [01:02<01:02,  2.50s/it]
 52%|#####2    | 26/50 [01:04<00:59,  2.49s/it]
 54%|#####4    | 27/50 [01:07<00:56,  2.47s/it]
 56%|#####6    | 28/50 [01:09<00:54,  2.50s/it]
 58%|#####8    | 29/50 [01:11<00:50,  2.39s/it]

-------------------------------
Train Evaluation (Epoch 30/50 -- BASE)
-------------------------------

Accuracy        = 0.8750
F1-Score        = 0.8735
Precision       = 0.8807
Recall          = 0.8750
Average Loss    = 0.3394



 60%|######    | 30/50 [01:14<00:46,  2.31s/it]
 62%|######2   | 31/50 [01:16<00:44,  2.35s/it]
 64%|######4   | 32/50 [01:19<00:43,  2.44s/it]
 66%|######6   | 33/50 [01:21<00:41,  2.43s/it]
 68%|######8   | 34/50 [01:23<00:37,  2.37s/it]

-------------------------------
Train Evaluation (Epoch 35/50 -- BASE)
-------------------------------

Accuracy        = 0.8000
F1-Score        = 0.7960
Precision       = 0.8064
Recall          = 0.8000
Average Loss    = 0.4839



 70%|#######   | 35/50 [01:26<00:35,  2.39s/it]
 72%|#######2  | 36/50 [01:28<00:33,  2.41s/it]
 74%|#######4  | 37/50 [01:30<00:30,  2.35s/it]
 76%|#######6  | 38/50 [01:33<00:28,  2.40s/it]
 78%|#######8  | 39/50 [01:35<00:26,  2.37s/it]

-------------------------------
Train Evaluation (Epoch 40/50 -- BASE)
-------------------------------

Accuracy        = 0.8250
F1-Score        = 0.8263
Precision       = 0.8302
Recall          = 0.8250
Average Loss    = 0.3714



 80%|########  | 40/50 [01:37<00:23,  2.32s/it]
 82%|########2 | 41/50 [01:40<00:20,  2.30s/it]
 84%|########4 | 42/50 [01:42<00:18,  2.32s/it]
 86%|########6 | 43/50 [01:44<00:16,  2.35s/it]
 88%|########8 | 44/50 [01:47<00:14,  2.34s/it]

-------------------------------
Train Evaluation (Epoch 45/50 -- BASE)
-------------------------------

Accuracy        = 0.8750
F1-Score        = 0.8730
Precision       = 0.8769
Recall          = 0.8750
Average Loss    = 0.3300



 90%|######### | 45/50 [01:49<00:11,  2.32s/it]
 92%|#########2| 46/50 [01:51<00:09,  2.35s/it]
 94%|#########3| 47/50 [01:54<00:06,  2.28s/it]ZEBRA
 96%|#########6| 48/50 [01:56<00:04,  2.40s/it]
 98%|#########8| 49/50 [01:58<00:02,  2.35s/it]

-------------------------------
Train Evaluation (Epoch 50/50 -- BASE)
-------------------------------

Accuracy        = 0.9250
F1-Score        = 0.9240
Precision       = 0.9282
Recall          = 0.9250
Average Loss    = 0.3051




Evaluating the model (BASE only) ...
Batch 1/2
Batch 2/2


Time & Date = 03:18 PM , 13_Feb_2026  GST

Total Time => 0 Hours : 0 Minutes : 6 Seconds




-------------------------------
Test Evaluation -- BASE
-------------------------------

Accuracy        = 0.7941
F1-Score        = 0.8048
Precision       = 0.8092
Recall          = 0.8105
Average Loss    = 0.4448




Final Evaluation
Saving Results ...
Results Saved



100%|##########| 50/50 [02:07<00:00,  4.19s/it]
100%|##########| 50/50 [02:07<00:00,  2.55s/it]
Saving Context Weights for Method: 'COOP'

Model saved to /home/admin/asif.hanif/models/zebra/coop/GT-Music-Genre-SEED0-ZEPL.pth


Time & Date = 03:18 PM , 13_Feb_2026  GST

Total Time => 0 Hours : 2 Minutes : 7 Seconds


