

##############################################
PALM: Prompt Learning in Audio Language Models
##############################################


Time & Date = 04:31 PM , 11_Jan_2026  GST



Model:    COOP
Dataset:  NS-Instruments
Seed:     0




Loading Base and Novel Classnames ...

Creating a 16-shot dataset ...


################## Dataset Information ##################

FewShot Dataset
Root                      : /home/admin/asif.hanif/datasets/Audio-Datasets/NS-Instruments
Split                     : train
Number of Classes         : 5
Number of Shots           : 16
Total Number of Samples   : 80
Classnames                : ['bass', 'guitar', 'mallet', 'organ', 'string']
Label to Classname        : {0: 'bass', 1: 'guitar', 2: 'mallet', 3: 'organ', 4: 'string'}
Classname to Label        : {'bass': 0, 'guitar': 1, 'mallet': 2, 'organ': 3, 'string': 4}


IMPORTANT: Training will be done only on base classes.

########################################################




################## Dataset Information ##################

Root                      : /home/admin/asif.hanif/datasets/Audio-Datasets/NS-Instruments
Split                     : test
Number of Classes         : 5
Number of Shots           : -1
Total Number of Samples   : 2505
Classnames                : ['bass', 'guitar', 'mallet', 'organ', 'string']
Label to Classname        : {0: 'bass', 1: 'guitar', 2: 'mallet', 3: 'organ', 4: 'string'}
Classname to Label        : {'bass': 0, 'guitar': 1, 'mallet': 2, 'organ': 3, 'string': 4}
########################################################


Using Method: 'COOP'



COOP: loading the weights of the pengi pre-trained audio and text encoders ...


Initializing a Generic Context for COOP ...

Arguments:

method_name              : coop
save_model               : True
save_model_path          : /home/admin/asif.hanif/models/zebra
save_model_abs_path      : None
load_model_path          : None
load_model_abs_path      : None
source_model_dataset     : None
eval_dataset             : NS-Instruments
dataset_root             : /home/admin/asif.hanif/datasets/Audio-Datasets/NS-Instruments
n_epochs                 : 50
start_epoch              : 0
freq_test_model          : 10
spec_aug                 : False
batch_size               : 16
lr                       : 0.05
seed                     : 0
eval_only                : False
eval_base                : True
eval_novel               : False
exp_name                 : NS-Instruments
do_logging               : True
prompt_prefix            : The is a recording of 
n_ctx                    : 16
ctx_dim                  : 512
num_shots                : 16
resample                 : True
repeat                   : False
base_novel_all_classnames: {'base': ['bass', 'guitar', 'mallet', 'organ', 'string'], 'novel': ['brass', 'flute', 'keyboard', 'reed', 'vocal'], 'all': ['bass', 'brass', 'flute', 'guitar', 'keyboard', 'mallet', 'organ', 'reed', 'string', 'vocal']}
log_dir                  : logs/training/coop
json_file_path           : logs/training/coop/NS-Instruments-SEED0-BASE.json
device                   : cuda
process_audio_fn         : <bound method PengiWrapper.preprocess_audio of <pengi.wrapper.PengiWrapper object at 0x7403b67dc4f0>>
classnames               : ['bass', 'guitar', 'mallet', 'organ', 'string']




  0%|          | 0/50 [00:00<?, ?it/s]
  2%|2         | 1/50 [00:02<02:14,  2.75s/it]
  4%|4         | 2/50 [00:05<02:07,  2.65s/it]
  6%|6         | 3/50 [00:07<02:03,  2.64s/it]
  8%|8         | 4/50 [00:10<02:02,  2.66s/it]

-------------------------------
Train Evaluation (Epoch 5/50)
-------------------------------

Accuracy        = 0.6375
F1-Score        = 0.6186
Precision       = 0.7220
Recall          = 0.6375
Average Loss    = 0.9241



 10%|#         | 5/50 [00:13<01:57,  2.61s/it]
 12%|#2        | 6/50 [00:15<01:55,  2.62s/it]
 14%|#4        | 7/50 [00:18<01:52,  2.63s/it]
 16%|#6        | 8/50 [00:21<01:51,  2.66s/it]
 18%|#8        | 9/50 [00:23<01:49,  2.67s/it]

-------------------------------
Train Evaluation (Epoch 10/50)
-------------------------------

Accuracy        = 0.7875
F1-Score        = 0.7763
Precision       = 0.7781
Recall          = 0.7875
Average Loss    = 0.5795




Evaluating the model (BASE only) ...
Batch 1/20
Batch 2/20
Batch 3/20
Batch 4/20
Batch 5/20
Batch 6/20
Batch 7/20
Batch 8/20
Batch 9/20
Batch 10/20
Batch 11/20
Batch 12/20
Batch 13/20
Batch 14/20
Batch 15/20
Batch 16/20
Batch 17/20
Batch 18/20
Batch 19/20
Batch 20/20


Time & Date = 04:32 PM , 11_Jan_2026  GST

Total Time => 0 Hours : 0 Minutes : 40 Seconds




-------------------------------
Test Evaluation
-------------------------------

Accuracy        = 0.5190
F1-Score        = 0.5598
Precision       = 0.5471
Recall          = 0.5947
Average Loss    = 1.0878



 20%|##        | 10/50 [01:07<10:12, 15.30s/it]
 22%|##2       | 11/50 [01:10<07:26, 11.44s/it]
 24%|##4       | 12/50 [01:12<05:33,  8.78s/it]
 26%|##6       | 13/50 [01:15<04:15,  6.91s/it]
 28%|##8       | 14/50 [01:18<03:22,  5.62s/it]

-------------------------------
Train Evaluation (Epoch 15/50)
-------------------------------

Accuracy        = 0.8000
F1-Score        = 0.7910
Precision       = 0.7938
Recall          = 0.8000
Average Loss    = 0.4841



 30%|###       | 15/50 [01:20<02:44,  4.71s/it]
 32%|###2      | 16/50 [01:23<02:17,  4.06s/it]
 34%|###4      | 17/50 [01:25<01:59,  3.61s/it]
 36%|###6      | 18/50 [01:28<01:46,  3.32s/it]
 38%|###8      | 19/50 [01:31<01:36,  3.13s/it]

-------------------------------
Train Evaluation (Epoch 20/50)
-------------------------------

Accuracy        = 0.8500
F1-Score        = 0.8493
Precision       = 0.8518
Recall          = 0.8500
Average Loss    = 0.3889




Evaluating the model (BASE only) ...
Batch 1/20
Batch 2/20
Batch 3/20
Batch 4/20
Batch 5/20
Batch 6/20
Batch 7/20
Batch 8/20
Batch 9/20
Batch 10/20
Batch 11/20
Batch 12/20
Batch 13/20
Batch 14/20
Batch 15/20
Batch 16/20
Batch 17/20
Batch 18/20
Batch 19/20
Batch 20/20


Time & Date = 04:33 PM , 11_Jan_2026  GST

Total Time => 0 Hours : 0 Minutes : 41 Seconds




-------------------------------
Test Evaluation
-------------------------------

Accuracy        = 0.6060
F1-Score        = 0.6053
Precision       = 0.6121
Recall          = 0.6185
Average Loss    = 1.0442



 40%|####      | 20/50 [02:15<07:41, 15.38s/it]
 42%|####2     | 21/50 [02:17<05:36, 11.59s/it]
 44%|####4     | 22/50 [02:20<04:09,  8.90s/it]
 46%|####6     | 23/50 [02:22<03:08,  6.99s/it]
 48%|####8     | 24/50 [02:25<02:27,  5.67s/it]

-------------------------------
Train Evaluation (Epoch 25/50)
-------------------------------

Accuracy        = 0.8875
F1-Score        = 0.8832
Precision       = 0.8940
Recall          = 0.8875
Average Loss    = 0.3288



 50%|#####     | 25/50 [02:28<01:58,  4.75s/it]
 52%|#####2    | 26/50 [02:30<01:38,  4.10s/it]
 54%|#####4    | 27/50 [02:33<01:24,  3.68s/it]
 56%|#####6    | 28/50 [02:36<01:14,  3.38s/it]
 58%|#####8    | 29/50 [02:38<01:06,  3.16s/it]

-------------------------------
Train Evaluation (Epoch 30/50)
-------------------------------

Accuracy        = 0.8625
F1-Score        = 0.8572
Precision       = 0.8608
Recall          = 0.8625
Average Loss    = 0.2958




Evaluating the model (BASE only) ...
Batch 1/20
Batch 2/20
Batch 3/20
Batch 4/20
Batch 5/20
Batch 6/20
Batch 7/20
Batch 8/20
Batch 9/20
Batch 10/20
Batch 11/20
Batch 12/20
Batch 13/20
Batch 14/20
Batch 15/20
Batch 16/20
Batch 17/20
Batch 18/20
Batch 19/20
Batch 20/20


Time & Date = 04:35 PM , 11_Jan_2026  GST

Total Time => 0 Hours : 0 Minutes : 40 Seconds




-------------------------------
Test Evaluation
-------------------------------

Accuracy        = 0.6395
F1-Score        = 0.6513
Precision       = 0.6441
Recall          = 0.6731
Average Loss    = 0.9529



 60%|######    | 30/50 [03:21<05:03, 15.17s/it]
 62%|######2   | 31/50 [03:24<03:36, 11.37s/it]
 64%|######4   | 32/50 [03:26<02:36,  8.68s/it]
 66%|######6   | 33/50 [03:29<01:56,  6.85s/it]
 68%|######8   | 34/50 [03:32<01:29,  5.56s/it]

-------------------------------
Train Evaluation (Epoch 35/50)
-------------------------------

Accuracy        = 0.8125
F1-Score        = 0.8101
Precision       = 0.8176
Recall          = 0.8125
Average Loss    = 0.5086



 70%|#######   | 35/50 [03:34<01:09,  4.66s/it]
 72%|#######2  | 36/50 [03:37<00:56,  4.07s/it]
 74%|#######4  | 37/50 [03:39<00:47,  3.66s/it]
 76%|#######6  | 38/50 [03:42<00:40,  3.36s/it]
 78%|#######8  | 39/50 [03:45<00:34,  3.16s/it]

-------------------------------
Train Evaluation (Epoch 40/50)
-------------------------------

Accuracy        = 0.8625
F1-Score        = 0.8615
Precision       = 0.8639
Recall          = 0.8625
Average Loss    = 0.3508




Evaluating the model (BASE only) ...
Batch 1/20
Batch 2/20
Batch 3/20
Batch 4/20
Batch 5/20
Batch 6/20
Batch 7/20
Batch 8/20
Batch 9/20
Batch 10/20
Batch 11/20
Batch 12/20
Batch 13/20
Batch 14/20
Batch 15/20
Batch 16/20
Batch 17/20
Batch 18/20
Batch 19/20
Batch 20/20


Time & Date = 04:36 PM , 11_Jan_2026  GST

Total Time => 0 Hours : 0 Minutes : 42 Seconds




-------------------------------
Test Evaluation
-------------------------------

Accuracy        = 0.6491
F1-Score        = 0.6580
Precision       = 0.6642
Recall          = 0.6735
Average Loss    = 1.0395



 80%|########  | 40/50 [04:30<02:37, 15.77s/it]
 82%|########2 | 41/50 [04:33<01:46, 11.84s/it]
 84%|########4 | 42/50 [04:35<01:12,  9.10s/it]
 86%|########6 | 43/50 [04:38<00:50,  7.19s/it]
 88%|########8 | 44/50 [04:41<00:34,  5.83s/it]

-------------------------------
Train Evaluation (Epoch 45/50)
-------------------------------

Accuracy        = 0.8875
F1-Score        = 0.8876
Precision       = 0.8967
Recall          = 0.8875
Average Loss    = 0.3788



 90%|######### | 45/50 [04:43<00:24,  4.87s/it]
 92%|#########2| 46/50 [04:46<00:16,  4.25s/it]
 94%|#########3| 47/50 [04:49<00:11,  3.79s/it]
 96%|#########6| 48/50 [04:52<00:06,  3.47s/it]
 98%|#########8| 49/50 [04:54<00:03,  3.26s/it]

-------------------------------
Train Evaluation (Epoch 50/50)
-------------------------------

Accuracy        = 0.9125
F1-Score        = 0.9139
Precision       = 0.9172
Recall          = 0.9125
Average Loss    = 0.2351




Evaluating the model (BASE only) ...
Batch 1/20zebra
Batch 2/20
Batch 3/20
Batch 4/20
Batch 5/20
Batch 6/20
Batch 7/20
Batch 8/20
Batch 9/20
Batch 10/20
Batch 11/20
Batch 12/20
Batch 13/20
Batch 14/20
Batch 15/20
Batch 16/20
Batch 17/20
Batch 18/20
Batch 19/20
Batch 20/20


Time & Date = 04:37 PM , 11_Jan_2026  GST

Total Time => 0 Hours : 0 Minutes : 41 Seconds




-------------------------------
Test Evaluation
-------------------------------

Accuracy        = 0.6579
F1-Score        = 0.6726
Precision       = 0.6709
Recall          = 0.6870
Average Loss    = 0.9974




Final Evaluation
Saving Results ...
Results Saved



100%|##########| 50/50 [05:38<00:00, 15.47s/it]
100%|##########| 50/50 [05:38<00:00,  6.78s/it]
Saving Context Weights for Method: 'COOP'

Model saved to /home/admin/asif.hanif/models/palm-base-novel/coop/NS-Instruments-SEED0.pth


Time & Date = 04:37 PM , 11_Jan_2026  GST

Total Time => 0 Hours : 5 Minutes : 38 Seconds


