

##############################################
PALM: Prompt Learning in Audio Language Models
##############################################


Time & Date = 03:18 PM , 13_Feb_2026  GST



METHOD:   COOP
USE ZEBRA: True
Dataset:  NS-Instruments
Seed:     0




Loading Base and Novel Classnames ...

Creating a 16-shot dataset ...


################## Dataset Information ##################

FewShot Dataset
Root                      : /home/admin/asif.hanif/datasets/Audio-Datasets/NS-Instruments
Split                     : train
Number of Classes         : 5
Number of Shots           : 16
Total Number of Samples   : 80
Classnames                : ['bass', 'guitar', 'mallet', 'organ', 'string']
Label to Classname        : {0: 'bass', 1: 'guitar', 2: 'mallet', 3: 'organ', 4: 'string'}
Classname to Label        : {'bass': 0, 'guitar': 1, 'mallet': 2, 'organ': 3, 'string': 4}


IMPORTANT: Training will be done only on base classes.

########################################################




################## Dataset Information ##################

Root                      : /home/admin/asif.hanif/datasets/Audio-Datasets/NS-Instruments
Split                     : test
Number of Classes         : 5
Number of Shots           : -1
Total Number of Samples   : 2505
Classnames                : ['bass', 'guitar', 'mallet', 'organ', 'string']
Label to Classname        : {0: 'bass', 1: 'guitar', 2: 'mallet', 3: 'organ', 4: 'string'}
Classname to Label        : {'bass': 0, 'guitar': 1, 'mallet': 2, 'organ': 3, 'string': 4}
########################################################


Using Method: 'COOP'



COOP: loading the weights of the pengi pre-trained audio and text encoders ...


Initializing a Generic Context for COOP ...

Arguments:

method_name              : coop
use_zebra                 : True
save_model               : True
save_model_path          : /home/admin/asif.hanif/models/zebra
save_model_abs_path      : None
load_model_path          : None
load_model_abs_path      : None
source_model_dataset     : None
eval_dataset             : NS-Instruments
dataset_root             : /home/admin/asif.hanif/datasets/Audio-Datasets/NS-Instruments
n_epochs                 : 50
start_epoch              : 0
freq_test_model          : 10
eval_last_epoch_only     : True
spec_aug                 : False
batch_size               : 16
lr                       : 0.05
seed                     : 0
eval_only                : False
eval_type                : base
exp_name                 : NS-Instruments
do_logging               : True
prompt_prefix            : The is a recording of 
n_ctx                    : 16
ctx_dim                  : 512
num_shots                : 16
resample                 : True
repeat                   : False
base_novel_all_classnames: {'base': ['bass', 'guitar', 'mallet', 'organ', 'string'], 'novel': ['brass', 'flute', 'keyboard', 'reed', 'vocal'], 'all': ['bass', 'brass', 'flute', 'guitar', 'keyboard', 'mallet', 'organ', 'reed', 'string', 'vocal']}
log_dir                  : logs/training/coop
json_file_path           : logs/training/coop/NS-Instruments-SEED0-BASE-ZEBRA.json
device                   : cuda
process_audio_fn         : <bound method PengiWrapper.preprocess_audio of <pengi.wrapper.PengiWrapper object at 0x7435bcd5d4f0>>
classnames               : ['bass', 'guitar', 'mallet', 'organ', 'string']




  0%|          | 0/50 [00:00<?, ?it/s]
  2%|2         | 1/50 [00:02<02:09,  2.64s/it]
  4%|4         | 2/50 [00:04<01:57,  2.45s/it]
  6%|6         | 3/50 [00:07<01:52,  2.40s/it]
  8%|8         | 4/50 [00:09<01:48,  2.37s/it]

-------------------------------
Train Evaluation (Epoch 5/50 -- BASE)
-------------------------------

Accuracy        = 0.5875
F1-Score        = 0.5802
Precision       = 0.5800
Recall          = 0.5875
Average Loss    = 0.9607



 10%|#         | 5/50 [00:11<01:45,  2.34s/it]
 12%|#2        | 6/50 [00:14<01:42,  2.34s/it]
 14%|#4        | 7/50 [00:16<01:39,  2.32s/it]
 16%|#6        | 8/50 [00:18<01:37,  2.33s/it]
 18%|#8        | 9/50 [00:21<01:35,  2.33s/it]

-------------------------------
Train Evaluation (Epoch 10/50 -- BASE)
-------------------------------

Accuracy        = 0.6750
F1-Score        = 0.6630
Precision       = 0.6687
Recall          = 0.6750
Average Loss    = 0.7196



 20%|##        | 10/50 [00:23<01:33,  2.33s/it]
 22%|##2       | 11/50 [00:25<01:30,  2.32s/it]
 24%|##4       | 12/50 [00:28<01:28,  2.32s/it]
 26%|##6       | 13/50 [00:30<01:25,  2.32s/it]
 28%|##8       | 14/50 [00:32<01:23,  2.32s/it]

-------------------------------
Train Evaluation (Epoch 15/50 -- BASE)
-------------------------------

Accuracy        = 0.7500
F1-Score        = 0.7471
Precision       = 0.7520
Recall          = 0.7500
Average Loss    = 0.5191



 30%|###       | 15/50 [00:35<01:21,  2.32s/it]
 32%|###2      | 16/50 [00:37<01:18,  2.30s/it]
 34%|###4      | 17/50 [00:39<01:16,  2.32s/it]
 36%|###6      | 18/50 [00:42<01:14,  2.32s/it]
 38%|###8      | 19/50 [00:44<01:11,  2.32s/it]

-------------------------------
Train Evaluation (Epoch 20/50 -- BASE)
-------------------------------

Accuracy        = 0.8000
F1-Score        = 0.8015
Precision       = 0.8097
Recall          = 0.8000
Average Loss    = 0.4709



 40%|####      | 20/50 [00:46<01:09,  2.32s/it]
 42%|####2     | 21/50 [00:48<01:07,  2.32s/it]
 44%|####4     | 22/50 [00:51<01:05,  2.32s/it]
 46%|####6     | 23/50 [00:53<01:02,  2.32s/it]
 48%|####8     | 24/50 [00:55<01:00,  2.32s/it]

-------------------------------
Train Evaluation (Epoch 25/50 -- BASE)
-------------------------------

Accuracy        = 0.9250
F1-Score        = 0.9239
Precision       = 0.9275
Recall          = 0.9250
Average Loss    = 0.2867



 50%|#####     | 25/50 [00:58<00:57,  2.32s/it]
 52%|#####2    | 26/50 [01:00<00:55,  2.32s/it]
 54%|#####4    | 27/50 [01:02<00:53,  2.33s/it]
 56%|#####6    | 28/50 [01:05<00:51,  2.33s/it]
 58%|#####8    | 29/50 [01:07<00:48,  2.33s/it]

-------------------------------
Train Evaluation (Epoch 30/50 -- BASE)
-------------------------------

Accuracy        = 0.8375
F1-Score        = 0.8400
Precision       = 0.8455
Recall          = 0.8375
Average Loss    = 0.3971



 60%|######    | 30/50 [01:09<00:46,  2.32s/it]
 62%|######2   | 31/50 [01:12<00:44,  2.32s/it]
 64%|######4   | 32/50 [01:14<00:41,  2.32s/it]
 66%|######6   | 33/50 [01:16<00:39,  2.32s/it]
 68%|######8   | 34/50 [01:19<00:37,  2.32s/it]

-------------------------------
Train Evaluation (Epoch 35/50 -- BASE)
-------------------------------

Accuracy        = 0.9125
F1-Score        = 0.9127
Precision       = 0.9167
Recall          = 0.9125
Average Loss    = 0.2746



 70%|#######   | 35/50 [01:21<00:34,  2.33s/it]
 72%|#######2  | 36/50 [01:23<00:32,  2.34s/it]
 74%|#######4  | 37/50 [01:26<00:30,  2.33s/it]
 76%|#######6  | 38/50 [01:28<00:27,  2.33s/it]
 78%|#######8  | 39/50 [01:30<00:25,  2.33s/it]

-------------------------------
Train Evaluation (Epoch 40/50 -- BASE)
-------------------------------

Accuracy        = 0.8625
F1-Score        = 0.8603
Precision       = 0.8665
Recall          = 0.8625
Average Loss    = 0.3572



 80%|########  | 40/50 [01:33<00:23,  2.33s/it]
 82%|########2 | 41/50 [01:35<00:20,  2.32s/it]
 84%|########4 | 42/50 [01:37<00:18,  2.32s/it]
 86%|########6 | 43/50 [01:40<00:16,  2.31s/it]
 88%|########8 | 44/50 [01:42<00:13,  2.30s/it]

-------------------------------
Train Evaluation (Epoch 45/50 -- BASE)
-------------------------------

Accuracy        = 0.8250
F1-Score        = 0.8234
Precision       = 0.8297
Recall          = 0.8250
Average Loss    = 0.3404



 90%|######### | 45/50 [01:44<00:11,  2.31s/it]
 92%|#########2| 46/50 [01:47<00:09,  2.31s/it]
 94%|#########3| 47/50 [01:49<00:06,  2.30s/it]
 96%|#########6| 48/50 [01:51<00:04,  2.32s/it]
 98%|#########8| 49/50 [01:54<00:02,  2.32s/it]

-------------------------------
Train Evaluation (Epoch 50/50 -- BASE)
-------------------------------

Accuracy        = 0.8875
F1-Score        = 0.8888
Precision       = 0.9022
Recall          = 0.8875
Average Loss    = 0.3472




Evaluating the model (BASE only) ...
Batch 1/40
Batch 2/40
Batch 3/40
Batch 4/40
Batch 5/40
Batch 6/40
Batch 7/40
Batch 8/40
Batch 9/40
Batch 10/40
Batch 11/40
Batch 12/40
Batch 13/40
Batch 14/40
Batch 15/40
Batch 16/40
Batch 17/40
Batch 18/40
Batch 19/40
Batch 20/40
Batch 21/40ZEBRA
Batch 22/40
Batch 23/40
Batch 24/40
Batch 25/40
Batch 26/40
Batch 27/40
Batch 28/40
Batch 29/40
Batch 30/40
Batch 31/40
Batch 32/40
Batch 33/40
Batch 34/40
Batch 35/40
Batch 36/40
Batch 37/40
Batch 38/40
Batch 39/40
Batch 40/40


Time & Date = 03:20 PM , 13_Feb_2026  GST

Total Time => 0 Hours : 0 Minutes : 42 Seconds




-------------------------------
Test Evaluation -- BASE
-------------------------------

Accuracy        = 0.6858
F1-Score        = 0.6827
Precision       = 0.6843
Recall          = 0.7017
Average Loss    = 0.8996




Final Evaluation
Saving Results ...
Results Saved



100%|##########| 50/50 [02:39<00:00, 15.15s/it]
100%|##########| 50/50 [02:39<00:00,  3.18s/it]
Saving Context Weights for Method: 'COOP'

Model saved to /home/admin/asif.hanif/models/zebra/coop/NS-Instruments-SEED0-ZEPL.pth


Time & Date = 03:20 PM , 13_Feb_2026  GST

Total Time => 0 Hours : 2 Minutes : 39 Seconds


