

##############################################
PALM: Prompt Learning in Audio Language Models
##############################################


Time & Date = 03:21 PM , 13_Feb_2026  GST



METHOD:   COOP
USE ZEBRA: True
Dataset:  RAVDESS
Seed:     0




Loading Base and Novel Classnames ...

Creating a 16-shot dataset ...


################## Dataset Information ##################

FewShot Dataset
Root                      : /home/admin/asif.hanif/datasets/Audio-Datasets/RAVDESS
Split                     : train
Number of Classes         : 4
Number of Shots           : 16
Total Number of Samples   : 64
Classnames                : ['calm', 'disgust', 'happy', 'surprised']
Label to Classname        : {0: 'calm', 1: 'disgust', 2: 'happy', 3: 'surprised'}
Classname to Label        : {'calm': 0, 'disgust': 1, 'happy': 2, 'surprised': 3}


IMPORTANT: Training will be done only on base classes.

########################################################




################## Dataset Information ##################

Root                      : /home/admin/asif.hanif/datasets/Audio-Datasets/RAVDESS
Split                     : test
Number of Classes         : 4
Number of Shots           : -1
Total Number of Samples   : 228
Classnames                : ['calm', 'disgust', 'happy', 'surprised']
Label to Classname        : {0: 'calm', 1: 'disgust', 2: 'happy', 3: 'surprised'}
Classname to Label        : {'calm': 0, 'disgust': 1, 'happy': 2, 'surprised': 3}
########################################################


Using Method: 'COOP'



COOP: loading the weights of the pengi pre-trained audio and text encoders ...


Initializing a Generic Context for COOP ...

Arguments:

method_name              : coop
use_zebra                 : True
save_model               : True
save_model_path          : /home/admin/asif.hanif/models/zebra
save_model_abs_path      : None
load_model_path          : None
load_model_abs_path      : None
source_model_dataset     : None
eval_dataset             : RAVDESS
dataset_root             : /home/admin/asif.hanif/datasets/Audio-Datasets/RAVDESS
n_epochs                 : 50
start_epoch              : 0
freq_test_model          : 10
eval_last_epoch_only     : True
spec_aug                 : False
batch_size               : 16
lr                       : 0.05
seed                     : 0
eval_only                : False
eval_type                : base
exp_name                 : RAVDESS
do_logging               : True
prompt_prefix            : The is a recording of 
n_ctx                    : 16
ctx_dim                  : 512
num_shots                : 16
resample                 : True
repeat                   : False
base_novel_all_classnames: {'base': ['calm', 'disgust', 'happy', 'surprised'], 'novel': ['angry', 'fearful', 'neutral', 'sad'], 'all': ['angry', 'calm', 'disgust', 'fearful', 'happy', 'neutral', 'sad', 'surprised']}
log_dir                  : logs/training/coop
json_file_path           : logs/training/coop/RAVDESS-SEED0-BASE-ZEBRA.json
device                   : cuda
process_audio_fn         : <bound method PengiWrapper.preprocess_audio of <pengi.wrapper.PengiWrapper object at 0x77db1e2de4f0>>
classnames               : ['calm', 'disgust', 'happy', 'surprised']




  0%|          | 0/50 [00:00<?, ?it/s]
  2%|2         | 1/50 [00:01<01:34,  1.93s/it]
  4%|4         | 2/50 [00:03<01:17,  1.62s/it]
  6%|6         | 3/50 [00:04<01:13,  1.56s/it]
  8%|8         | 4/50 [00:06<01:08,  1.50s/it]/home/admin/.venvs/palm/lib/python3.9/site-packages/sklearn/metrics/_classification.py:1344: UndefinedMetricWarning: Precision and F-score are ill-defined and being set to 0.0 in labels with no predicted samples. Use `zero_division` parameter to control this behavior.
  _warn_prf(average, modifier, msg_start, len(result))
/home/admin/.venvs/palm/lib/python3.9/site-packages/sklearn/metrics/_classification.py:1344: UndefinedMetricWarning: Precision and F-score are ill-defined and being set to 0.0 in labels with no predicted samples. Use `zero_division` parameter to control this behavior.
  _warn_prf(average, modifier, msg_start, len(result))
/home/admin/.venvs/palm/lib/python3.9/site-packages/sklearn/metrics/_classification.py:1344: UndefinedMetricWarning: Precision and F-score are ill-defined and being set to 0.0 in labels with no predicted samples. Use `zero_division` parameter to control this behavior.
  _warn_prf(average, modifier, msg_start, len(result))


-------------------------------
Train Evaluation (Epoch 5/50 -- BASE)
-------------------------------

Accuracy        = 0.2969
F1-Score        = 0.2335
Precision       = 0.2387
Recall          = 0.2969
Average Loss    = 1.8702



 10%|#         | 5/50 [00:07<01:05,  1.46s/it]
 12%|#2        | 6/50 [00:09<01:03,  1.44s/it]
 14%|#4        | 7/50 [00:10<01:02,  1.46s/it]
 16%|#6        | 8/50 [00:11<01:00,  1.45s/it]
 18%|#8        | 9/50 [00:13<00:58,  1.43s/it]

-------------------------------
Train Evaluation (Epoch 10/50 -- BASE)
-------------------------------

Accuracy        = 0.3594
F1-Score        = 0.3243
Precision       = 0.5714
Recall          = 0.3594
Average Loss    = 1.6837



 20%|##        | 10/50 [00:14<00:57,  1.43s/it]
 22%|##2       | 11/50 [00:16<00:55,  1.41s/it]
 24%|##4       | 12/50 [00:17<00:53,  1.40s/it]
 26%|##6       | 13/50 [00:18<00:52,  1.42s/it]
 28%|##8       | 14/50 [00:20<00:50,  1.41s/it]

-------------------------------
Train Evaluation (Epoch 15/50 -- BASE)
-------------------------------

Accuracy        = 0.4375
F1-Score        = 0.4228
Precision       = 0.5492
Recall          = 0.4375
Average Loss    = 1.3779



 30%|###       | 15/50 [00:21<00:48,  1.39s/it]
 32%|###2      | 16/50 [00:23<00:47,  1.39s/it]
 34%|###4      | 17/50 [00:24<00:46,  1.41s/it]
 36%|###6      | 18/50 [00:25<00:45,  1.41s/it]
 38%|###8      | 19/50 [00:27<00:43,  1.41s/it]

-------------------------------
Train Evaluation (Epoch 20/50 -- BASE)
-------------------------------

Accuracy        = 0.4844
F1-Score        = 0.4887
Precision       = 0.4981
Recall          = 0.4844
Average Loss    = 1.0845



 40%|####      | 20/50 [00:28<00:42,  1.42s/it]
 42%|####2     | 21/50 [00:30<00:41,  1.42s/it]
 44%|####4     | 22/50 [00:31<00:39,  1.43s/it]
 46%|####6     | 23/50 [00:33<00:38,  1.43s/it]
 48%|####8     | 24/50 [00:34<00:37,  1.43s/it]

-------------------------------
Train Evaluation (Epoch 25/50 -- BASE)
-------------------------------

Accuracy        = 0.5312
F1-Score        = 0.5366
Precision       = 0.5519
Recall          = 0.5312
Average Loss    = 1.0597



 50%|#####     | 25/50 [00:35<00:35,  1.43s/it]
 52%|#####2    | 26/50 [00:37<00:33,  1.41s/it]
 54%|#####4    | 27/50 [00:38<00:32,  1.40s/it]
 56%|#####6    | 28/50 [00:40<00:30,  1.41s/it]
 58%|#####8    | 29/50 [00:41<00:29,  1.41s/it]

-------------------------------
Train Evaluation (Epoch 30/50 -- BASE)
-------------------------------

Accuracy        = 0.5781
F1-Score        = 0.5753
Precision       = 0.5735
Recall          = 0.5781
Average Loss    = 0.8728



 60%|######    | 30/50 [00:42<00:28,  1.41s/it]
 62%|######2   | 31/50 [00:44<00:26,  1.40s/it]
 64%|######4   | 32/50 [00:45<00:25,  1.40s/it]
 66%|######6   | 33/50 [00:47<00:23,  1.38s/it]
 68%|######8   | 34/50 [00:48<00:22,  1.39s/it]

-------------------------------
Train Evaluation (Epoch 35/50 -- BASE)
-------------------------------

Accuracy        = 0.6250
F1-Score        = 0.6283
Precision       = 0.6386
Recall          = 0.6250
Average Loss    = 0.8164



 70%|#######   | 35/50 [00:49<00:20,  1.39s/it]
 72%|#######2  | 36/50 [00:51<00:19,  1.40s/it]
 74%|#######4  | 37/50 [00:52<00:18,  1.40s/it]
 76%|#######6  | 38/50 [00:54<00:16,  1.41s/it]
 78%|#######8  | 39/50 [00:55<00:15,  1.41s/it]

-------------------------------
Train Evaluation (Epoch 40/50 -- BASE)
-------------------------------

Accuracy        = 0.6406
F1-Score        = 0.6420
Precision       = 0.6664
Recall          = 0.6406
Average Loss    = 0.7485



 80%|########  | 40/50 [00:56<00:14,  1.41s/it]
 82%|########2 | 41/50 [00:58<00:12,  1.40s/it]
 84%|########4 | 42/50 [00:59<00:11,  1.41s/it]
 86%|########6 | 43/50 [01:01<00:09,  1.41s/it]
 88%|########8 | 44/50 [01:02<00:08,  1.44s/it]

-------------------------------
Train Evaluation (Epoch 45/50 -- BASE)
-------------------------------

Accuracy        = 0.6875
F1-Score        = 0.6806
Precision       = 0.7236
Recall          = 0.6875
Average Loss    = 0.7708



 90%|######### | 45/50 [01:04<00:07,  1.45s/it]
 92%|#########2| 46/50 [01:05<00:05,  1.43s/it]
 94%|#########3| 47/50 [01:06<00:04,  1.43s/it]
 96%|#########6| 48/50 [01:08<00:02,  1.42s/it]
 98%|#########8| 49/50 [01:09<00:01,  1.42s/it]ZEBRA

-------------------------------
Train Evaluation (Epoch 50/50 -- BASE)
-------------------------------

Accuracy        = 0.6719
F1-Score        = 0.6685
Precision       = 0.7094
Recall          = 0.6719
Average Loss    = 0.6533




Evaluating the model (BASE only) ...
Batch 1/4
Batch 2/4
Batch 3/4
Batch 4/4


Time & Date = 03:22 PM , 13_Feb_2026  GST

Total Time => 0 Hours : 0 Minutes : 4 Seconds




-------------------------------
Test Evaluation -- BASE
-------------------------------

Accuracy        = 0.6404
F1-Score        = 0.6306
Precision       = 0.6487
Recall          = 0.6436
Average Loss    = 0.7512




Final Evaluation
Saving Results ...
Results Saved



100%|##########| 50/50 [01:15<00:00,  2.70s/it]
100%|##########| 50/50 [01:15<00:00,  1.51s/it]
Saving Context Weights for Method: 'COOP'

Model saved to /home/admin/asif.hanif/models/zebra/coop/RAVDESS-SEED0-ZEPL.pth


Time & Date = 03:22 PM , 13_Feb_2026  GST

Total Time => 0 Hours : 1 Minutes : 15 Seconds


