

##############################################
PALM: Prompt Learning in Audio Language Models
##############################################


Time & Date = 03:22 PM , 13_Feb_2026  GST



METHOD:   COOP
USE ZEBRA: True
Dataset:  SESA
Seed:     0




Loading Base and Novel Classnames ...

Creating a 16-shot dataset ...


################## Dataset Information ##################

FewShot Dataset
Root                      : /home/admin/asif.hanif/datasets/Audio-Datasets/SESA
Split                     : train
Number of Classes         : 2
Number of Shots           : 16
Total Number of Samples   : 32
Classnames                : ['casual', 'siren']
Label to Classname        : {0: 'casual', 1: 'siren'}
Classname to Label        : {'casual': 0, 'siren': 1}


IMPORTANT: Training will be done only on base classes.

########################################################




################## Dataset Information ##################

Root                      : /home/admin/asif.hanif/datasets/Audio-Datasets/SESA
Split                     : test
Number of Classes         : 2
Number of Shots           : -1
Total Number of Samples   : 45
Classnames                : ['casual', 'siren']
Label to Classname        : {0: 'casual', 1: 'siren'}
Classname to Label        : {'casual': 0, 'siren': 1}
########################################################


Using Method: 'COOP'



COOP: loading the weights of the pengi pre-trained audio and text encoders ...


Initializing a Generic Context for COOP ...

Arguments:

method_name              : coop
use_zebra                 : True
save_model               : True
save_model_path          : /home/admin/asif.hanif/models/zebra
save_model_abs_path      : None
load_model_path          : None
load_model_abs_path      : None
source_model_dataset     : None
eval_dataset             : SESA
dataset_root             : /home/admin/asif.hanif/datasets/Audio-Datasets/SESA
n_epochs                 : 50
start_epoch              : 0
freq_test_model          : 10
eval_last_epoch_only     : True
spec_aug                 : False
batch_size               : 16
lr                       : 0.05
seed                     : 0
eval_only                : False
eval_type                : base
exp_name                 : SESA
do_logging               : True
prompt_prefix            : The is a recording of 
n_ctx                    : 16
ctx_dim                  : 512
num_shots                : 16
resample                 : True
repeat                   : False
base_novel_all_classnames: {'base': ['casual', 'siren'], 'novel': ['explosion', 'gunshot'], 'all': ['casual', 'explosion', 'gunshot', 'siren']}
log_dir                  : logs/training/coop
json_file_path           : logs/training/coop/SESA-SEED0-BASE-ZEBRA.json
device                   : cuda
process_audio_fn         : <bound method PengiWrapper.preprocess_audio of <pengi.wrapper.PengiWrapper object at 0x766c8f31d4f0>>
classnames               : ['casual', 'siren']




  0%|          | 0/50 [00:00<?, ?it/s]
  2%|2         | 1/50 [00:02<01:38,  2.00s/it]
  4%|4         | 2/50 [00:03<01:29,  1.87s/it]
  6%|6         | 3/50 [00:05<01:27,  1.86s/it]
  8%|8         | 4/50 [00:07<01:22,  1.79s/it]

-------------------------------
Train Evaluation (Epoch 5/50 -- BASE)
-------------------------------

Accuracy        = 0.7812
F1-Score        = 0.7810
Precision       = 0.7824
Recall          = 0.7812
Average Loss    = 0.6717



 10%|#         | 5/50 [00:09<01:19,  1.77s/it]
 12%|#2        | 6/50 [00:10<01:17,  1.76s/it]
 14%|#4        | 7/50 [00:12<01:15,  1.77s/it]
 16%|#6        | 8/50 [00:14<01:13,  1.75s/it]
 18%|#8        | 9/50 [00:16<01:11,  1.75s/it]

-------------------------------
Train Evaluation (Epoch 10/50 -- BASE)
-------------------------------

Accuracy        = 0.9062
F1-Score        = 0.9062
Precision       = 0.9078
Recall          = 0.9062
Average Loss    = 0.3088



 20%|##        | 10/50 [00:17<01:10,  1.75s/it]
 22%|##2       | 11/50 [00:19<01:08,  1.75s/it]
 24%|##4       | 12/50 [00:21<01:05,  1.72s/it]
 26%|##6       | 13/50 [00:22<01:02,  1.70s/it]
 28%|##8       | 14/50 [00:24<01:01,  1.70s/it]

-------------------------------
Train Evaluation (Epoch 15/50 -- BASE)
-------------------------------

Accuracy        = 0.8438
F1-Score        = 0.8424
Precision       = 0.8563
Recall          = 0.8438
Average Loss    = 0.4143



 30%|###       | 15/50 [00:26<00:59,  1.71s/it]
 32%|###2      | 16/50 [00:27<00:57,  1.70s/it]
 34%|###4      | 17/50 [00:29<00:56,  1.70s/it]
 36%|###6      | 18/50 [00:31<00:54,  1.70s/it]
 38%|###8      | 19/50 [00:33<00:52,  1.70s/it]

-------------------------------
Train Evaluation (Epoch 20/50 -- BASE)
-------------------------------

Accuracy        = 0.7500
F1-Score        = 0.7490
Precision       = 0.7540
Recall          = 0.7500
Average Loss    = 0.4325



 40%|####      | 20/50 [00:34<00:51,  1.70s/it]
 42%|####2     | 21/50 [00:36<00:50,  1.74s/it]
 44%|####4     | 22/50 [00:38<00:49,  1.76s/it]
 46%|####6     | 23/50 [00:40<00:47,  1.76s/it]
 48%|####8     | 24/50 [00:41<00:46,  1.77s/it]

-------------------------------
Train Evaluation (Epoch 25/50 -- BASE)
-------------------------------

Accuracy        = 0.8750
F1-Score        = 0.8745
Precision       = 0.8810
Recall          = 0.8750
Average Loss    = 0.3214



 50%|#####     | 25/50 [00:43<00:44,  1.76s/it]
 52%|#####2    | 26/50 [00:45<00:42,  1.77s/it]
 54%|#####4    | 27/50 [00:47<00:40,  1.76s/it]
 56%|#####6    | 28/50 [00:48<00:38,  1.76s/it]
 58%|#####8    | 29/50 [00:50<00:36,  1.75s/it]

-------------------------------
Train Evaluation (Epoch 30/50 -- BASE)
-------------------------------

Accuracy        = 0.8750
F1-Score        = 0.8745
Precision       = 0.8810
Recall          = 0.8750
Average Loss    = 0.2725



 60%|######    | 30/50 [00:52<00:34,  1.74s/it]
 62%|######2   | 31/50 [00:54<00:33,  1.74s/it]
 64%|######4   | 32/50 [00:55<00:31,  1.75s/it]
 66%|######6   | 33/50 [00:57<00:29,  1.75s/it]
 68%|######8   | 34/50 [00:59<00:28,  1.75s/it]

-------------------------------
Train Evaluation (Epoch 35/50 -- BASE)
-------------------------------

Accuracy        = 0.8438
F1-Score        = 0.8424
Precision       = 0.8563
Recall          = 0.8438
Average Loss    = 0.2998



 70%|#######   | 35/50 [01:01<00:26,  1.77s/it]
 72%|#######2  | 36/50 [01:03<00:24,  1.78s/it]
 74%|#######4  | 37/50 [01:04<00:22,  1.75s/it]
 76%|#######6  | 38/50 [01:06<00:20,  1.75s/it]
 78%|#######8  | 39/50 [01:08<00:19,  1.73s/it]

-------------------------------
Train Evaluation (Epoch 40/50 -- BASE)
-------------------------------

Accuracy        = 0.9062
F1-Score        = 0.9054
Precision       = 0.9211
Recall          = 0.9062
Average Loss    = 0.2450



 80%|########  | 40/50 [01:09<00:17,  1.73s/it]
 82%|########2 | 41/50 [01:11<00:15,  1.74s/it]
 84%|########4 | 42/50 [01:13<00:14,  1.76s/it]
 86%|########6 | 43/50 [01:15<00:12,  1.74s/it]
 88%|########8 | 44/50 [01:16<00:10,  1.76s/it]

-------------------------------
Train Evaluation (Epoch 45/50 -- BASE)
-------------------------------

Accuracy        = 0.9062
F1-Score        = 0.9062
Precision       = 0.9078
Recall          = 0.9062
Average Loss    = 0.2147



 90%|######### | 45/50 [01:18<00:08,  1.75s/it]
 92%|#########2| 46/50 [01:20<00:07,  1.75s/it]ZEBRA
 94%|#########3| 47/50 [01:22<00:05,  1.73s/it]
 96%|#########6| 48/50 [01:23<00:03,  1.72s/it]
 98%|#########8| 49/50 [01:25<00:01,  1.73s/it]

-------------------------------
Train Evaluation (Epoch 50/50 -- BASE)
-------------------------------

Accuracy        = 0.9062
F1-Score        = 0.9062
Precision       = 0.9078
Recall          = 0.9062
Average Loss    = 0.2494




Evaluating the model (BASE only) ...
Batch 1/1


Time & Date = 03:24 PM , 13_Feb_2026  GST

Total Time => 0 Hours : 0 Minutes : 3 Seconds




-------------------------------
Test Evaluation -- BASE
-------------------------------

Accuracy        = 0.9111
F1-Score        = 0.9055
Precision       = 0.8981
Recall          = 0.9170
Average Loss    = 0.2149




Final Evaluation
Saving Results ...
Results Saved



100%|##########| 50/50 [01:31<00:00,  2.88s/it]
100%|##########| 50/50 [01:31<00:00,  1.82s/it]
Saving Context Weights for Method: 'COOP'

Model saved to /home/admin/asif.hanif/models/zebra/coop/SESA-SEED0-ZEPL.pth


Time & Date = 03:24 PM , 13_Feb_2026  GST

Total Time => 0 Hours : 1 Minutes : 31 Seconds


