

##############################################
PALM: Prompt Learning in Audio Language Models
##############################################


Time & Date = 03:26 PM , 13_Feb_2026  GST



METHOD:   COOP
USE ZEBRA: True
Dataset:  UrbanSound8K
Seed:     0




Loading Base and Novel Classnames ...

Creating a 16-shot dataset ...


################## Dataset Information ##################

FewShot Dataset
Root                      : /home/admin/asif.hanif/datasets/Audio-Datasets/UrbanSound8K
Split                     : train
Number of Classes         : 5
Number of Shots           : 16
Total Number of Samples   : 80
Classnames                : ['air conditioner', 'children playing', 'drilling', 'gun shot', 'street music']
Label to Classname        : {0: 'air conditioner', 1: 'children playing', 2: 'drilling', 3: 'gun shot', 4: 'street music'}
Classname to Label        : {'air conditioner': 0, 'children playing': 1, 'drilling': 2, 'gun shot': 3, 'street music': 4}


IMPORTANT: Training will be done only on base classes.

########################################################




################## Dataset Information ##################

Root                      : /home/admin/asif.hanif/datasets/Audio-Datasets/UrbanSound8K
Split                     : test
Number of Classes         : 5
Number of Shots           : -1
Total Number of Samples   : 875
Classnames                : ['air conditioner', 'children playing', 'drilling', 'gun shot', 'street music']
Label to Classname        : {0: 'air conditioner', 1: 'children playing', 2: 'drilling', 3: 'gun shot', 4: 'street music'}
Classname to Label        : {'air conditioner': 0, 'children playing': 1, 'drilling': 2, 'gun shot': 3, 'street music': 4}
########################################################


Using Method: 'COOP'



COOP: loading the weights of the pengi pre-trained audio and text encoders ...


Initializing a Generic Context for COOP ...

Arguments:

method_name              : coop
use_zebra                 : True
save_model               : True
save_model_path          : /home/admin/asif.hanif/models/zebra
save_model_abs_path      : None
load_model_path          : None
load_model_abs_path      : None
source_model_dataset     : None
eval_dataset             : UrbanSound8K
dataset_root             : /home/admin/asif.hanif/datasets/Audio-Datasets/UrbanSound8K
n_epochs                 : 50
start_epoch              : 0
freq_test_model          : 10
eval_last_epoch_only     : True
spec_aug                 : False
batch_size               : 16
lr                       : 0.05
seed                     : 0
eval_only                : False
eval_type                : base
exp_name                 : UrbanSound8K
do_logging               : True
prompt_prefix            : The is a recording of 
n_ctx                    : 16
ctx_dim                  : 512
num_shots                : 16
resample                 : True
repeat                   : False
base_novel_all_classnames: {'base': ['air conditioner', 'children playing', 'drilling', 'gun shot', 'street music'], 'novel': ['car horn', 'dog bark', 'engine idling', 'jackhammer', 'siren'], 'all': ['air conditioner', 'car horn', 'children playing', 'dog bark', 'drilling', 'engine idling', 'gun shot', 'jackhammer', 'siren', 'street music']}
log_dir                  : logs/training/coop
json_file_path           : logs/training/coop/UrbanSound8K-SEED0-BASE-ZEBRA.json
device                   : cuda
process_audio_fn         : <bound method PengiWrapper.preprocess_audio of <pengi.wrapper.PengiWrapper object at 0x78839225d4f0>>
classnames               : ['air conditioner', 'children playing', 'drilling', 'gun shot', 'street music']




  0%|          | 0/50 [00:00<?, ?it/s]
  2%|2         | 1/50 [00:02<02:13,  2.72s/it]
  4%|4         | 2/50 [00:04<01:30,  1.89s/it]
  6%|6         | 3/50 [00:05<01:18,  1.66s/it]
  8%|8         | 4/50 [00:06<01:12,  1.57s/it]

-------------------------------
Train Evaluation (Epoch 5/50 -- BASE)
-------------------------------

Accuracy        = 0.8125
F1-Score        = 0.8128
Precision       = 0.8143
Recall          = 0.8125
Average Loss    = 0.5170



 10%|#         | 5/50 [00:08<01:07,  1.50s/it]
 12%|#2        | 6/50 [00:09<01:04,  1.47s/it]
 14%|#4        | 7/50 [00:10<01:01,  1.43s/it]
 16%|#6        | 8/50 [00:12<00:59,  1.42s/it]
 18%|#8        | 9/50 [00:13<00:58,  1.44s/it]

-------------------------------
Train Evaluation (Epoch 10/50 -- BASE)
-------------------------------

Accuracy        = 0.8375
F1-Score        = 0.8365
Precision       = 0.8402
Recall          = 0.8375
Average Loss    = 0.3248



 20%|##        | 10/50 [00:15<00:57,  1.43s/it]
 22%|##2       | 11/50 [00:16<00:54,  1.40s/it]
 24%|##4       | 12/50 [00:17<00:52,  1.38s/it]
 26%|##6       | 13/50 [00:19<00:50,  1.38s/it]
 28%|##8       | 14/50 [00:20<00:49,  1.38s/it]

-------------------------------
Train Evaluation (Epoch 15/50 -- BASE)
-------------------------------

Accuracy        = 0.9500
F1-Score        = 0.9497
Precision       = 0.9567
Recall          = 0.9500
Average Loss    = 0.1210



 30%|###       | 15/50 [00:22<00:48,  1.37s/it]
 32%|###2      | 16/50 [00:23<00:46,  1.37s/it]
 34%|###4      | 17/50 [00:24<00:45,  1.37s/it]
 36%|###6      | 18/50 [00:26<00:44,  1.38s/it]
 38%|###8      | 19/50 [00:27<00:43,  1.40s/it]

-------------------------------
Train Evaluation (Epoch 20/50 -- BASE)
-------------------------------

Accuracy        = 0.9250
F1-Score        = 0.9253
Precision       = 0.9275
Recall          = 0.9250
Average Loss    = 0.1810



 40%|####      | 20/50 [00:29<00:42,  1.40s/it]
 42%|####2     | 21/50 [00:30<00:40,  1.40s/it]
 44%|####4     | 22/50 [00:31<00:39,  1.41s/it]
 46%|####6     | 23/50 [00:33<00:38,  1.42s/it]
 48%|####8     | 24/50 [00:34<00:36,  1.42s/it]

-------------------------------
Train Evaluation (Epoch 25/50 -- BASE)
-------------------------------

Accuracy        = 0.9875
F1-Score        = 0.9875
Precision       = 0.9882
Recall          = 0.9875
Average Loss    = 0.0957



 50%|#####     | 25/50 [00:36<00:35,  1.40s/it]
 52%|#####2    | 26/50 [00:37<00:33,  1.41s/it]
 54%|#####4    | 27/50 [00:38<00:31,  1.39s/it]
 56%|#####6    | 28/50 [00:40<00:30,  1.39s/it]
 58%|#####8    | 29/50 [00:41<00:29,  1.40s/it]

-------------------------------
Train Evaluation (Epoch 30/50 -- BASE)
-------------------------------

Accuracy        = 0.9750
F1-Score        = 0.9750
Precision       = 0.9765
Recall          = 0.9750
Average Loss    = 0.1199



 60%|######    | 30/50 [00:42<00:27,  1.38s/it]
 62%|######2   | 31/50 [00:44<00:25,  1.36s/it]
 64%|######4   | 32/50 [00:45<00:25,  1.40s/it]
 66%|######6   | 33/50 [00:47<00:23,  1.41s/it]
 68%|######8   | 34/50 [00:48<00:22,  1.41s/it]

-------------------------------
Train Evaluation (Epoch 35/50 -- BASE)
-------------------------------

Accuracy        = 0.9500
F1-Score        = 0.9490
Precision       = 0.9542
Recall          = 0.9500
Average Loss    = 0.1367



 70%|#######   | 35/50 [00:50<00:21,  1.41s/it]
 72%|#######2  | 36/50 [00:51<00:19,  1.41s/it]
 74%|#######4  | 37/50 [00:52<00:18,  1.41s/it]
 76%|#######6  | 38/50 [00:54<00:16,  1.41s/it]
 78%|#######8  | 39/50 [00:55<00:15,  1.41s/it]

-------------------------------
Train Evaluation (Epoch 40/50 -- BASE)
-------------------------------

Accuracy        = 0.9375
F1-Score        = 0.9386
Precision       = 0.9417
Recall          = 0.9375
Average Loss    = 0.1417



 80%|########  | 40/50 [00:57<00:14,  1.41s/it]
 82%|########2 | 41/50 [00:58<00:12,  1.41s/it]
 84%|########4 | 42/50 [00:59<00:11,  1.41s/it]
 86%|########6 | 43/50 [01:01<00:09,  1.40s/it]
 88%|########8 | 44/50 [01:02<00:08,  1.44s/it]

-------------------------------
Train Evaluation (Epoch 45/50 -- BASE)
-------------------------------

Accuracy        = 0.9750
F1-Score        = 0.9750
Precision       = 0.9757
Recall          = 0.9750
Average Loss    = 0.0914



 90%|######### | 45/50 [01:04<00:07,  1.42s/it]
 92%|#########2| 46/50 [01:05<00:05,  1.43s/it]
 94%|#########3| 47/50 [01:07<00:04,  1.40s/it]
 96%|#########6| 48/50 [01:08<00:02,  1.39s/it]
 98%|#########8| 49/50 [01:09<00:01,  1.36s/it]

-------------------------------
Train Evaluation (Epoch 50/50 -- BASE)
-------------------------------

Accuracy        = 0.9500
F1-Score        = 0.9500
Precision       = 0.9507
Recall          = 0.9500
Average Loss    = 0.1377ZEBRA




Evaluating the model (BASE only) ...
Batch 1/14
Batch 2/14
Batch 3/14
Batch 4/14
Batch 5/14
Batch 6/14
Batch 7/14
Batch 8/14
Batch 9/14
Batch 10/14
Batch 11/14
Batch 12/14
Batch 13/14
Batch 14/14


Time & Date = 03:28 PM , 13_Feb_2026  GST

Total Time => 0 Hours : 0 Minutes : 24 Seconds




-------------------------------
Test Evaluation -- BASE
-------------------------------

Accuracy        = 0.8434
F1-Score        = 0.8615
Precision       = 0.8669
Recall          = 0.8613
Average Loss    = 0.4897




Final Evaluation
Saving Results ...
Results Saved



100%|##########| 50/50 [01:35<00:00,  8.68s/it]
100%|##########| 50/50 [01:35<00:00,  1.91s/it]
Saving Context Weights for Method: 'COOP'

Model saved to /home/admin/asif.hanif/models/zebra/coop/UrbanSound8K-SEED0-ZEPL.pth


Time & Date = 03:28 PM , 13_Feb_2026  GST

Total Time => 0 Hours : 1 Minutes : 35 Seconds


