

##############################################
PALM: Prompt Learning in Audio Language Models
##############################################


Time & Date = 03:28 PM , 13_Feb_2026  GST



METHOD:   COOP
USE ZEBRA: True
Dataset:  VocalSound
Seed:     0




Loading Base and Novel Classnames ...

Creating a 16-shot dataset ...


################## Dataset Information ##################

FewShot Dataset
Root                      : /home/admin/asif.hanif/datasets/Audio-Datasets/VocalSound
Split                     : train
Number of Classes         : 3
Number of Shots           : 16
Total Number of Samples   : 48
Classnames                : ['Cough', 'Sniff', 'Throat clearing']
Label to Classname        : {0: 'Cough', 1: 'Sniff', 2: 'Throat clearing'}
Classname to Label        : {'Cough': 0, 'Sniff': 1, 'Throat clearing': 2}


IMPORTANT: Training will be done only on base classes.

########################################################




################## Dataset Information ##################

Root                      : /home/admin/asif.hanif/datasets/Audio-Datasets/VocalSound
Split                     : test
Number of Classes         : 3
Number of Shots           : -1
Total Number of Samples   : 1796
Classnames                : ['Cough', 'Sniff', 'Throat clearing']
Label to Classname        : {0: 'Cough', 1: 'Sniff', 2: 'Throat clearing'}
Classname to Label        : {'Cough': 0, 'Sniff': 1, 'Throat clearing': 2}
########################################################


Using Method: 'COOP'



COOP: loading the weights of the pengi pre-trained audio and text encoders ...


Initializing a Generic Context for COOP ...

Arguments:

method_name              : coop
use_zebra                 : True
save_model               : True
save_model_path          : /home/admin/asif.hanif/models/zebra
save_model_abs_path      : None
load_model_path          : None
load_model_abs_path      : None
source_model_dataset     : None
eval_dataset             : VocalSound
dataset_root             : /home/admin/asif.hanif/datasets/Audio-Datasets/VocalSound
n_epochs                 : 50
start_epoch              : 0
freq_test_model          : 10
eval_last_epoch_only     : True
spec_aug                 : False
batch_size               : 16
lr                       : 0.05
seed                     : 0
eval_only                : False
eval_type                : base
exp_name                 : VocalSound
do_logging               : True
prompt_prefix            : The is a recording of 
n_ctx                    : 16
ctx_dim                  : 512
num_shots                : 16
resample                 : True
repeat                   : False
base_novel_all_classnames: {'base': ['Cough', 'Sniff', 'Throat clearing'], 'novel': ['Laughter', 'Sigh', 'Sneeze'], 'all': ['Cough', 'Laughter', 'Sigh', 'Sneeze', 'Sniff', 'Throat clearing']}
log_dir                  : logs/training/coop
json_file_path           : logs/training/coop/VocalSound-SEED0-BASE-ZEBRA.json
device                   : cuda
process_audio_fn         : <bound method PengiWrapper.preprocess_audio of <pengi.wrapper.PengiWrapper object at 0x76c5845dd4f0>>
classnames               : ['Cough', 'Sniff', 'Throat clearing']




  0%|          | 0/50 [00:00<?, ?it/s]
  2%|2         | 1/50 [00:01<01:17,  1.58s/it]
  4%|4         | 2/50 [00:02<01:05,  1.36s/it]
  6%|6         | 3/50 [00:03<01:00,  1.28s/it]
  8%|8         | 4/50 [00:05<00:58,  1.27s/it]

-------------------------------
Train Evaluation (Epoch 5/50 -- BASE)
-------------------------------

Accuracy        = 0.5417
F1-Score        = 0.5245
Precision       = 0.5350
Recall          = 0.5417
Average Loss    = 0.8502



 10%|#         | 5/50 [00:06<00:56,  1.25s/it]
 12%|#2        | 6/50 [00:07<00:55,  1.27s/it]
 14%|#4        | 7/50 [00:09<00:54,  1.27s/it]
 16%|#6        | 8/50 [00:10<00:52,  1.24s/it]
 18%|#8        | 9/50 [00:11<00:51,  1.25s/it]

-------------------------------
Train Evaluation (Epoch 10/50 -- BASE)
-------------------------------

Accuracy        = 0.6458
F1-Score        = 0.6456
Precision       = 0.6529
Recall          = 0.6458
Average Loss    = 0.6747



 20%|##        | 10/50 [00:12<00:49,  1.23s/it]
 22%|##2       | 11/50 [00:13<00:48,  1.25s/it]
 24%|##4       | 12/50 [00:15<00:48,  1.27s/it]
 26%|##6       | 13/50 [00:16<00:46,  1.25s/it]
 28%|##8       | 14/50 [00:17<00:44,  1.23s/it]

-------------------------------
Train Evaluation (Epoch 15/50 -- BASE)
-------------------------------

Accuracy        = 0.7292
F1-Score        = 0.7303
Precision       = 0.7325
Recall          = 0.7292
Average Loss    = 0.5069



 30%|###       | 15/50 [00:18<00:42,  1.22s/it]
 32%|###2      | 16/50 [00:20<00:41,  1.23s/it]
 34%|###4      | 17/50 [00:21<00:40,  1.23s/it]
 36%|###6      | 18/50 [00:22<00:39,  1.25s/it]
 38%|###8      | 19/50 [00:23<00:37,  1.22s/it]

-------------------------------
Train Evaluation (Epoch 20/50 -- BASE)
-------------------------------

Accuracy        = 0.7292
F1-Score        = 0.7060
Precision       = 0.7240
Recall          = 0.7292
Average Loss    = 0.5833



 40%|####      | 20/50 [00:24<00:36,  1.21s/it]
 42%|####2     | 21/50 [00:26<00:35,  1.23s/it]
 44%|####4     | 22/50 [00:27<00:34,  1.22s/it]
 46%|####6     | 23/50 [00:28<00:32,  1.21s/it]
 48%|####8     | 24/50 [00:29<00:31,  1.21s/it]

-------------------------------
Train Evaluation (Epoch 25/50 -- BASE)
-------------------------------

Accuracy        = 0.7708
F1-Score        = 0.7653
Precision       = 0.7630
Recall          = 0.7708
Average Loss    = 0.4424



 50%|#####     | 25/50 [00:30<00:29,  1.19s/it]
 52%|#####2    | 26/50 [00:32<00:28,  1.20s/it]
 54%|#####4    | 27/50 [00:33<00:28,  1.22s/it]
 56%|#####6    | 28/50 [00:34<00:27,  1.23s/it]
 58%|#####8    | 29/50 [00:36<00:26,  1.25s/it]

-------------------------------
Train Evaluation (Epoch 30/50 -- BASE)
-------------------------------

Accuracy        = 0.8542
F1-Score        = 0.8538
Precision       = 0.8730
Recall          = 0.8542
Average Loss    = 0.4411



 60%|######    | 30/50 [00:37<00:25,  1.27s/it]
 62%|######2   | 31/50 [00:38<00:23,  1.26s/it]
 64%|######4   | 32/50 [00:39<00:22,  1.24s/it]
 66%|######6   | 33/50 [00:41<00:21,  1.25s/it]
 68%|######8   | 34/50 [00:42<00:19,  1.24s/it]

-------------------------------
Train Evaluation (Epoch 35/50 -- BASE)
-------------------------------

Accuracy        = 0.8750
F1-Score        = 0.8707
Precision       = 0.8847
Recall          = 0.8750
Average Loss    = 0.3566



 70%|#######   | 35/50 [00:43<00:18,  1.23s/it]
 72%|#######2  | 36/50 [00:44<00:16,  1.21s/it]
 74%|#######4  | 37/50 [00:45<00:16,  1.25s/it]
 76%|#######6  | 38/50 [00:47<00:15,  1.26s/it]
 78%|#######8  | 39/50 [00:48<00:13,  1.26s/it]

-------------------------------
Train Evaluation (Epoch 40/50 -- BASE)
-------------------------------

Accuracy        = 0.8333
F1-Score        = 0.8366
Precision       = 0.8583
Recall          = 0.8333
Average Loss    = 0.4759



 80%|########  | 40/50 [00:49<00:12,  1.23s/it]
 82%|########2 | 41/50 [00:50<00:11,  1.24s/it]
 84%|########4 | 42/50 [00:52<00:09,  1.22s/it]
 86%|########6 | 43/50 [00:53<00:08,  1.20s/it]
 88%|########8 | 44/50 [00:54<00:07,  1.21s/it]

-------------------------------
Train Evaluation (Epoch 45/50 -- BASE)
-------------------------------

Accuracy        = 0.8333
F1-Score        = 0.8243
Precision       = 0.8518
Recall          = 0.8333
Average Loss    = 0.3036



 90%|######### | 45/50 [00:55<00:06,  1.25s/it]
 92%|#########2| 46/50 [00:57<00:04,  1.25s/it]
 94%|#########3| 47/50 [00:58<00:03,  1.23s/it]
 96%|#########6| 48/50 [00:59<00:02,  1.22s/it]
 98%|#########8| 49/50 [01:00<00:01,  1.22s/it]

-------------------------------
Train Evaluation (Epoch 50/50 -- BASE)
-------------------------------

Accuracy        = 0.8958
F1-Score        = 0.8957
Precision       = 0.8967
Recall          = 0.8958
Average Loss    = 0.3366




Evaluating the model (BASE only) ...
Batch 1/29
Batch 2/29
Batch 3/29
Batch 4/29
Batch 5/29
Batch 6/29
Batch 7/29
Batch 8/29
Batch 9/29
Batch 10/29ZEBRA
Batch 11/29
Batch 12/29
Batch 13/29
Batch 14/29
Batch 15/29
Batch 16/29
Batch 17/29
Batch 18/29
Batch 19/29
Batch 20/29
Batch 21/29
Batch 22/29
Batch 23/29
Batch 24/29
Batch 25/29
Batch 26/29
Batch 27/29
Batch 28/29
Batch 29/29


Time & Date = 03:30 PM , 13_Feb_2026  GST

Total Time => 0 Hours : 0 Minutes : 19 Seconds




-------------------------------
Test Evaluation -- BASE
-------------------------------

Accuracy        = 0.8023
F1-Score        = 0.8007
Precision       = 0.8051
Recall          = 0.8024
Average Loss    = 0.4607




Final Evaluation
Saving Results ...
Results Saved



100%|##########| 50/50 [01:21<00:00,  7.20s/it]
100%|##########| 50/50 [01:21<00:00,  1.64s/it]
Saving Context Weights for Method: 'COOP'

Model saved to /home/admin/asif.hanif/models/zebra/coop/VocalSound-SEED0-ZEPL.pth


Time & Date = 03:30 PM , 13_Feb_2026  GST

Total Time => 0 Hours : 1 Minutes : 21 Seconds


